Archive member included to satisfy reference by file (symbol)

/opt/devkitpro/libgba/lib/libmm.a(mm_mas.o)
                              bn_hw_audio.bn_noflto.o (mmStart)
/opt/devkitpro/libgba/lib/libmm.a(mm_main.o)
                              /opt/devkitpro/libgba/lib/libmm.a(mm_mas.o) (mmCallback)
/opt/devkitpro/libgba/lib/libmm.a(mm_effect.o)
                              bn_hw_audio.bn_noflto.o (mmEffect)
/opt/devkitpro/libgba/lib/libmm.a(mm_mas_arm.o)
                              /opt/devkitpro/libgba/lib/libmm.a(mm_mas.o) (mmAllocChannel)
/opt/devkitpro/libgba/lib/libmm.a(mm_mixer_gba.o)
                              bn_hw_audio.bn_noflto.o (mmVBlank)
/opt/devkitpro/libgba/lib/libmm.a(mm_main_gba.o)
                              /opt/devkitpro/libgba/lib/libmm.a(mm_mixer_gba.o) (mm_vblank_function)
/opt/devkitpro/devkitARM/bin/../lib/gcc/arm-none-eabi/12.2.0/thumb/libgcc.a(_call_via_rX.o)
                              /opt/devkitpro/libgba/lib/libmm.a(mm_main_gba.o) (_call_via_r1)
/opt/devkitpro/devkitARM/bin/../lib/gcc/arm-none-eabi/12.2.0/thumb/libgcc.a(_aeabi_ldivmod.o)
                              bn_hw_text.o (__aeabi_ldivmod)
/opt/devkitpro/devkitARM/bin/../lib/gcc/arm-none-eabi/12.2.0/thumb/libgcc.a(_aeabi_uldivmod.o)
                              bn_hw_text.o (__aeabi_uldivmod)
/opt/devkitpro/devkitARM/bin/../lib/gcc/arm-none-eabi/12.2.0/thumb/libgcc.a(_udivmoddi4.o)
                              /opt/devkitpro/devkitARM/bin/../lib/gcc/arm-none-eabi/12.2.0/thumb/libgcc.a(_aeabi_ldivmod.o) (__udivmoddi4)
/opt/devkitpro/devkitARM/bin/../lib/gcc/arm-none-eabi/12.2.0/../../../../arm-none-eabi/lib/thumb/libg.a(lib_a-init.o)
                              /opt/devkitpro/devkitARM/bin/../lib/gcc/arm-none-eabi/12.2.0/../../../../arm-none-eabi/lib/thumb/gba_crt0.o (__libc_init_array)
/opt/devkitpro/devkitARM/bin/../lib/gcc/arm-none-eabi/12.2.0/../../../../arm-none-eabi/lib/thumb/libsysbase.a(malloc_vars.o)
                              /opt/devkitpro/devkitARM/bin/../lib/gcc/arm-none-eabi/12.2.0/../../../../arm-none-eabi/lib/thumb/gba_crt0.o (fake_heap_end)

Discarded input sections

 .text          0x0000000000000000        0x0 /opt/devkitpro/devkitARM/bin/../lib/gcc/arm-none-eabi/12.2.0/../../../../arm-none-eabi/lib/thumb/gba_crt0.o
 .data          0x0000000000000000        0x0 /opt/devkitpro/devkitARM/bin/../lib/gcc/arm-none-eabi/12.2.0/../../../../arm-none-eabi/lib/thumb/gba_crt0.o
 .bss           0x0000000000000000        0x0 /opt/devkitpro/devkitARM/bin/../lib/gcc/arm-none-eabi/12.2.0/../../../../arm-none-eabi/lib/thumb/gba_crt0.o
 .text          0x0000000000000000        0x0 /opt/devkitpro/devkitARM/bin/../lib/gcc/arm-none-eabi/12.2.0/thumb/crti.o
 .data          0x0000000000000000        0x0 /opt/devkitpro/devkitARM/bin/../lib/gcc/arm-none-eabi/12.2.0/thumb/crti.o
 .bss           0x0000000000000000        0x0 /opt/devkitpro/devkitARM/bin/../lib/gcc/arm-none-eabi/12.2.0/thumb/crti.o
 .text          0x0000000000000000        0x0 /opt/devkitpro/devkitARM/bin/../lib/gcc/arm-none-eabi/12.2.0/thumb/crtbegin.o
 .data          0x0000000000000000        0x0 /opt/devkitpro/devkitARM/bin/../lib/gcc/arm-none-eabi/12.2.0/thumb/crtbegin.o
 .bss           0x0000000000000000        0x0 /opt/devkitpro/devkitARM/bin/../lib/gcc/arm-none-eabi/12.2.0/thumb/crtbegin.o
 .rodata.all_implied_fbits
                0x0000000000000000       0x24 /opt/devkitpro/devkitARM/bin/../lib/gcc/arm-none-eabi/12.2.0/thumb/crtbegin.o
 .data.__dso_handle
                0x0000000000000000        0x4 /opt/devkitpro/devkitARM/bin/../lib/gcc/arm-none-eabi/12.2.0/thumb/crtbegin.o
 .text          0x0000000000000000        0x0 _bn_audio_soundbank.bin.o
 .data          0x0000000000000000        0x0 _bn_audio_soundbank.bin.o
 .bss           0x0000000000000000        0x0 _bn_audio_soundbank.bin.o
 .text          0x0000000000000000        0x0 apple_bn_gfx.o
 .data          0x0000000000000000        0x0 apple_bn_gfx.o
 .bss           0x0000000000000000        0x0 apple_bn_gfx.o
 .text          0x0000000000000000        0x0 background_bn_gfx.o
 .data          0x0000000000000000        0x0 background_bn_gfx.o
 .bss           0x0000000000000000        0x0 background_bn_gfx.o
 .text          0x0000000000000000        0x0 bgdesert_bn_gfx.o
 .data          0x0000000000000000        0x0 bgdesert_bn_gfx.o
 .bss           0x0000000000000000        0x0 bgdesert_bn_gfx.o
 .text          0x0000000000000000        0x0 bggrass_bn_gfx.o
 .data          0x0000000000000000        0x0 bggrass_bn_gfx.o
 .bss           0x0000000000000000        0x0 bggrass_bn_gfx.o
 .text          0x0000000000000000        0x0 bgnight_bn_gfx.o
 .data          0x0000000000000000        0x0 bgnight_bn_gfx.o
 .bss           0x0000000000000000        0x0 bgnight_bn_gfx.o
 .text          0x0000000000000000        0x0 bgocean_bn_gfx.o
 .data          0x0000000000000000        0x0 bgocean_bn_gfx.o
 .bss           0x0000000000000000        0x0 bgocean_bn_gfx.o
[...]
Memory Configuration

Name             Origin             Length             Attributes
rom              0x0000000008000000 0x0000000002000000
iwram            0x0000000003000000 0x0000000000008000
ewram            0x0000000002000000 0x0000000000040000
*default*        0x0000000000000000 0xffffffffffffffff

Linker script and memory map

                0x0000000008000000                __text_start = ORIGIN (rom)
                0x0000000002040000                __eheap_end = (ORIGIN (ewram) + LENGTH (ewram))
                0x0000000003000000                __iwram_start = ORIGIN (iwram)
                0x0000000003008000                __iwram_top = (ORIGIN (iwram) + LENGTH (iwram))
                0x0000000003007fa0                __sp_irq = (__iwram_top - 0x60)
                0x0000000003007f00                __sp_usr = (__sp_irq - 0xa0)
                0x0000000003007ff8                __irq_flags = 0x3007ff8
                0x0000000008000000                . = __text_start

.crt0           0x0000000008000000      0x210
 *(.crt0)
 .crt0          0x0000000008000000      0x210 /opt/devkitpro/devkitARM/bin/../lib/gcc/arm-none-eabi/12.2.0/../../../../arm-none-eabi/lib/thumb/gba_crt0.o
                0x0000000008000000                _start
                0x00000000080000c4                __boot_method
                0x00000000080000c5                __slave_number
                0x00000000080000e0                start_vector
                0x0000000008000210                . = ALIGN (0x4)

.init           0x0000000008000210        0xc
 *(SORT_NONE(.init))
 .init          0x0000000008000210        0x4 /opt/devkitpro/devkitARM/bin/../lib/gcc/arm-none-eabi/12.2.0/thumb/crti.o
                0x0000000008000210                _init
 .init          0x0000000008000214        0x8 /opt/devkitpro/devkitARM/bin/../lib/gcc/arm-none-eabi/12.2.0/thumb/crtn.o

.plt            0x000000000800021c        0x0
 *(.plt)
                0x000000000800021c                . = ALIGN (0x4)

.text           0x0000000008000220    0x181b0
 *(EXCLUDE_FILE(*.iwram*) .text*)
 .text.__do_global_dtors_aux
                0x0000000008000220       0x2c /opt/devkitpro/devkitARM/bin/../lib/gcc/arm-none-eabi/12.2.0/thumb/crtbegin.o
 .text.frame_dummy
                0x000000000800024c       0x24 /opt/devkitpro/devkitARM/bin/../lib/gcc/arm-none-eabi/12.2.0/thumb/crtbegin.o
 .text._ZN3_bn6assert9show_argsIA16_ciEEvPKcS4_S4_iRKT_RKT0_
                0x0000000008000270       0x58 common_info.o
                0x0000000008000270                void _bn::assert::show_args<char [16], int>(char const*, char const*, char const*, int, char const (&) [16], int const&)
 .text._ZN3_bn6assert9show_argsIA15_ciEEvPKcS4_S4_iRKT_RKT0_
                0x00000000080002c8       0x58 common_stats.o
                0x00000000080002c8                void _bn::assert::show_args<char [15], int>(char const*, char const*, char const*, int, char const (&) [15], int const&)
 .text._Z13optionsScreenN2bn21sprite_text_generatorE
                0x0000000008000320      0x3b0 main.o
                0x0000000008000320                optionsScreen(bn::sprite_text_generator)
 .text._Z11titleScreenN2bn21sprite_text_generatorE
                0x00000000080006d0      0x2ec main.o
                0x00000000080006d0                titleScreen(bn::sprite_text_generator)
 .text._Z7unpauseN2bn21sprite_text_generatorE
                0x00000000080009bc      0x128 main.o
                0x00000000080009bc                unpause(bn::sprite_text_generator)
 .text._ZN3_bn6assert9show_argsIJA19_ciA4_ciEEEvPKcS5_S5_iDpRKT_
                0x0000000008000ae4       0x6c main.o
                0x0000000008000ae4                void _bn::assert::show_args<char [19], int, char [4], int>(char const*, char const*, char const*, int, char const (&) [19], int const&, char const (&) [4], int const&)
 .text._ZN3_bn6assert9show_argsIJA16_ciA4_ciEEEvPKcS5_S5_iDpRKT_
                0x0000000008000b50       0x6c main.o
                0x0000000008000b50                void _bn::assert::show_args<char [16], int, char [4], int>(char const*, char const*, char const*, int, char const (&) [16], int const&, char const (&) [4], int const&)
 .text._ZN4snek3dieEv
                0x0000000008000bbc      0x2dc main.o
                0x0000000008000bbc                snek::die()
 .text._ZN3_bn6assert9show_argsIA15_cEEvPKcS4_S4_iRKT_
                0x0000000008000e98       0x50 main.o
                0x0000000008000e98                void _bn::assert::show_args<char [15]>(char const*, char const*, char const*, int, char const (&) [15])
 .text._ZN3_bn6assert9show_argsIA14_cEEvPKcS4_S4_iRKT_
                0x0000000008000ee8       0x50 main.o
                0x0000000008000ee8                void _bn::assert::show_args<char [14]>(char const*, char const*, char const*, int, char const (&) [14])
 .text._ZN2bn5ilistIiE4backEv.part.0
                0x0000000008000f38       0x28 main.o
 .text._ZN3_bn6assert9show_argsIA22_cEEvPKcS4_S4_iRKT_
                0x0000000008000f60       0x50 main.o
                0x0000000008000f60                void _bn::assert::show_args<char [22]>(char const*, char const*, char const*, int, char const (&) [22])
 .text._ZN5apple5placeEv
                0x0000000008000fb0       0xf4 main.o
                0x0000000008000fb0                apple::place()
 .text._ZN5appleC2Ev
                0x00000000080010a4       0x70 main.o
                0x00000000080010a4                apple::apple()
                0x00000000080010a4                apple::apple()
 .text._ZN8bodyPartC2E4pos2N2bn10sprite_ptrEii
                0x0000000008001114      0x134 main.o
                0x0000000008001114                bodyPart::bodyPart(pos2, bn::sprite_ptr, int, int)
                0x0000000008001114                bodyPart::bodyPart(pos2, bn::sprite_ptr, int, int)
 .text._ZN4snek7addPartEv
                0x0000000008001248      0x154 main.o
                0x0000000008001248                snek::addPart()
 .text._ZN3_bn6assert9show_argsIA13_cEEvPKcS4_S4_iRKT_
                0x000000000800139c       0x50 main.o
                0x000000000800139c                void _bn::assert::show_args<char [13]>(char const*, char const*, char const*, int, char const (&) [13])
 .text._ZN4snekC2Ev
                0x00000000080013ec      0x2d8 main.o
                0x00000000080013ec                snek::snek()
                0x00000000080013ec                snek::snek()
 .text._ZN2bn5ilistIiE9push_backEOi
                0x00000000080016c4       0x70 main.o
                0x00000000080016c4                bn::ilist<int>::push_back(int&&)
 .text._ZN3_bn6assert9show_argsIA33_cEEvPKcS4_S4_iRKT_
                0x0000000008001734       0x50 main.o
                0x0000000008001734                void _bn::assert::show_args<char [33]>(char const*, char const*, char const*, int, char const (&) [33])
 .text._ZN4snek4moveEv
                0x0000000008001784      0x8a8 main.o
                0x0000000008001784                snek::move()
 .text.startup.main
                0x000000000800202c      0xa94 main.o
                0x000000000800202c                main
 .text._ZN2bn13audio_manager4initEv
                0x0000000008002ac0        0xc bn_audio_manager.o
                0x0000000008002ac0                bn::audio_manager::init()
 .text._ZN2bn13audio_manager7disableEv
                0x0000000008002acc        0xc bn_audio_manager.o
                0x0000000008002acc                bn::audio_manager::disable()
 .text._ZN2bn13audio_manager22disable_vblank_handlerEv
                0x0000000008002ad8        0xc bn_audio_manager.o
                0x0000000008002ad8                bn::audio_manager::disable_vblank_handler()
 .text._ZN2bn13audio_manager6updateEv
                0x0000000008002ae4       0x18 bn_audio_manager.o
                0x0000000008002ae4                bn::audio_manager::update()
 .text._ZN2bn13audio_manager6commitEv
                0x0000000008002afc        0xc bn_audio_manager.o
                0x0000000008002afc                bn::audio_manager::commit()
 .text._ZN3_bn6assert9show_argsIA18_ciEEvPKcS4_S4_iRKT_RKT0_
                0x0000000008002b08       0x58 bn_audio_manager.o
                0x0000000008002b08                void _bn::assert::show_args<char [18], int>(char const*, char const*, char const*, int, char const (&) [18], int const&)
 .text._ZN3_bn6assert9show_argsIA14_ciEEvPKcS4_S4_iRKT_RKT0_
                0x0000000008002b60       0x58 bn_audio_manager.o
                0x0000000008002b60                void _bn::assert::show_args<char [14], int>(char const*, char const*, char const*, int, char const (&) [14], int const&)
 .text._ZN2bn13audio_manager16execute_commandsEv
                0x0000000008002bb8      0x178 bn_audio_manager.o
                0x0000000008002bb8                bn::audio_manager::execute_commands()
 .text._ZN3_bn6assert9show_argsIA26_ciEEvPKcS4_S4_iRKT_RKT0_
                0x0000000008002d30       0x58 bn_audio_manager.o
                0x0000000008002d30                void _bn::assert::show_args<char [26], int>(char const*, char const*, char const*, int, char const (&) [26], int const&)
 .text._ZN3_bn6assert9show_argsIA25_cEEvPKcS4_S4_iRKT_
                0x0000000008002d88       0x50 bn_audio_manager.o
                0x0000000008002d88                void _bn::assert::show_args<char [25]>(char const*, char const*, char const*, int, char const (&) [25])
 .text._ZN2bn13audio_manager10stop_musicEv
                0x0000000008002dd8       0x70 bn_audio_manager.o
                0x0000000008002dd8                bn::audio_manager::stop_music()
 .text._ZN2bn13audio_manager4stopEv
                0x0000000008002e48       0x5c bn_audio_manager.o
                0x0000000008002e48                bn::audio_manager::stop()
 .text._ZN3_bn6assert9show_argsIA24_cEEvPKcS4_S4_iRKT_
                0x0000000008002ea4       0x50 bn_audio_manager.o
                0x0000000008002ea4                void _bn::assert::show_args<char [24]>(char const*, char const*, char const*, int, char const (&) [24])
 .text.startup._GLOBAL__sub_I__ZN2bn5audio16update_on_vblankEv
                0x0000000008002ef4       0x30 bn_audio_manager.o
 .text._ZN3_bn6assert9show_argsIA23_cEEvPKcS4_S4_iRKT_
                0x0000000008002f24       0x50 bn_best_fit_allocator.o
                0x0000000008002f24                void _bn::assert::show_args<char [23]>(char const*, char const*, char const*, int, char const (&) [23])
 .text._ZN2bn18best_fit_allocatorD2Ev
                0x0000000008002f74       0x34 bn_best_fit_allocator.o
                0x0000000008002f74                bn::best_fit_allocator::~best_fit_allocator()
                0x0000000008002f74                bn::best_fit_allocator::~best_fit_allocator()
 .text._ZN3_bn6assert9show_argsIA20_ciEEvPKcS4_S4_iRKT_RKT0_
                0x0000000008002fa8       0x58 bn_best_fit_allocator.o
                0x0000000008002fa8                void _bn::assert::show_args<char [20], int>(char const*, char const*, char const*, int, char const (&) [20], int const&)
 .text._ZN3_bn6assert9show_argsIA21_cEEvPKcS4_S4_iRKT_
                0x0000000008003000       0x50 bn_best_fit_allocator.o
                0x0000000008003000                void _bn::assert::show_args<char [21]>(char const*, char const*, char const*, int, char const (&) [21])
 .text._ZN2bn18best_fit_allocator5resetEPvi
                0x0000000008003050       0xc8 bn_best_fit_allocator.o
                0x0000000008003050                bn::best_fit_allocator::reset(void*, int)
 .text._ZN2bn17bg_blocks_manager12_GLOBAL__N_125_regular_map_blocks_countEii
                0x0000000008003118       0x38 bn_bg_blocks_manager.o
 .text._ZN2bn13ostringstream11append_argsIiJA4_ctEEEvRKT_DpRKT0_.isra.0
                0x0000000008003150       0x24 bn_bg_blocks_manager.o
 .text._ZN2bn13ostringstream11append_argsIiJA4_ciEEEvRKT_DpRKT0_.isra.0
                0x0000000008003174       0x24 bn_bg_blocks_manager.o
 .text._ZN2bn18regular_bg_map_ptrC2ERKS0_
                0x0000000008003198       0x20 bn_bg_blocks_manager.o
                0x0000000008003198                bn::regular_bg_map_ptr::regular_bg_map_ptr(bn::regular_bg_map_ptr const&)
                0x0000000008003198                bn::regular_bg_map_ptr::regular_bg_map_ptr(bn::regular_bg_map_ptr const&)
 .text._ZNK2bn18regular_bg_map_ptr2idEv
                0x00000000080031b8       0x18 bn_bg_blocks_manager.o
                0x00000000080031b8                bn::regular_bg_map_ptr::id() const
 .text._ZNK2bn18regular_bg_map_ptr10dimensionsEv
                0x00000000080031d0       0x20 bn_bg_blocks_manager.o
                0x00000000080031d0                bn::regular_bg_map_ptr::dimensions() const
 .text._ZNK2bn20regular_bg_tiles_ptr3cbbEv
                0x00000000080031f0       0x18 bn_bg_blocks_manager.o
                0x00000000080031f0                bn::regular_bg_tiles_ptr::cbb() const
 .text._ZNK2bn17affine_bg_map_ptr2idEv
                0x0000000008003208       0x18 bn_bg_blocks_manager.o
                0x0000000008003208                bn::affine_bg_map_ptr::id() const
 .text._ZNK2bn17affine_bg_map_ptr10dimensionsEv
                0x0000000008003220       0x20 bn_bg_blocks_manager.o
                0x0000000008003220                bn::affine_bg_map_ptr::dimensions() const
 .text._ZNK2bn19affine_bg_tiles_ptr3cbbEv
                0x0000000008003240       0x18 bn_bg_blocks_manager.o
                0x0000000008003240                bn::affine_bg_tiles_ptr::cbb() const
 .text._ZN2bn17bg_blocks_manager10log_statusEv
                0x0000000008003258      0x3f8 bn_bg_blocks_manager.o
                0x0000000008003258                bn::bg_blocks_manager::log_status()
 .text._ZN2bn17bg_blocks_manager15decrease_usagesEi
                0x0000000008003650       0x98 bn_bg_blocks_manager.o
                0x0000000008003650                bn::bg_blocks_manager::decrease_usages(int)
 .text._ZN2bn18regular_bg_map_ptrD2Ev
                0x00000000080036e8       0x18 bn_bg_blocks_manager.o
                0x00000000080036e8                bn::regular_bg_map_ptr::~regular_bg_map_ptr()
                0x00000000080036e8                bn::regular_bg_map_ptr::~regular_bg_map_ptr()
 .text._ZN2bn17bg_blocks_manager12_GLOBAL__N_110items_list12insert_afterEiRKNS1_9item_typeE.constprop.0
                0x0000000008003700      0x240 bn_bg_blocks_manager.o
 .text._ZN2bn17bg_blocks_manager4initEv
                0x0000000008003940       0x7c bn_bg_blocks_manager.o
                0x0000000008003940                bn::bg_blocks_manager::init()
 .text._ZN2bn17bg_blocks_manager11must_commitEi
                0x00000000080039bc       0x18 bn_bg_blocks_manager.o
                0x00000000080039bc                bn::bg_blocks_manager::must_commit(int)
 .text._ZN3_bn6assert9show_argsIA27_ciEEvPKcS4_S4_iRKT_RKT0_
                0x00000000080039d4       0x58 bn_bg_blocks_manager.o
                0x00000000080039d4                void _bn::assert::show_args<char [27], int>(char const*, char const*, char const*, int, char const (&) [27], int const&)
 .text._ZN3_bn6assert9show_argsIJA22_ciA4_ciEEEvPKcS5_S5_iDpRKT_
                0x0000000008003a2c       0x5c bn_bg_blocks_manager.o
                0x0000000008003a2c                void _bn::assert::show_args<char [22], int, char [4], int>(char const*, char const*, char const*, int, char const (&) [22], int const&, char const (&) [4], int const&)
 .text._ZN3_bn6assert9show_argsIJA58_ciA4_ciEEEvPKcS5_S5_iDpRKT_
                0x0000000008003a88       0x5c bn_bg_blocks_manager.o
                0x0000000008003a88                void _bn::assert::show_args<char [58], int, char [4], int>(char const*, char const*, char const*, int, char const (&) [58], int const&, char const (&) [4], int const&)
 .text._ZN3_bn6assert9show_argsIA22_ciEEvPKcS4_S4_iRKT_RKT0_
                0x0000000008003ae4       0x58 bn_bg_blocks_manager.o
                0x0000000008003ae4                void _bn::assert::show_args<char [22], int>(char const*, char const*, char const*, int, char const (&) [22], int const&)
 .text._ZN3_bn6assert9show_argsIJA44_cPKtA4_cS4_EEEvPKcS7_S7_iDpRKT_
                0x0000000008003b3c       0x6c bn_bg_blocks_manager.o
                0x0000000008003b3c                void _bn::assert::show_args<char [44], unsigned short const*, char [4], unsigned short const*>(char const*, char const*, char const*, int, char const (&) [44], unsigned short const* const&, char const (&) [4], unsigned short const* const&)
 .text._ZN3_bn6assert9show_argsIJA46_ciA4_ciEEEvPKcS5_S5_iDpRKT_
                0x0000000008003ba8       0x5c bn_bg_blocks_manager.o
                0x0000000008003ba8                void _bn::assert::show_args<char [46], int, char [4], int>(char const*, char const*, char const*, int, char const (&) [46], int const&, char const (&) [4], int const&)
 .text._ZN3_bn6assert9show_argsIJA37_cbA4_cbEEEvPKcS5_S5_iDpRKT_
                0x0000000008003c04       0x84 bn_bg_blocks_manager.o
                0x0000000008003c04                void _bn::assert::show_args<char [37], bool, char [4], bool>(char const*, char const*, char const*, int, char const (&) [37], bool const&, char const (&) [4], bool const&)
 .text._ZN3_bn6assert9show_argsIA19_cEEvPKcS4_S4_iRKT_
                0x0000000008003c88       0x50 bn_bg_blocks_manager.o
                0x0000000008003c88                void _bn::assert::show_args<char [19]>(char const*, char const*, char const*, int, char const (&) [19])
 .text._ZN2bn17bg_blocks_manager12_GLOBAL__N_116_find_tiles_implEPKtNS_16compression_typeEib
                0x0000000008003cd8      0x1e8 bn_bg_blocks_manager.o
 .text._ZN3_bn6assert9show_argsIJA34_ciA4_ctEEEvPKcS5_S5_iDpRKT_
                0x0000000008003ec0       0x5c bn_bg_blocks_manager.o
                0x0000000008003ec0                void _bn::assert::show_args<char [34], int, char [4], unsigned short>(char const*, char const*, char const*, int, char const (&) [34], int const&, char const (&) [4], unsigned short const&)
 .text._ZN3_bn6assert9show_argsIJA36_ciA4_ctEEEvPKcS5_S5_iDpRKT_
                0x0000000008003f1c       0x5c bn_bg_blocks_manager.o
                0x0000000008003f1c                void _bn::assert::show_args<char [36], int, char [4], unsigned short>(char const*, char const*, char const*, int, char const (&) [36], int const&, char const (&) [4], unsigned short const&)
 .text._ZN3_bn6assert9show_argsIJA54_ciA4_ciEEEvPKcS5_S5_iDpRKT_
                0x0000000008003f78       0x5c bn_bg_blocks_manager.o
                0x0000000008003f78                void _bn::assert::show_args<char [54], int, char [4], int>(char const*, char const*, char const*, int, char const (&) [54], int const&, char const (&) [4], int const&)
 .text._ZNK2bn18regular_bg_map_ptr5tilesEv
                0x0000000008003fd4       0x48 bn_bg_blocks_manager.o
                0x0000000008003fd4                bn::regular_bg_map_ptr::tiles() const
 .text._ZNK2bn17affine_bg_map_ptr5tilesEv
                0x000000000800401c       0x48 bn_bg_blocks_manager.o
                0x000000000800401c                bn::affine_bg_map_ptr::tiles() const
 .text._ZNK2bn18regular_bg_map_ptr3bppEv
                0x0000000008004064       0x4c bn_bg_blocks_manager.o
                0x0000000008004064                bn::regular_bg_map_ptr::bpp() const
 .text._ZN2bn17bg_blocks_manager21update_affine_map_rowEiii
                0x00000000080040b0      0x104 bn_bg_blocks_manager.o
                0x00000000080040b0                bn::bg_blocks_manager::update_affine_map_row(int, int, int)
 .text._ZN2bn17bg_blocks_manager23set_affine_map_positionEiii
                0x00000000080041b4      0x1b0 bn_bg_blocks_manager.o
                0x00000000080041b4                bn::bg_blocks_manager::set_affine_map_position(int, int, int)
 .text._ZN2bn17bg_blocks_manager21update_affine_map_colEiii
                0x0000000008004364      0x224 bn_bg_blocks_manager.o
                0x0000000008004364                bn::bg_blocks_manager::update_affine_map_col(int, int, int)
 .text._ZN2bn17bg_blocks_manager22update_regular_map_colEiii
                0x0000000008004588      0x174 bn_bg_blocks_manager.o
                0x0000000008004588                bn::bg_blocks_manager::update_regular_map_col(int, int, int)
 .text._ZN2bn17bg_blocks_manager22update_regular_map_rowEiii
                0x00000000080046fc      0x14c bn_bg_blocks_manager.o
                0x00000000080046fc                bn::bg_blocks_manager::update_regular_map_row(int, int, int)
 .text._ZN2bn17bg_blocks_manager24set_regular_map_positionEiii
                0x0000000008004848      0x1d8 bn_bg_blocks_manager.o
                0x0000000008004848                bn::bg_blocks_manager::set_regular_map_position(int, int, int)
 .text._ZN2bn17bg_blocks_manager12_GLOBAL__N_112_commit_itemERKNS1_9item_typeE
                0x0000000008004a20      0x2bc bn_bg_blocks_manager.o
 .text._ZN2bn17bg_blocks_manager6commitEv
                0x0000000008004cdc       0x40 bn_bg_blocks_manager.o
                0x0000000008004cdc                bn::bg_blocks_manager::commit()
 .text._ZN2bn17bg_blocks_manager21set_regular_map_tilesEiONS_20regular_bg_tiles_ptrE
                0x0000000008004d1c      0x25c bn_bg_blocks_manager.o
                0x0000000008004d1c                bn::bg_blocks_manager::set_regular_map_tiles(int, bn::regular_bg_tiles_ptr&&)
 .text._ZN2bn17bg_blocks_manager23set_regular_map_paletteEiONS_14bg_palette_ptrE
                0x0000000008004f78      0x224 bn_bg_blocks_manager.o
                0x0000000008004f78                bn::bg_blocks_manager::set_regular_map_palette(int, bn::bg_palette_ptr&&)
 .text._ZN2bn18regular_bg_map_ptr11set_paletteERKNS_14bg_palette_ptrE
                0x000000000800519c       0x24 bn_bg_blocks_manager.o
                0x000000000800519c                bn::regular_bg_map_ptr::set_palette(bn::bg_palette_ptr const&)
 .text._ZN3_bn6assert9show_argsIJA34_ciA4_ciEEEvPKcS5_S5_iDpRKT_
                0x00000000080051c0       0x5c bn_bg_blocks_manager.o
                0x00000000080051c0                void _bn::assert::show_args<char [34], int, char [4], int>(char const*, char const*, char const*, int, char const (&) [34], int const&, char const (&) [4], int const&)
 .text._ZN3_bn6assert9show_argsIJA38_ciA4_ciEEEvPKcS5_S5_iDpRKT_
                0x000000000800521c       0x5c bn_bg_blocks_manager.o
                0x000000000800521c                void _bn::assert::show_args<char [38], int, char [4], int>(char const*, char const*, char const*, int, char const (&) [38], int const&, char const (&) [4], int const&)
 .text._ZN3_bn6assert9show_argsIJA32_cA15_cPKtA16_ciA17_ciA34_cN2bn11string_viewEEEEvPKcSC_SC_iDpRKT_
                0x0000000008005278       0x94 bn_bg_blocks_manager.o
                0x0000000008005278                void _bn::assert::show_args<char [32], char [15], unsigned short const*, char [16], int, char [17], int, char [34], bn::string_view>(char const*, char const*, char const*, int, char const (&) [32], char const (&) [15], unsigned short const* const&, char const (&) [16], int const&, char const (&) [17], int const&, char const (&) [34], bn::string_view const&)
 .text._ZN3_bn6assert9show_argsIA26_cEEvPKcS4_S4_iRKT_
                0x000000000800530c       0x50 bn_bg_blocks_manager.o
                0x000000000800530c                void _bn::assert::show_args<char [26]>(char const*, char const*, char const*, int, char const (&) [26])
 .text._ZN3_bn6assert9show_argsIA46_cEEvPKcS4_S4_iRKT_
                0x000000000800535c       0x50 bn_bg_blocks_manager.o
                0x000000000800535c                void _bn::assert::show_args<char [46]>(char const*, char const*, char const*, int, char const (&) [46])
 .text._ZN3_bn6assert9show_argsIJA30_cA13_cPKtA14_ciA15_ciA17_ciA34_cN2bn11string_viewEEEEvPKcSD_SD_iDpRKT_
                0x00000000080053ac       0xa8 bn_bg_blocks_manager.o
                0x00000000080053ac                void _bn::assert::show_args<char [30], char [13], unsigned short const*, char [14], int, char [15], int, char [17], int, char [34], bn::string_view>(char const*, char const*, char const*, int, char const (&) [30], char const (&) [13], unsigned short const* const&, char const (&) [14], int const&, char const (&) [15], int const&, char const (&) [17], int const&, char const (&) [34], bn::string_view const&)
 .text._ZN3_bn6assert9show_argsIA17_cEEvPKcS4_S4_iRKT_
                0x0000000008005454       0x50 bn_bg_blocks_manager.o
                0x0000000008005454                void _bn::assert::show_args<char [17]>(char const*, char const*, char const*, int, char const (&) [17])
 .text._ZN3_bn6assert9show_argsIJA37_ciA4_ciEEEvPKcS5_S5_iDpRKT_
                0x00000000080054a4       0x5c bn_bg_blocks_manager.o
                0x00000000080054a4                void _bn::assert::show_args<char [37], int, char [4], int>(char const*, char const*, char const*, int, char const (&) [37], int const&, char const (&) [4], int const&)
 .text._ZN2bn17bg_blocks_manager33set_regular_map_tiles_and_paletteEiONS_20regular_bg_tiles_ptrEONS_14bg_palette_ptrE
                0x0000000008005500      0x2e8 bn_bg_blocks_manager.o
                0x0000000008005500                bn::bg_blocks_manager::set_regular_map_tiles_and_palette(int, bn::regular_bg_tiles_ptr&&, bn::bg_palette_ptr&&)
 .text._ZN2bn17bg_blocks_manager12_GLOBAL__N_122_find_regular_map_implERKNS_19regular_bg_map_itemERKNS_20regular_bg_tiles_ptrERKNS_14bg_palette_ptrE
                0x00000000080057e8      0x394 bn_bg_blocks_manager.o
 .text._ZN2bn13ostringstream11append_argsIA4_cJiEEEvRKT_DpRKT0_
                0x0000000008005b7c       0x18 bn_bg_blocks_manager.o
                0x0000000008005b7c                void bn::ostringstream::append_args<char [4], int>(char const (&) [4], int const&)
 .text._ZN3_bn6assert9show_argsIJA39_cPKN2bn4tileEA4_ciEEEvPKcS9_S9_iDpRKT_
                0x0000000008005b94       0x64 bn_bg_blocks_manager.o
                0x0000000008005b94                void _bn::assert::show_args<char [39], bn::tile const*, char [4], int>(char const*, char const*, char const*, int, char const (&) [39], bn::tile const* const&, char const (&) [4], int const&)
 .text._ZN3_bn6assert9show_argsIA25_ciEEvPKcS4_S4_iRKT_RKT0_
                0x0000000008005bf8       0x58 bn_bg_blocks_manager.o
                0x0000000008005bf8                void _bn::assert::show_args<char [25], int>(char const*, char const*, char const*, int, char const (&) [25], int const&)
 .text._ZN2bn14iunordered_mapIPKviNS_17bg_blocks_manager12_GLOBAL__N_115identity_hasherENS_8equal_toIS2_EEE5eraseERKNS8_14const_iteratorE.constprop.0.isra.0
                0x0000000008005c50      0x1a8 bn_bg_blocks_manager.o
 .text._ZN2bn17bg_blocks_manager12_GLOBAL__N_121_remove_adjacent_itemEiRNS1_9item_typeE
                0x0000000008005df8       0xcc bn_bg_blocks_manager.o
 .text._ZN2bn17bg_blocks_manager6updateEv
                0x0000000008005ec4      0x200 bn_bg_blocks_manager.o
                0x0000000008005ec4                bn::bg_blocks_manager::update()
 .text._ZN2bn17bg_blocks_manager12_GLOBAL__N_112_create_itemEiibONS1_11create_dataE
                0x00000000080060c4      0x538 bn_bg_blocks_manager.o
 .text._ZN2bn17bg_blocks_manager12_GLOBAL__N_112_create_implEONS1_11create_dataE
                0x00000000080065fc      0x1d0 bn_bg_blocks_manager.o
 .text._ZN2bn17bg_blocks_manager20create_regular_tilesERKNS_21regular_bg_tiles_itemEb
                0x00000000080067cc      0x148 bn_bg_blocks_manager.o
                0x00000000080067cc                bn::bg_blocks_manager::create_regular_tiles(bn::regular_bg_tiles_item const&, bool)
 .text._ZN2bn17bg_blocks_manager18create_regular_mapERKNS_19regular_bg_map_itemEONS_20regular_bg_tiles_ptrEONS_14bg_palette_ptrEb
                0x0000000008006914      0x280 bn_bg_blocks_manager.o
                0x0000000008006914                bn::bg_blocks_manager::create_regular_map(bn::regular_bg_map_item const&, bn::regular_bg_tiles_ptr&&, bn::bg_palette_ptr&&, bool)
 .text._ZN2bn18regular_bg_map_ptr6createERKNS_15regular_bg_itemE
                0x0000000008006b94       0x50 bn_bg_blocks_manager.o
                0x0000000008006b94                bn::regular_bg_map_ptr::create(bn::regular_bg_item const&)
 .text.startup._GLOBAL__sub_I__ZN2bn7bg_maps16used_cells_countEv
                0x0000000008006be4       0x98 bn_bg_blocks_manager.o
 .text.exit._GLOBAL__sub_D__ZN2bn7bg_maps16used_cells_countEv
                0x0000000008006c7c       0x50 bn_bg_blocks_manager.o
 .text._ZN2bn11bgs_manager12_GLOBAL__N_129_check_unique_regular_big_mapERNS1_9item_typeE
                0x0000000008006ccc       0x68 bn_bgs_manager.o
 .text._ZN2bn11bgs_manager12_GLOBAL__N_133_update_item_hw_affine_attributesERKNS1_9item_typeE
                0x0000000008006d34       0x48 bn_bgs_manager.o
 .text._ZN2bn13ostringstream11append_argsIiJA4_ciEEEvRKT_DpRKT0_.isra.0
                0x0000000008006d7c       0x24 bn_bgs_manager.o
 .text._ZN2bn11bgs_manager5hw_idEPv
                0x0000000008006da0        0x8 bn_bgs_manager.o
                0x0000000008006da0                bn::bgs_manager::hw_id(void*)
 .text._ZN2bn11bgs_manager11hw_positionEPv
                0x0000000008006da8        0x4 bn_bgs_manager.o
                0x0000000008006da8                bn::bgs_manager::hw_position(void*)
 .text._ZN2bn11bgs_manager14mat_attributesEPv
                0x0000000008006dac        0x4 bn_bgs_manager.o
                0x0000000008006dac                bn::bgs_manager::mat_attributes(void*)
 .text._ZN2bn11bgs_manager20update_windows_flagsEPj
                0x0000000008006db0       0x7c bn_bgs_manager.o
                0x0000000008006db0                bn::bgs_manager::update_windows_flags(unsigned int*)
 .text._ZN2bn11bgs_manager28update_regular_map_tiles_cbbEii
                0x0000000008006e2c       0xa8 bn_bgs_manager.o
                0x0000000008006e2c                bn::bgs_manager::update_regular_map_tiles_cbb(int, int)
 .text._ZN2bn11bgs_manager30update_regular_map_palette_bppEiNS_8bpp_modeE
                0x0000000008006ed4       0xac bn_bgs_manager.o
                0x0000000008006ed4                bn::bgs_manager::update_regular_map_palette_bpp(int, bn::bpp_mode)
 .text._ZN2bn11bgs_manager36fill_hblank_effect_regular_positionsEiPKNS_7fixed_tILi12EEEPt
                0x0000000008006f80       0x38 bn_bgs_manager.o
                0x0000000008006f80                bn::bgs_manager::fill_hblank_effect_regular_positions(int, bn::fixed_t<12> const*, unsigned short*)
 .text._ZN2bn11bgs_manager45fill_hblank_effect_pivot_horizontal_positionsEPvPKNS_7fixed_tILi12EEEPj
                0x0000000008006fb8       0x24 bn_bgs_manager.o
                0x0000000008006fb8                bn::bgs_manager::fill_hblank_effect_pivot_horizontal_positions(void*, bn::fixed_t<12> const*, unsigned int*)
 .text._ZN2bn11bgs_manager43fill_hblank_effect_pivot_vertical_positionsEPvPKNS_7fixed_tILi12EEEPj
                0x0000000008006fdc       0x24 bn_bgs_manager.o
                0x0000000008006fdc                bn::bgs_manager::fill_hblank_effect_pivot_vertical_positions(void*, bn::fixed_t<12> const*, unsigned int*)
 .text._ZN2bn11bgs_manager6commitEb
                0x0000000008007000       0x58 bn_bgs_manager.o
                0x0000000008007000                bn::bgs_manager::commit(bool)
 .text._ZN2bn11bgs_manager4stopEv
                0x0000000008007058       0x28 bn_bgs_manager.o
                0x0000000008007058                bn::bgs_manager::stop()
 .text._ZN3_bn6assert9show_argsIA17_ciEEvPKcS4_S4_iRKT_RKT0_
                0x0000000008007080       0x58 bn_bgs_manager.o
                0x0000000008007080                void _bn::assert::show_args<char [17], int>(char const*, char const*, char const*, int, char const (&) [17], int const&)
 .text._ZN3_bn6assert9show_argsIA30_cEEvPKcS4_S4_iRKT_
                0x00000000080070d8       0x50 bn_bgs_manager.o
                0x00000000080070d8                void _bn::assert::show_args<char [30]>(char const*, char const*, char const*, int, char const (&) [30])
 .text._ZN3_bn6assert9show_argsIJA60_ciA4_ciEEEvPKcS5_S5_iDpRKT_
                0x0000000008007128       0x5c bn_bgs_manager.o
                0x0000000008007128                void _bn::assert::show_args<char [60], int, char [4], int>(char const*, char const*, char const*, int, char const (&) [60], int const&, char const (&) [4], int const&)
 .text._ZN3_bn6assert9show_argsIJA59_ciA4_ciEEEvPKcS5_S5_iDpRKT_
                0x0000000008007184       0x5c bn_bgs_manager.o
                0x0000000008007184                void _bn::assert::show_args<char [59], int, char [4], int>(char const*, char const*, char const*, int, char const (&) [59], int const&, char const (&) [4], int const&)
 .text._ZN3_bn6assert9show_argsIJA57_ciA4_ciEEEvPKcS5_S5_iDpRKT_
                0x00000000080071e0       0x5c bn_bgs_manager.o
                0x00000000080071e0                void _bn::assert::show_args<char [57], int, char [4], int>(char const*, char const*, char const*, int, char const (&) [57], int const&, char const (&) [4], int const&)
 .text._ZN2bn11bgs_manager14update_camerasEv
                0x000000000800723c      0x2b4 bn_bgs_manager.o
                0x000000000800723c                bn::bgs_manager::update_cameras()
 .text._ZN3_bn6assert9show_argsIA27_cEEvPKcS4_S4_iRKT_
                0x00000000080074f0       0x50 bn_bgs_manager.o
                0x00000000080074f0                void _bn::assert::show_args<char [27]>(char const*, char const*, char const*, int, char const (&) [27])
 .text._ZN3_bn6assert9show_argsIA31_cEEvPKcS4_S4_iRKT_
                0x0000000008007540       0x50 bn_bgs_manager.o
                0x0000000008007540                void _bn::assert::show_args<char [31]>(char const*, char const*, char const*, int, char const (&) [31])
 .text._ZN2bn11bgs_manager15rebuild_handlesEv.part.0
                0x0000000008007590      0x19c bn_bgs_manager.o
 .text._ZN2bn11bgs_manager37fill_hblank_effect_regular_attributesEPvPKNS_21regular_bg_attributesEPt
                0x000000000800772c      0x104 bn_bgs_manager.o
                0x000000000800772c                bn::bgs_manager::fill_hblank_effect_regular_attributes(void*, bn::regular_bg_attributes const*, unsigned short*)
 .text._ZN2bn11bgs_manager6updateEv
                0x0000000008007830      0x1d0 bn_bgs_manager.o
                0x0000000008007830                bn::bgs_manager::update()
 .text._ZN2bn11bgs_manager15commit_big_mapsEv
                0x0000000008007a00      0x1d4 bn_bgs_manager.o
                0x0000000008007a00                bn::bgs_manager::commit_big_maps()
 .text._ZN2bn11bgs_manager36fill_hblank_effect_affine_attributesEPvPKNS_20affine_bg_attributesEPt
                0x0000000008007bd4      0x108 bn_bgs_manager.o
                0x0000000008007bd4                bn::bgs_manager::fill_hblank_effect_affine_attributes(void*, bn::affine_bg_attributes const*, unsigned short*)
 .text._ZN2bn11bgs_manager12_GLOBAL__N_19item_type18update_regular_mapEv
                0x0000000008007cdc      0x238 bn_bgs_manager.o
 .text._ZN2bn18regular_bg_builder11release_mapEv
                0x0000000008007f14       0x78 bn_bgs_manager.o
                0x0000000008007f14                bn::regular_bg_builder::release_map()
 .text._ZN2bn11bgs_manager11regular_mapEPv
                0x0000000008007f8c       0x34 bn_bgs_manager.o
                0x0000000008007f8c                bn::bgs_manager::regular_map(void*)
 .text._ZN2bn11bgs_manager10affine_mapEPv
                0x0000000008007fc0       0x34 bn_bgs_manager.o
                0x0000000008007fc0                bn::bgs_manager::affine_map(void*)
 .text._ZN2bn14regular_bg_ptr11set_paletteERKNS_14bg_palette_ptrE
                0x0000000008007ff4       0x50 bn_bgs_manager.o
                0x0000000008007ff4                bn::regular_bg_ptr::set_palette(bn::bg_palette_ptr const&)
 .text._ZN2bn11bgs_manager12_GLOBAL__N_112_insert_itemERNS1_9item_typeE
                0x0000000008008044      0x100 bn_bgs_manager.o
 .text._ZN2bn11bgs_manager6createEONS_18regular_bg_builderE
                0x0000000008008144      0x1f4 bn_bgs_manager.o
                0x0000000008008144                bn::bgs_manager::create(bn::regular_bg_builder&&)
 .text._ZNK2bn15regular_bg_item9create_bgENS_7fixed_tILi12EEES2_
                0x0000000008008338       0x74 bn_bgs_manager.o
                0x0000000008008338                bn::regular_bg_item::create_bg(bn::fixed_t<12>, bn::fixed_t<12>) const
 .text.startup._GLOBAL__sub_I__ZN2bn3bgs16used_items_countEv
                0x00000000080083ac       0x80 bn_bgs_manager.o
 .text.exit._GLOBAL__sub_D__ZN2bn3bgs16used_items_countEv
                0x000000000800842c       0x14 bn_bgs_manager.o
 .text._ZN2bn10camera_ptrD2Ev
                0x0000000008008440       0x38 bn_cameras_manager.o
                0x0000000008008440                bn::camera_ptr::~camera_ptr()
                0x0000000008008440                bn::camera_ptr::~camera_ptr()
 .text._ZNK2bn10camera_ptr8positionEv
                0x0000000008008478       0x14 bn_cameras_manager.o
                0x0000000008008478                bn::camera_ptr::position() const
 .text._ZN2bn15cameras_manager4initEv
                0x000000000800848c       0x10 bn_cameras_manager.o
                0x000000000800848c                bn::cameras_manager::init()
 .text._ZN2bn15cameras_manager6updateEv
                0x000000000800849c       0x28 bn_cameras_manager.o
                0x000000000800849c                bn::cameras_manager::update()
 .text._ZN2bn4core12_GLOBAL__N_14stopEb.constprop.0
                0x00000000080084c4       0x54 bn_core.o
 .text._ZN2bn4core12_GLOBAL__N_111update_implEv
                0x0000000008008518       0xcc bn_core.o
 .text._ZN2bn11string_viewC2EPKc
                0x00000000080085e4       0x1c bn_core.o
                0x00000000080085e4                bn::string_view::string_view(char const*)
                0x00000000080085e4                bn::string_view::string_view(char const*)
 .text._ZN2bn4core6updateEv
                0x0000000008008600       0x68 bn_core.o
                0x0000000008008600                bn::core::update()
 .text._ZN2bn4core4initERKNS_11string_viewE
                0x0000000008008668       0x94 bn_core.o
                0x0000000008008668                bn::core::init(bn::string_view const&)
 .text._ZN2bn4core4initEv
                0x00000000080086fc       0x18 bn_core.o
                0x00000000080086fc                bn::core::init()
 .text._ZN2bn4core9on_vblankEv
                0x0000000008008714       0x34 bn_core.o
                0x0000000008008714                bn::core::on_vblank()
 .text._ZN3_bn6assert4showEPKcS2_S2_iRKN2bn12istring_baseE
                0x0000000008008748       0x80 bn_core.o
                0x0000000008008748                _bn::assert::show(char const*, char const*, char const*, int, bn::istring_base const&)
 .text.startup._GLOBAL__sub_I__ZN2bn4core4initEv
                0x00000000080087c8       0x44 bn_core.o
 .text._ZN2bn15display_manager12_GLOBAL__N_134_update_rect_windows_hw_boundariesEi
                0x000000000800880c       0x8c bn_display_manager.o
 .text._ZN2bn15display_manager4initEv
                0x0000000008008898       0x40 bn_display_manager.o
                0x0000000008008898                bn::display_manager::init()
 .text._ZN2bn15display_manager8set_modeEi
                0x00000000080088d8       0x1c bn_display_manager.o
                0x00000000080088d8                bn::display_manager::set_mode(int)
 .text._ZN2bn15display_manager14set_bg_enabledEib
                0x00000000080088f4       0x1c bn_display_manager.o
                0x00000000080088f4                bn::display_manager::set_bg_enabled(int, bool)
 .text._ZN2bn15display_manager15disable_all_bgsEv
                0x0000000008008910       0x18 bn_display_manager.o
                0x0000000008008910                bn::display_manager::disable_all_bgs()
 .text._ZN2bn15display_manager36fill_mosaic_hblank_effect_attributesEPKNS_17mosaic_attributesEPt
                0x0000000008008928       0xb4 bn_display_manager.o
                0x0000000008008928                bn::display_manager::fill_mosaic_hblank_effect_attributes(bn::mosaic_attributes const*, unsigned short*)
 .text._ZN2bn15display_manager23set_blending_bg_enabledEib
                0x00000000080089dc       0x14 bn_display_manager.o
                0x00000000080089dc                bn::display_manager::set_blending_bg_enabled(int, bool)
 .text._ZN2bn15display_manager32blending_transparency_top_weightEv
                0x00000000080089f0       0x18 bn_display_manager.o
                0x00000000080089f0                bn::display_manager::blending_transparency_top_weight()
 .text._ZN2bn15display_manager35blending_transparency_bottom_weightEv
                0x0000000008008a08       0x28 bn_display_manager.o
                0x0000000008008a08                bn::display_manager::blending_transparency_bottom_weight()
 .text._ZN2bn15display_manager51fill_blending_transparency_hblank_effect_attributesEPKNS_32blending_transparency_attributesEPt
                0x0000000008008a30       0x30 bn_display_manager.o
                0x0000000008008a30                bn::display_manager::fill_blending_transparency_hblank_effect_attributes(bn::blending_transparency_attributes const*, unsigned short*)
 .text._ZN2bn15display_manager21blending_fade_enabledEv
                0x0000000008008a60       0x10 bn_display_manager.o
                0x0000000008008a60                bn::display_manager::blending_fade_enabled()
 .text._ZN2bn15display_manager39fill_blending_fade_hblank_effect_alphasEPKNS_19blending_fade_alphaEPt
                0x0000000008008a70       0x24 bn_display_manager.o
                0x0000000008008a70                bn::display_manager::fill_blending_fade_hblank_effect_alphas(bn::blending_fade_alpha const*, unsigned short*)
 .text._ZN2bn15display_manager26update_windows_visible_bgsEv
                0x0000000008008a94       0x10 bn_display_manager.o
                0x0000000008008a94                bn::display_manager::update_windows_visible_bgs()
 .text._ZN2bn15display_manager36rect_window_hw_horizontal_boundariesEi
                0x0000000008008aa4       0x14 bn_display_manager.o
                0x0000000008008aa4                bn::display_manager::rect_window_hw_horizontal_boundaries(int)
 .text._ZN2bn15display_manager34rect_window_hw_vertical_boundariesEi
                0x0000000008008ab8       0x14 bn_display_manager.o
                0x0000000008008ab8                bn::display_manager::rect_window_hw_vertical_boundaries(int)
 .text._ZN2bn15display_manager52fill_rect_window_hblank_effect_horizontal_boundariesERKNS_4pairIiiEEPKNS1_INS_7fixed_tILi12EEES6_EEPt
                0x0000000008008acc      0x13c bn_display_manager.o
                0x0000000008008acc                bn::display_manager::fill_rect_window_hblank_effect_horizontal_boundaries(bn::pair<int, int> const&, bn::pair<bn::fixed_t<12>, bn::fixed_t<12> > const*, unsigned short*)
 .text._ZN2bn15display_manager50fill_rect_window_hblank_effect_vertical_boundariesERKNS_4pairIiiEEPKNS1_INS_7fixed_tILi12EEES6_EEPt
                0x0000000008008c08      0x13c bn_display_manager.o
                0x0000000008008c08                bn::display_manager::fill_rect_window_hblank_effect_vertical_boundaries(bn::pair<int, int> const&, bn::pair<bn::fixed_t<12>, bn::fixed_t<12> > const*, unsigned short*)
 .text._ZN2bn15display_manager36fill_green_swap_hblank_effect_statesEPKbPt
                0x0000000008008d44       0x38 bn_display_manager.o
                0x0000000008008d44                bn::display_manager::fill_green_swap_hblank_effect_states(bool const*, unsigned short*)
 .text._ZN2bn15display_manager14update_camerasEv
                0x0000000008008d7c       0x40 bn_display_manager.o
                0x0000000008008d7c                bn::display_manager::update_cameras()
 .text._ZN2bn15display_manager6updateEv
                0x0000000008008dbc      0x214 bn_display_manager.o
                0x0000000008008dbc                bn::display_manager::update()
 .text._ZN2bn15display_manager6commitEv
                0x0000000008008fd0      0x164 bn_display_manager.o
                0x0000000008008fd0                bn::display_manager::commit()
 .text._ZN2bn15display_manager4stopEv
                0x0000000008009134       0x28 bn_display_manager.o
                0x0000000008009134                bn::display_manager::stop()
 .text._ZN3_bn6assert9show_argsIA66_cEEvPKcS4_S4_iRKT_
                0x000000000800915c       0x50 bn_display_manager.o
                0x000000000800915c                void _bn::assert::show_args<char [66]>(char const*, char const*, char const*, int, char const (&) [66])
 .text.startup._GLOBAL__sub_I__ZNK2bn6window7show_bgERKNS_14regular_bg_ptrE
                0x00000000080091ac       0x7c bn_display_manager.o
 .text.exit._GLOBAL__sub_D__ZNK2bn6window7show_bgERKNS_14regular_bg_ptrE
                0x0000000008009228       0x38 bn_display_manager.o
 .text._ZN2bn18igeneric_pool_baseC2EPci
                0x0000000008009260       0x10 bn_generic_pool.o
                0x0000000008009260                bn::igeneric_pool_base::igeneric_pool_base(char*, int)
                0x0000000008009260                bn::igeneric_pool_base::igeneric_pool_base(char*, int)
 .text._ZN2bn18igeneric_pool_base5_freeEPc
                0x0000000008009270       0x10 bn_generic_pool.o
                0x0000000008009270                bn::igeneric_pool_base::_free(char*)
 .text._ZN3_bn6assert9show_argsIA18_cEEvPKcS4_S4_iRKT_
                0x0000000008009280       0x50 bn_generic_pool.o
                0x0000000008009280                void _bn::assert::show_args<char [18]>(char const*, char const*, char const*, int, char const (&) [18])
 .text._ZN2bn18igeneric_pool_baseD2Ev
                0x00000000080092d0       0x30 bn_generic_pool.o
                0x00000000080092d0                bn::igeneric_pool_base::~igeneric_pool_base()
                0x00000000080092d0                bn::igeneric_pool_base::~igeneric_pool_base()
 .text._ZN2bn18igeneric_pool_base9_allocateEv
                0x0000000008009300       0x48 bn_generic_pool.o
                0x0000000008009300                bn::igeneric_pool_base::_allocate()
 .text._ZN2bn12gpio_manager6commitEv
                0x0000000008009348       0x48 bn_gpio_manager.o
                0x0000000008009348                bn::gpio_manager::commit()
 .text._ZN2bn12gpio_manager4stopEv
                0x0000000008009390       0x3c bn_gpio_manager.o
                0x0000000008009390                bn::gpio_manager::stop()
 .text._ZN2bn22hblank_effects_manager12_GLOBAL__N_19item_type18_output_values_ptrEv
                0x00000000080093cc       0x40 bn_hblank_effects_manager.o
 .text._ZN2bn7type_idINS_4pairIiiEEEENS_9type_id_tEv
                0x000000000800940c        0x8 bn_hblank_effects_manager.o
                0x000000000800940c                bn::type_id_t bn::type_id<bn::pair<int, int> >()
 .text._ZN2bn7type_idINS_33regular_bg_attributes_hbe_handler15last_value_typeEEENS_9type_id_tEv
                0x0000000008009414        0x8 bn_hblank_effects_manager.o
                0x0000000008009414                bn::type_id_t bn::type_id<bn::regular_bg_attributes_hbe_handler::last_value_type>()
 .text._ZN2bn7type_idINS_32affine_bg_attributes_hbe_handler15last_value_typeEEENS_9type_id_tEv
                0x000000000800941c        0x8 bn_hblank_effects_manager.o
                0x000000000800941c                bn::type_id_t bn::type_id<bn::affine_bg_attributes_hbe_handler::last_value_type>()
 .text._ZN2bn7type_idIiEENS_9type_id_tEv
                0x0000000008009424        0x8 bn_hblank_effects_manager.o
                0x0000000008009424                bn::type_id_t bn::type_id<int>()
 .text._ZN2bn7type_idINS_47affine_bg_pivot_horizontal_position_hbe_handler15last_value_typeEEENS_9type_id_tEv
                0x000000000800942c        0x8 bn_hblank_effects_manager.o
                0x000000000800942c                bn::type_id_t bn::type_id<bn::affine_bg_pivot_horizontal_position_hbe_handler::last_value_type>()
 .text._ZN2bn7type_idINS_45affine_bg_pivot_vertical_position_hbe_handler15last_value_typeEEENS_9type_id_tEv
                0x0000000008009434        0x8 bn_hblank_effects_manager.o
                0x0000000008009434                bn::type_id_t bn::type_id<bn::affine_bg_pivot_vertical_position_hbe_handler::last_value_type>()
 .text._ZN2bn7type_idINS_35sprite_first_attributes_hbe_handler15last_value_typeEEENS_9type_id_tEv
                0x000000000800943c        0x8 bn_hblank_effects_manager.o
                0x000000000800943c                bn::type_id_t bn::type_id<bn::sprite_first_attributes_hbe_handler::last_value_type>()
 .text._ZN2bn7type_idINS_35sprite_second_attributes_last_valueEEENS_9type_id_tEv
                0x0000000008009444        0x8 bn_hblank_effects_manager.o
                0x0000000008009444                bn::type_id_t bn::type_id<bn::sprite_second_attributes_last_value>()
 .text._ZN2bn7type_idINS_17sprite_shape_sizeEEENS_9type_id_tEv
                0x000000000800944c        0x8 bn_hblank_effects_manager.o
                0x000000000800944c                bn::type_id_t bn::type_id<bn::sprite_shape_size>()
 .text._ZN2bn22hblank_effects_manager7disableEv
                0x0000000008009454       0x24 bn_hblank_effects_manager.o
                0x0000000008009454                bn::hblank_effects_manager::disable()
 .text._ZN2bn22hblank_effects_manager6commitEv
                0x0000000008009478       0x74 bn_hblank_effects_manager.o
                0x0000000008009478                bn::hblank_effects_manager::commit()
 .text._ZN2bn22hblank_effects_manager12_GLOBAL__N_110_is_uint32ENS0_12handler_typeE
                0x00000000080094ec       0x64 bn_hblank_effects_manager.o
 .text._ZN2bn22hblank_effects_manager12_GLOBAL__N_19item_type12check_updateEv
                0x0000000008009550     0x1b54 bn_hblank_effects_manager.o
 .text._ZN2bn22hblank_effects_manager6updateEv
                0x000000000800b0a4      0x1ec bn_hblank_effects_manager.o
                0x000000000800b0a4                bn::hblank_effects_manager::update()
 .text._ZN2bn22hblank_effects_manager4initEv
                0x000000000800b290       0xd4 bn_hblank_effects_manager.o
                0x000000000800b290                bn::hblank_effects_manager::init()
 .text._ZN3_bn6assert9show_argsIJA39_cPKN2bn5colorEA4_ciEEEvPKcS9_S9_iDpRKT_
                0x000000000800b364       0x64 bn_hblank_effects_manager.o
                0x000000000800b364                void _bn::assert::show_args<char [39], bn::color const*, char [4], int>(char const*, char const*, char const*, int, char const (&) [39], bn::color const* const&, char const (&) [4], int const&)
 .text.startup._GLOBAL__sub_I__ZN2bn4hbes10used_countEv
                0x000000000800b3c8       0xfc bn_hblank_effects_manager.o
 .text.exit._GLOBAL__sub_D__ZN2bn4hbes10used_countEv
                0x000000000800b4c4       0x40 bn_hblank_effects_manager.o
 .text._ZN2bn12hdma_manager7disableEv
                0x000000000800b504       0x30 bn_hdma_manager.o
                0x000000000800b504                bn::hdma_manager::disable()
 .text._ZN2bn12hdma_manager10force_stopEv
                0x000000000800b534       0x3c bn_hdma_manager.o
                0x000000000800b534                bn::hdma_manager::force_stop()
 .text._ZN2bn12hdma_manager6updateEv
                0x000000000800b570       0x6c bn_hdma_manager.o
                0x000000000800b570                bn::hdma_manager::update()
 .text._ZN2bn12hdma_manager6commitEb
                0x000000000800b5dc      0x118 bn_hdma_manager.o
                0x000000000800b5dc                bn::hdma_manager::commit(bool)
 .text.startup._GLOBAL__sub_I__ZN2bn4hdma7runningEv
                0x000000000800b6f4       0x34 bn_hdma_manager.o
 .text._ZN2bn6keypad9a_pressedEv
                0x000000000800b728       0x10 bn_keypad_manager.o
                0x000000000800b728                bn::keypad::a_pressed()
 .text._ZN2bn6keypad9b_pressedEv
                0x000000000800b738       0x10 bn_keypad_manager.o
                0x000000000800b738                bn::keypad::b_pressed()
 .text._ZN2bn6keypad14select_pressedEv
                0x000000000800b748       0x10 bn_keypad_manager.o
                0x000000000800b748                bn::keypad::select_pressed()
 .text._ZN2bn6keypad13start_pressedEv
                0x000000000800b758       0x10 bn_keypad_manager.o
                0x000000000800b758                bn::keypad::start_pressed()
 .text._ZN2bn6keypad13right_pressedEv
                0x000000000800b768       0x10 bn_keypad_manager.o
                0x000000000800b768                bn::keypad::right_pressed()
 .text._ZN2bn6keypad12left_pressedEv
                0x000000000800b778       0x10 bn_keypad_manager.o
                0x000000000800b778                bn::keypad::left_pressed()
 .text._ZN2bn6keypad7up_heldEv
                0x000000000800b788       0x10 bn_keypad_manager.o
                0x000000000800b788                bn::keypad::up_held()
 .text._ZN2bn6keypad10up_pressedEv
                0x000000000800b798       0x10 bn_keypad_manager.o
                0x000000000800b798                bn::keypad::up_pressed()
 .text._ZN2bn6keypad9down_heldEv
                0x000000000800b7a8       0x10 bn_keypad_manager.o
                0x000000000800b7a8                bn::keypad::down_held()
 .text._ZN2bn6keypad12down_pressedEv
                0x000000000800b7b8       0x10 bn_keypad_manager.o
                0x000000000800b7b8                bn::keypad::down_pressed()
 .text._ZN2bn14keypad_manager4stopEv
                0x000000000800b7c8        0x4 bn_keypad_manager.o
                0x000000000800b7c8                bn::keypad_manager::stop()
 .text._ZN2bn14keypad_manager6updateEv
                0x000000000800b7cc       0xa8 bn_keypad_manager.o
                0x000000000800b7cc                bn::keypad_manager::update()
 .text._ZN3_bn6assert9show_argsIA24_ciEEvPKcS4_S4_iRKT_RKT0_
                0x000000000800b874       0x58 bn_keypad_manager.o
                0x000000000800b874                void _bn::assert::show_args<char [24], int>(char const*, char const*, char const*, int, char const (&) [24], int const&)
 .text._ZN2bn14keypad_manager4initERKNS_11string_viewE
                0x000000000800b8cc       0x58 bn_keypad_manager.o
                0x000000000800b8cc                bn::keypad_manager::init(bn::string_view const&)
 .text._ZN3_bn6assert9show_argsIA16_cEEvPKcS4_S4_iRKT_
                0x000000000800b924       0x50 bn_keypad_manager.o
                0x000000000800b924                void _bn::assert::show_args<char [16]>(char const*, char const*, char const*, int, char const (&) [16])
 .text._ZN2bn12link_manager4initEv
                0x000000000800b974        0xc bn_link_manager.o
                0x000000000800b974                bn::link_manager::init()
 .text._ZN2bn12link_manager6activeEv
                0x000000000800b980        0xc bn_link_manager.o
                0x000000000800b980                bn::link_manager::active()
 .text._ZN2bn12link_manager7disableEv
                0x000000000800b98c       0x18 bn_link_manager.o
                0x000000000800b98c                bn::link_manager::disable()
 .text._ZN3_bn6assert9show_argsIA28_ciEEvPKcS4_S4_iRKT_RKT0_
                0x000000000800b9a4       0x58 bn_link_manager.o
                0x000000000800b9a4                void _bn::assert::show_args<char [28], int>(char const*, char const*, char const*, int, char const (&) [28], int const&)
 .text._ZN2bn3logERKNS_12istring_baseE
                0x000000000800b9fc        0xc bn_log.o
                0x000000000800b9fc                bn::log(bn::istring_base const&)
 .text._ZN2bn14memory_manager4initEv
                0x000000000800ba08       0x20 bn_memory_manager.o
                0x000000000800ba08                bn::memory_manager::init()
 .text.exit._GLOBAL__sub_D__Znwj
                0x000000000800ba28       0x14 bn_memory_manager.o
 .text._ZN2bn2hw8palettes9grayscaleEPKNS_5colorEiiPS2_.part.0
                0x000000000800ba3c       0x40 bn_palettes_manager.o
 .text._ZN2bn14bg_palette_ptrC2ERKS0_
                0x000000000800ba7c       0x2c bn_palettes_manager.o
                0x000000000800ba7c                bn::bg_palette_ptr::bg_palette_ptr(bn::bg_palette_ptr const&)
                0x000000000800ba7c                bn::bg_palette_ptr::bg_palette_ptr(bn::bg_palette_ptr const&)
 .text._ZNK2bn14bg_palette_ptr3bppEv
                0x000000000800baa8       0x20 bn_palettes_manager.o
                0x000000000800baa8                bn::bg_palette_ptr::bpp() const
 .text._ZN2bn18sprite_palette_ptrC2ERKS0_
                0x000000000800bac8       0x1c bn_palettes_manager.o
                0x000000000800bac8                bn::sprite_palette_ptr::sprite_palette_ptr(bn::sprite_palette_ptr const&)
                0x000000000800bac8                bn::sprite_palette_ptr::sprite_palette_ptr(bn::sprite_palette_ptr const&)
 .text._ZNK2bn18sprite_palette_ptr3bppEv
                0x000000000800bae4       0x1c bn_palettes_manager.o
                0x000000000800bae4                bn::sprite_palette_ptr::bpp() const
 .text._ZNK2bn13palettes_bank10log_statusEv
                0x000000000800bb00      0x188 bn_palettes_manager.o
                0x000000000800bb00                bn::palettes_bank::log_status() const
 .text._ZNK2bn13palettes_bank20retrieve_commit_dataEv
                0x000000000800bc88       0x4c bn_palettes_manager.o
                0x000000000800bc88                bn::palettes_bank::retrieve_commit_data() const
 .text._ZNK2bn13palettes_bank12_same_colorsERKNS_4spanIKNS_5colorEEEi
                0x000000000800bcd4       0x50 bn_palettes_manager.o
                0x000000000800bcd4                bn::palettes_bank::_same_colors(bn::span<bn::color const> const&, int) const
 .text._ZN2bn13palettes_bank10find_bpp_4ERKNS_4spanIKNS_5colorEEEt
                0x000000000800bd24       0xdc bn_palettes_manager.o
                0x000000000800bd24                bn::palettes_bank::find_bpp_4(bn::span<bn::color const> const&, unsigned short)
 .text._ZNK2bn13palettes_bank21_apply_global_effectsEiPNS_5colorE
                0x000000000800be00      0x13c bn_palettes_manager.o
                0x000000000800be00                bn::palettes_bank::_apply_global_effects(int, bn::color*) const
 .text._ZNK2bn13palettes_bank25fill_hblank_effect_colorsEPKNS_5colorEPt
                0x000000000800bf3c       0x30 bn_palettes_manager.o
                0x000000000800bf3c                bn::palettes_bank::fill_hblank_effect_colors(bn::color const*, unsigned short*) const
 .text._ZNK2bn13palettes_bank7palette13apply_effectsEiPNS_5colorE
                0x000000000800bf6c       0xbc bn_palettes_manager.o
                0x000000000800bf6c                bn::palettes_bank::palette::apply_effects(int, bn::color*) const
 .text._ZNK2bn13palettes_bank25fill_hblank_effect_colorsEiPKNS_5colorEPt
                0x000000000800c028       0x44 bn_palettes_manager.o
                0x000000000800c028                bn::palettes_bank::fill_hblank_effect_colors(int, bn::color const*, unsigned short*) const
 .text._ZN2bn13palettes_bank15_update_paletteEi
                0x000000000800c06c       0x6c bn_palettes_manager.o
                0x000000000800c06c                bn::palettes_bank::_update_palette(int)
 .text._ZN2bn13palettes_bank6updateEv
                0x000000000800c0d8      0x124 bn_palettes_manager.o
                0x000000000800c0d8                bn::palettes_bank::update()
 .text._ZN2bn13palettes_bankC2Ev
                0x000000000800c1fc       0xcc bn_palettes_manager.o
                0x000000000800c1fc                bn::palettes_bank::palettes_bank()
                0x000000000800c1fc                bn::palettes_bank::palettes_bank()
 .text._ZN2bn16palettes_manager20sprite_palettes_bankEv
                0x000000000800c2c8        0x8 bn_palettes_manager.o
                0x000000000800c2c8                bn::palettes_manager::sprite_palettes_bank()
 .text._ZN2bn16palettes_manager16bg_palettes_bankEv
                0x000000000800c2d0        0x8 bn_palettes_manager.o
                0x000000000800c2d0                bn::palettes_manager::bg_palettes_bank()
 .text._ZN2bn16palettes_manager6updateEv
                0x000000000800c2d8       0x20 bn_palettes_manager.o
                0x000000000800c2d8                bn::palettes_manager::update()
 .text._ZN2bn16palettes_manager6commitEb
                0x000000000800c2f8       0xf4 bn_palettes_manager.o
                0x000000000800c2f8                bn::palettes_manager::commit(bool)
 .text._ZN2bn16palettes_manager4stopEv
                0x000000000800c3ec       0x20 bn_palettes_manager.o
                0x000000000800c3ec                bn::palettes_manager::stop()
 .text._ZN3_bn6assert9show_argsIA35_cEEvPKcS4_S4_iRKT_
                0x000000000800c40c       0x50 bn_palettes_manager.o
                0x000000000800c40c                void _bn::assert::show_args<char [35]>(char const*, char const*, char const*, int, char const (&) [35])
 .text._ZN2bn13palettes_bank11colors_hashERKNS_4spanIKNS_5colorEEE
                0x000000000800c45c       0x50 bn_palettes_manager.o
                0x000000000800c45c                bn::palettes_bank::colors_hash(bn::span<bn::color const> const&)
 .text._ZN3_bn6assert9show_argsIJA43_ciA36_cA42_cEEEvPKcS6_S6_iDpRKT_
                0x000000000800c4ac       0x68 bn_palettes_manager.o
                0x000000000800c4ac                void _bn::assert::show_args<char [43], int, char [36], char [42]>(char const*, char const*, char const*, int, char const (&) [43], int const&, char const (&) [36], char const (&) [42])
 .text._ZN2bn13palettes_bank12create_bpp_8ERKNS_4spanIKNS_5colorEEENS_16compression_typeEb
                0x000000000800c514      0x22c bn_palettes_manager.o
                0x000000000800c514                bn::palettes_bank::create_bpp_8(bn::span<bn::color const> const&, bn::compression_type, bool)
 .text._ZNK2bn15bg_palette_item10decompressENS_4spanINS_5colorEEE
                0x000000000800c740      0x170 bn_palettes_manager.o
                0x000000000800c740                bn::bg_palette_item::decompress(bn::span<bn::color>) const
 .text._ZNK2bn19sprite_palette_item10decompressENS_4spanINS_5colorEEE
                0x000000000800c8b0      0x170 bn_palettes_manager.o
                0x000000000800c8b0                bn::sprite_palette_item::decompress(bn::span<bn::color>) const
 .text._ZN2bn13palettes_bank12create_bpp_4ERKNS_4spanIKNS_5colorEEEtb
                0x000000000800ca20      0x2a0 bn_palettes_manager.o
                0x000000000800ca20                bn::palettes_bank::create_bpp_4(bn::span<bn::color const> const&, unsigned short, bool)
 .text._ZN2bn12_GLOBAL__N_112_create_implERKNS_15bg_palette_itemEb
                0x000000000800ccc0       0x94 bn_palettes_manager.o
 .text._ZN2bn14bg_palette_ptr6createERKNS_15bg_palette_itemE
                0x000000000800cd54       0x54 bn_palettes_manager.o
                0x000000000800cd54                bn::bg_palette_ptr::create(bn::bg_palette_item const&)
 .text._ZNK2bn15bg_palette_item14create_paletteEv
                0x000000000800cda8       0x10 bn_palettes_manager.o
                0x000000000800cda8                bn::bg_palette_item::create_palette() const
 .text._ZN2bn12_GLOBAL__N_112_create_implERKNS_19sprite_palette_itemEb
                0x000000000800cdb8       0x7c bn_palettes_manager.o
 .text._ZNK2bn19sprite_palette_item14create_paletteEv
                0x000000000800ce34       0x48 bn_palettes_manager.o
                0x000000000800ce34                bn::sprite_palette_item::create_palette() const
 .text._ZNK2bn19sprite_palette_item18create_new_paletteEv
                0x000000000800ce7c       0x8c bn_palettes_manager.o
                0x000000000800ce7c                bn::sprite_palette_item::create_new_palette() const
 .text._ZN2bn14iunordered_mapItsNS_13palettes_bank15identity_hasherENS_8equal_toItEEE5eraseERKNS5_14const_iteratorE.isra.0
                0x000000000800cf08      0x174 bn_palettes_manager.o
 .text._ZN2bn13palettes_bank15decrease_usagesEi.part.0
                0x000000000800d07c       0xdc bn_palettes_manager.o
 .text._ZN2bn14bg_palette_ptrD2Ev
                0x000000000800d158       0x3c bn_palettes_manager.o
                0x000000000800d158                bn::bg_palette_ptr::~bg_palette_ptr()
                0x000000000800d158                bn::bg_palette_ptr::~bg_palette_ptr()
 .text._ZN2bn18sprite_palette_ptrD2Ev
                0x000000000800d194       0x30 bn_palettes_manager.o
                0x000000000800d194                bn::sprite_palette_ptr::~sprite_palette_ptr()
                0x000000000800d194                bn::sprite_palette_ptr::~sprite_palette_ptr()
 .text._ZN2bn18sprite_palette_ptraSERKS0_
                0x000000000800d1c4       0x50 bn_palettes_manager.o
                0x000000000800d1c4                bn::sprite_palette_ptr::operator=(bn::sprite_palette_ptr const&)
 .text._ZN2bn14bg_palette_ptraSERKS0_
                0x000000000800d214       0x5c bn_palettes_manager.o
                0x000000000800d214                bn::bg_palette_ptr::operator=(bn::bg_palette_ptr const&)
 .text._ZN2bn18sprite_palette_ptr4findERKNS_19sprite_palette_itemE
                0x000000000800d270      0x110 bn_palettes_manager.o
                0x000000000800d270                bn::sprite_palette_ptr::find(bn::sprite_palette_item const&)
 .text._ZNK2bn19sprite_palette_item12find_paletteEv
                0x000000000800d380       0x10 bn_palettes_manager.o
                0x000000000800d380                bn::sprite_palette_item::find_palette() const
 .text.startup._GLOBAL__sub_I__ZN2bn11bg_palettes17used_colors_countEv
                0x000000000800d390       0x20 bn_palettes_manager.o
 .text._ZN2bn26sprite_affine_mats_manager12_GLOBAL__N_119_sprite_double_sizeILi32ELi16EEEbiiiii
                0x000000000800d3b0       0x84 bn_sprite_affine_mats_manager.o
 .text._ZN2bn26sprite_affine_mats_manager12_GLOBAL__N_119_sprite_double_sizeILi16ELi32EEEbiiiii
                0x000000000800d434       0x84 bn_sprite_affine_mats_manager.o
 .text._ZNK2bn21sprite_affine_mat_ptr15horizontal_flipEv
                0x000000000800d4b8       0x18 bn_sprite_affine_mats_manager.o
                0x000000000800d4b8                bn::sprite_affine_mat_ptr::horizontal_flip() const
 .text._ZNK2bn21sprite_affine_mat_ptr13vertical_flipEv
                0x000000000800d4d0       0x18 bn_sprite_affine_mats_manager.o
                0x000000000800d4d0                bn::sprite_affine_mat_ptr::vertical_flip() const
 .text._ZNK2bn21sprite_affine_mat_ptr16flipped_identityEv
                0x000000000800d4e8       0x14 bn_sprite_affine_mats_manager.o
                0x000000000800d4e8                bn::sprite_affine_mat_ptr::flipped_identity() const
 .text._ZN2bn26sprite_affine_mats_manager13attach_spriteEiRNS_24intrusive_list_node_typeE
                0x000000000800d4fc       0x2c bn_sprite_affine_mats_manager.o
                0x000000000800d4fc                bn::sprite_affine_mats_manager::attach_sprite(int, bn::intrusive_list_node_type&)
 .text._ZN2bn26sprite_affine_mats_manager18sprite_double_sizeEiRKNS_17sprite_shape_sizeE
                0x000000000800d528      0x1e4 bn_sprite_affine_mats_manager.o
                0x000000000800d528                bn::sprite_affine_mats_manager::sprite_double_size(int, bn::sprite_shape_size const&)
 .text._ZN2bn26sprite_affine_mats_manager20retrieve_commit_dataEv
                0x000000000800d70c       0x38 bn_sprite_affine_mats_manager.o
                0x000000000800d70c                bn::sprite_affine_mats_manager::retrieve_commit_data()
 .text._ZN3_bn6assert9show_argsIA37_cEEvPKcS4_S4_iRKT_
                0x000000000800d744       0x50 bn_sprite_affine_mats_manager.o
                0x000000000800d744                void _bn::assert::show_args<char [37]>(char const*, char const*, char const*, int, char const (&) [37])
 .text._ZN2bn26sprite_affine_mats_manager15decrease_usagesEi.part.0
                0x000000000800d794       0x68 bn_sprite_affine_mats_manager.o
 .text._ZN2bn21sprite_affine_mat_ptrD2Ev
                0x000000000800d7fc       0x34 bn_sprite_affine_mats_manager.o
                0x000000000800d7fc                bn::sprite_affine_mat_ptr::~sprite_affine_mat_ptr()
                0x000000000800d7fc                bn::sprite_affine_mat_ptr::~sprite_affine_mat_ptr()
 .text._ZN2bn26sprite_affine_mats_manager6updateEv
                0x000000000800d830       0xa0 bn_sprite_affine_mats_manager.o
                0x000000000800d830                bn::sprite_affine_mats_manager::update()
 .text._ZN2bn26sprite_affine_mats_manager4initEPv
                0x000000000800d8d0       0x6c bn_sprite_affine_mats_manager.o
                0x000000000800d8d0                bn::sprite_affine_mats_manager::init(void*)
 .text._ZN2bn26sprite_affine_mats_manager14dettach_spriteEiRNS_24intrusive_list_node_typeE
                0x000000000800d93c       0x4c bn_sprite_affine_mats_manager.o
                0x000000000800d93c                bn::sprite_affine_mats_manager::dettach_sprite(int, bn::intrusive_list_node_type&)
 .text.startup._GLOBAL__sub_I__ZN2bn18sprite_affine_mats10used_countEv
                0x000000000800d988       0x98 bn_sprite_affine_mats_manager.o
 .text.exit._GLOBAL__sub_D__ZN2bn18sprite_affine_mats10used_countEv
                0x000000000800da20       0x3c bn_sprite_affine_mats_manager.o
 .text._ZN2bn13ostringstream11append_argsIiJA4_ciEEEvRKT_DpRKT0_.isra.0
                0x000000000800da5c       0x24 bn_sprite_animate_actions.o
 .text._ZN3_bn6assert9show_argsIJA28_ciA4_ciEEEvPKcS5_S5_iDpRKT_
                0x000000000800da80       0x5c bn_sprite_animate_actions.o
                0x000000000800da80                void _bn::assert::show_args<char [28], int, char [4], int>(char const*, char const*, char const*, int, char const (&) [28], int const&, char const (&) [4], int const&)
 .text._ZN2bn21sprite_text_generator5_initEv
                0x000000000800dadc      0x1a8 bn_sprite_text_generator.o
                0x000000000800dadc                bn::sprite_text_generator::_init()
 .text._ZN2bn21sprite_text_generatorC2ERKNS_11sprite_fontE
                0x000000000800dc84       0x2c bn_sprite_text_generator.o
                0x000000000800dc84                bn::sprite_text_generator::sprite_text_generator(bn::sprite_font const&)
                0x000000000800dc84                bn::sprite_text_generator::sprite_text_generator(bn::sprite_font const&)
 .text._ZN3_bn6assert9show_argsIA54_cEEvPKcS4_S4_iRKT_
                0x000000000800dcb0       0x50 bn_sprite_text_generator.o
                0x000000000800dcb0                void _bn::assert::show_args<char [54]>(char const*, char const*, char const*, int, char const (&) [54])
 .text._ZN3_bn6assert9show_argsIJA25_ciA4_ctEEEvPKcS5_S5_iDpRKT_
                0x000000000800dd00       0x6c bn_sprite_text_generator.o
                0x000000000800dd00                void _bn::assert::show_args<char [25], int, char [4], unsigned short>(char const*, char const*, char const*, int, char const (&) [25], int const&, char const (&) [4], unsigned short const&)
 .text._ZN2bn14utf8_characterC2ERKc
                0x000000000800dd6c      0x144 bn_sprite_text_generator.o
                0x000000000800dd6c                bn::utf8_character::utf8_character(char const&)
                0x000000000800dd6c                bn::utf8_character::utf8_character(char const&)
 .text._ZN2bn12_GLOBAL__N_115_graphics_indexEcRKNS_23utf8_characters_map_refEPKcRi.part.0
                0x000000000800deb0       0x8c bn_sprite_text_generator.o
 .text._ZN3_bn6assert9show_argsIJA20_ccA9_cN2bn11string_viewEA2_cEEEvPKcS8_S8_iDpRKT_
                0x000000000800df3c       0x70 bn_sprite_text_generator.o
                0x000000000800df3c                void _bn::assert::show_args<char [20], char, char [9], bn::string_view, char [2]>(char const*, char const*, char const*, int, char const (&) [20], char const&, char const (&) [9], bn::string_view const&, char const (&) [2])
 .text._ZNK2bn21sprite_text_generator5widthERKNS_11string_viewE
                0x000000000800dfac      0x244 bn_sprite_text_generator.o
                0x000000000800dfac                bn::sprite_text_generator::width(bn::string_view const&) const
 .text._ZN3_bn6assert9show_argsIA55_cEEvPKcS4_S4_iRKT_
                0x000000000800e1f0       0x50 bn_sprite_text_generator.o
                0x000000000800e1f0                void _bn::assert::show_args<char [55]>(char const*, char const*, char const*, int, char const (&) [55])
 .text._ZN2bn12_GLOBAL__N_120_build_sprite_assertILNS_11sprite_sizeE1EEEPNS_4tileERKNS_21sprite_text_generatorERKNS_18sprite_palette_ptrERKNS_11fixed_pointERNS_7ivectorINS_10sprite_ptrEEE
                0x000000000800e240      0x1bc bn_sprite_text_generator.o
 .text._ZN2bn12_GLOBAL__N_120_build_sprite_assertILNS_11sprite_sizeE2EEEPNS_4tileERKNS_21sprite_text_generatorERKNS_18sprite_palette_ptrERKNS_11fixed_pointERNS_7ivectorINS_10sprite_ptrEEE
                0x000000000800e3fc      0x1bc bn_sprite_text_generator.o
 .text._ZN2bn12_GLOBAL__N_19_generateILb0EEEbRKNS_21sprite_text_generatorERKNS_11fixed_pointERKNS_11string_viewERKNS_23utf8_characters_map_refEiibRNS_7ivectorINS_10sprite_ptrEEE.isra.0
                0x000000000800e5b8     0x1144 bn_sprite_text_generator.o
 .text._ZNK2bn21sprite_text_generator8generateERKNS_11fixed_pointERKNS_11string_viewERNS_7ivectorINS_10sprite_ptrEEE
                0x000000000800f6fc       0x34 bn_sprite_text_generator.o
                0x000000000800f6fc                bn::sprite_text_generator::generate(bn::fixed_point const&, bn::string_view const&, bn::ivector<bn::sprite_ptr>&) const
 .text._ZNK2bn16sprite_tiles_ptr2idEv
                0x000000000800f730       0x18 bn_sprite_tiles_manager.o
                0x000000000800f730                bn::sprite_tiles_ptr::id() const
 .text._ZNK2bn16sprite_tiles_ptr11tiles_countEv
                0x000000000800f748       0x18 bn_sprite_tiles_manager.o
                0x000000000800f748                bn::sprite_tiles_ptr::tiles_count() const
 .text._ZN2bn20sprite_tiles_manager10log_statusEv
                0x000000000800f760      0x1ec bn_sprite_tiles_manager.o
                0x000000000800f760                bn::sprite_tiles_manager::log_status()
 .text._ZN2bn20sprite_tiles_manager19commit_uncompressedEb
                0x000000000800f94c       0xdc bn_sprite_tiles_manager.o
                0x000000000800f94c                bn::sprite_tiles_manager::commit_uncompressed(bool)
 .text._ZN2bn20sprite_tiles_manager17commit_compressedEv
                0x000000000800fa28       0xe4 bn_sprite_tiles_manager.o
                0x000000000800fa28                bn::sprite_tiles_manager::commit_compressed()
 .text._ZN3_bn6assert9show_argsIJA44_cPKN2bn4tileEA4_cS6_EEEvPKcS9_S9_iDpRKT_
                0x000000000800fb0c       0x6c bn_sprite_tiles_manager.o
                0x000000000800fb0c                void _bn::assert::show_args<char [44], bn::tile const*, char [4], bn::tile const*>(char const*, char const*, char const*, int, char const (&) [44], bn::tile const* const&, char const (&) [4], bn::tile const* const&)
 .text._ZN3_bn6assert9show_argsIJA46_ciA4_cjEEEvPKcS5_S5_iDpRKT_
                0x000000000800fb78       0x6c bn_sprite_tiles_manager.o
                0x000000000800fb78                void _bn::assert::show_args<char [46], int, char [4], unsigned int>(char const*, char const*, char const*, int, char const (&) [46], int const&, char const (&) [4], unsigned int const&)
 .text._ZN3_bn6assert9show_argsIJA28_cA15_cPKN2bn4tileEA16_ciA34_cNS4_11string_viewEEEEvPKcSC_SC_iDpRKT_
                0x000000000800fbe4       0x84 bn_sprite_tiles_manager.o
                0x000000000800fbe4                void _bn::assert::show_args<char [28], char [15], bn::tile const*, char [16], int, char [34], bn::string_view>(char const*, char const*, char const*, int, char const (&) [28], char const (&) [15], bn::tile const* const&, char const (&) [16], int const&, char const (&) [34], bn::string_view const&)
 .text._ZN3_bn6assert9show_argsIJA44_ciA34_cN2bn11string_viewEEEEvPKcS7_S7_iDpRKT_
                0x000000000800fc68       0x68 bn_sprite_tiles_manager.o
                0x000000000800fc68                void _bn::assert::show_args<char [44], int, char [34], bn::string_view>(char const*, char const*, char const*, int, char const (&) [44], int const&, char const (&) [34], bn::string_view const&)
 .text._ZN2bn20sprite_tiles_manager4initEv
                0x000000000800fcd0       0xf4 bn_sprite_tiles_manager.o
                0x000000000800fcd0                bn::sprite_tiles_manager::init()
 .text._ZN2bn20sprite_tiles_manager12_GLOBAL__N_122_insert_to_commit_itemEiRNS1_9item_typeE.part.0
                0x000000000800fdc4       0x6c bn_sprite_tiles_manager.o
 .text._ZN2bn20sprite_tiles_manager12_GLOBAL__N_117_insert_free_itemEiPt
                0x000000000800fe30       0xcc bn_sprite_tiles_manager.o
 .text._ZN2bn20sprite_tiles_manager12_GLOBAL__N_116_erase_free_itemEi
                0x000000000800fefc       0xe4 bn_sprite_tiles_manager.o
 .text._ZN2bn20sprite_tiles_manager12_GLOBAL__N_121_erase_to_commit_itemEiRNS1_9item_typeE
                0x000000000800ffe0      0x100 bn_sprite_tiles_manager.o
 .text._ZN2bn20sprite_tiles_manager15decrease_usagesEi
                0x00000000080100e0      0x13c bn_sprite_tiles_manager.o
                0x00000000080100e0                bn::sprite_tiles_manager::decrease_usages(int)
 .text._ZN2bn16sprite_tiles_ptrD2Ev
                0x000000000801021c       0x18 bn_sprite_tiles_manager.o
                0x000000000801021c                bn::sprite_tiles_ptr::~sprite_tiles_ptr()
                0x000000000801021c                bn::sprite_tiles_ptr::~sprite_tiles_ptr()
 .text._ZN2bn14iunordered_mapIPKNS_4tileEiNS_4hashIS3_EENS_8equal_toIS3_EEE5eraseERKNS8_14const_iteratorE.isra.0
                0x0000000008010234      0x17c bn_sprite_tiles_manager.o
 .text._ZN2bn20sprite_tiles_manager12_GLOBAL__N_112_create_itemEiPKNS_4tileENS_16compression_typeEib
                0x00000000080103b0      0x2f0 bn_sprite_tiles_manager.o
 .text._ZN2bn20sprite_tiles_manager12_GLOBAL__N_114_allocate_implEi
                0x00000000080106a0       0xf8 bn_sprite_tiles_manager.o
 .text._ZN2bn20sprite_tiles_manager6updateEv
                0x0000000008010798      0x238 bn_sprite_tiles_manager.o
                0x0000000008010798                bn::sprite_tiles_manager::update()
 .text._ZN2bn20sprite_tiles_manager12_GLOBAL__N_112_create_implEPKNS_4tileENS_16compression_typeEi
                0x00000000080109d0      0x1f8 bn_sprite_tiles_manager.o
 .text._ZN2bn20sprite_tiles_manager12_GLOBAL__N_110_find_implEPKNS_4tileENS_16compression_typeEi
                0x0000000008010bc8      0x294 bn_sprite_tiles_manager.o
 .text._ZN2bn20sprite_tiles_manager6createERKNS_4spanIKNS_4tileEEENS_16compression_typeE
                0x0000000008010e5c      0x144 bn_sprite_tiles_manager.o
                0x0000000008010e5c                bn::sprite_tiles_manager::create(bn::span<bn::tile const> const&, bn::compression_type)
 .text._ZN2bn16sprite_tiles_ptr6createERKNS_17sprite_tiles_itemEi
                0x0000000008010fa0       0xe4 bn_sprite_tiles_manager.o
                0x0000000008010fa0                bn::sprite_tiles_ptr::create(bn::sprite_tiles_item const&, int)
 .text._ZNK2bn17sprite_tiles_item12create_tilesEv
                0x0000000008011084       0x94 bn_sprite_tiles_manager.o
                0x0000000008011084                bn::sprite_tiles_item::create_tiles() const
 .text._ZNK2bn17sprite_tiles_item12create_tilesEi
                0x0000000008011118       0xe4 bn_sprite_tiles_manager.o
                0x0000000008011118                bn::sprite_tiles_item::create_tiles(int) const
 .text._ZN2bn20sprite_tiles_manager8allocateEiNS_8bpp_modeE
                0x00000000080111fc       0xc4 bn_sprite_tiles_manager.o
                0x00000000080111fc                bn::sprite_tiles_manager::allocate(int, bn::bpp_mode)
 .text._ZN2bn16sprite_tiles_ptr8allocateEiNS_8bpp_modeE
                0x00000000080112c0       0x18 bn_sprite_tiles_manager.o
                0x00000000080112c0                bn::sprite_tiles_ptr::allocate(int, bn::bpp_mode)
 .text._ZN2bn20sprite_tiles_manager4vramEi
                0x00000000080112d8       0x4c bn_sprite_tiles_manager.o
                0x00000000080112d8                bn::sprite_tiles_manager::vram(int)
 .text._ZN2bn16sprite_tiles_ptr4vramEv
                0x0000000008011324       0x14 bn_sprite_tiles_manager.o
                0x0000000008011324                bn::sprite_tiles_ptr::vram()
 .text.startup._GLOBAL__sub_I__ZN2bn12sprite_tiles16used_tiles_countEv
                0x0000000008011338      0x11c bn_sprite_tiles_manager.o
 .text._ZN2bn15sprites_manager12_GLOBAL__N_125_update_indexes_to_commitERKNS_20sprites_manager_itemE
                0x0000000008011454       0x48 bn_sprites_manager.o
 .text._ZN2bn13ostringstream11append_argsIiJA4_ciEEEvRKT_DpRKT0_.isra.0
                0x000000000801149c       0x24 bn_sprites_manager.o
 .text._ZN2bn15sprites_manager12_GLOBAL__N_123_update_item_dimensionsERNS_20sprites_manager_itemE
                0x00000000080114c0       0xcc bn_sprites_manager.o
 .text._ZN2bn10sprite_ptrC2ERKS0_
                0x000000000801158c        0xc bn_sprites_manager.o
                0x000000000801158c                bn::sprite_ptr::sprite_ptr(bn::sprite_ptr const&)
                0x000000000801158c                bn::sprite_ptr::sprite_ptr(bn::sprite_ptr const&)
 .text._ZN2bn10sprite_ptr5set_xENS_7fixed_tILi12EEE
                0x0000000008011598       0x48 bn_sprites_manager.o
                0x0000000008011598                bn::sprite_ptr::set_x(bn::fixed_t<12>)
 .text._ZN2bn10sprite_ptr5set_yENS_7fixed_tILi12EEE
                0x00000000080115e0       0x44 bn_sprites_manager.o
                0x00000000080115e0                bn::sprite_ptr::set_y(bn::fixed_t<12>)
 .text._ZN2bn10sprite_ptr12set_positionENS_7fixed_tILi12EEES2_
                0x0000000008011624       0x6c bn_sprites_manager.o
                0x0000000008011624                bn::sprite_ptr::set_position(bn::fixed_t<12>, bn::fixed_t<12>)
 .text._ZN2bn15sprites_manager4initEv
                0x0000000008011690       0x34 bn_sprites_manager.o
                0x0000000008011690                bn::sprites_manager::init()
 .text._ZN2bn15sprites_manager5hw_idEPv
                0x00000000080116c4        0x8 bn_sprites_manager.o
                0x00000000080116c4                bn::sprites_manager::hw_id(void*)
 .text._ZN2bn15sprites_manager5shapeEPv
                0x00000000080116cc        0x8 bn_sprites_manager.o
                0x00000000080116cc                bn::sprites_manager::shape(void*)
 .text._ZN2bn15sprites_manager4sizeEPv
                0x00000000080116d4        0x8 bn_sprites_manager.o
                0x00000000080116d4                bn::sprites_manager::size(void*)
 .text._ZN2bn15sprites_manager10shape_sizeEPv
                0x00000000080116dc       0x14 bn_sprites_manager.o
                0x00000000080116dc                bn::sprites_manager::shape_size(void*)
 .text._ZN2bn15sprites_manager11hw_positionEPv
                0x00000000080116f0        0x4 bn_sprites_manager.o
                0x00000000080116f0                bn::sprites_manager::hw_position(void*)
 .text._ZN2bn15sprites_manager9view_modeEPv
                0x00000000080116f4        0xc bn_sprites_manager.o
                0x00000000080116f4                bn::sprites_manager::view_mode(void*)
 .text._ZN2bn15sprites_manager10affine_matEPv
                0x0000000008011700        0x4 bn_sprites_manager.o
                0x0000000008011700                bn::sprites_manager::affine_mat(void*)
 .text._ZN2bn15sprites_manager39fill_hblank_effect_horizontal_positionsEPviPKNS_7fixed_tILi12EEEPt
                0x0000000008011704       0x44 bn_sprites_manager.o
                0x0000000008011704                bn::sprites_manager::fill_hblank_effect_horizontal_positions(void*, int, bn::fixed_t<12> const*, unsigned short*)
 .text._ZN2bn15sprites_manager37fill_hblank_effect_vertical_positionsEPviPKNS_7fixed_tILi12EEEPt
                0x0000000008011748       0x44 bn_sprites_manager.o
                0x0000000008011748                bn::sprites_manager::fill_hblank_effect_vertical_positions(void*, int, bn::fixed_t<12> const*, unsigned short*)
 .text._ZN2bn15sprites_manager35fill_hblank_effect_first_attributesEiNS_12sprite_shapeENS_8bpp_modeEiPKNS_23sprite_first_attributesEPt
                0x000000000801178c      0x108 bn_sprites_manager.o
                0x000000000801178c                bn::sprites_manager::fill_hblank_effect_first_attributes(int, bn::sprite_shape, bn::bpp_mode, int, bn::sprite_first_attributes const*, unsigned short*)
 .text._ZN2bn15sprites_manager44fill_hblank_effect_regular_second_attributesEPviNS_11sprite_sizeEPKNS_32sprite_regular_second_attributesEPt
                0x0000000008011894       0x60 bn_sprites_manager.o
                0x0000000008011894                bn::sprites_manager::fill_hblank_effect_regular_second_attributes(void*, int, bn::sprite_size, bn::sprite_regular_second_attributes const*, unsigned short*)
 .text._ZN2bn15sprites_manager43fill_hblank_effect_affine_second_attributesEPviNS_11sprite_sizeEPKNS_31sprite_affine_second_attributesEPt
                0x00000000080118f4       0x58 bn_sprites_manager.o
                0x00000000080118f4                bn::sprites_manager::fill_hblank_effect_affine_second_attributes(void*, int, bn::sprite_size, bn::sprite_affine_second_attributes const*, unsigned short*)
 .text._ZN2bn15sprites_manager14update_camerasEv
                0x000000000801194c       0x2c bn_sprites_manager.o
                0x000000000801194c                bn::sprites_manager::update_cameras()
 .text._ZN2bn15sprites_manager6commitEb
                0x0000000008011978       0xa4 bn_sprites_manager.o
                0x0000000008011978                bn::sprites_manager::commit(bool)
 .text._ZNK2bn17sprite_shape_size11tiles_countENS_8bpp_modeE
                0x0000000008011a1c      0x150 bn_sprites_manager.o
                0x0000000008011a1c                bn::sprite_shape_size::tiles_count(bn::bpp_mode) const
 .text._ZN2bn15sprites_manager12_GLOBAL__N_118_remove_affine_matERNS_20sprites_manager_itemE
                0x0000000008011b6c       0xd4 bn_sprites_manager.o
 .text._ZN2bn15sprites_manager40remove_identity_affine_mat_if_not_neededEPv
                0x0000000008011c40       0x18 bn_sprites_manager.o
                0x0000000008011c40                bn::sprites_manager::remove_identity_affine_mat_if_not_needed(void*)
 .text._ZN2bn14sprite_builder15release_paletteEv
                0x0000000008011c58       0x78 bn_sprites_manager.o
                0x0000000008011c58                bn::sprite_builder::release_palette()
 .text._ZN2bn14sprite_builder13release_tilesEv
                0x0000000008011cd0       0x78 bn_sprites_manager.o
                0x0000000008011cd0                bn::sprite_builder::release_tiles()
 .text._ZN2bn15sprites_manager7paletteEPv
                0x0000000008011d48       0x34 bn_sprites_manager.o
                0x0000000008011d48                bn::sprites_manager::palette(void*)
 .text._ZN2bn20sprites_manager_item13_builder_initERKNS_14sprite_builderE
                0x0000000008011d7c      0x36c bn_sprites_manager.o
                0x0000000008011d7c                bn::sprites_manager_item::_builder_init(bn::sprite_builder const&)
 .text._ZN2bn14sprite_builder11set_z_orderEi
                0x00000000080120e8       0x48 bn_sprites_manager.o
                0x00000000080120e8                bn::sprite_builder::set_z_order(int)
 .text._ZN2bn14sprite_builderC2ERKNS_17sprite_shape_sizeENS_16sprite_tiles_ptrENS_18sprite_palette_ptrE
                0x0000000008012130      0x118 bn_sprites_manager.o
                0x0000000008012130                bn::sprite_builder::sprite_builder(bn::sprite_shape_size const&, bn::sprite_tiles_ptr, bn::sprite_palette_ptr)
                0x0000000008012130                bn::sprite_builder::sprite_builder(bn::sprite_shape_size const&, bn::sprite_tiles_ptr, bn::sprite_palette_ptr)
 .text._ZN2bn15sprites_manager9set_tilesEPvONS_16sprite_tiles_ptrE
                0x0000000008012248      0x120 bn_sprites_manager.o
                0x0000000008012248                bn::sprites_manager::set_tiles(void*, bn::sprite_tiles_ptr&&)
 .text._ZN2bn10sprite_ptr9set_tilesEONS_16sprite_tiles_ptrE
                0x0000000008012368       0x10 bn_sprites_manager.o
                0x0000000008012368                bn::sprite_ptr::set_tiles(bn::sprite_tiles_ptr&&)
 .text._ZN2bn14sprite_builder15set_bg_priorityEi
                0x0000000008012378       0x38 bn_sprites_manager.o
                0x0000000008012378                bn::sprite_builder::set_bg_priority(int)
 .text._ZN2bn15sprites_manager6updateEv
                0x00000000080123b0      0x17c bn_sprites_manager.o
                0x00000000080123b0                bn::sprites_manager::update()
 .text._ZN2bn15sprites_manager11set_paletteEPvNS_8bpp_modeERKNS_18sprite_palette_ptrE
                0x000000000801252c       0x9c bn_sprites_manager.o
                0x000000000801252c                bn::sprites_manager::set_palette(void*, bn::bpp_mode, bn::sprite_palette_ptr const&)
 .text._ZN2bn10sprite_ptr11set_paletteERKNS_18sprite_palette_ptrE
                0x00000000080125c8       0x4c bn_sprites_manager.o
                0x00000000080125c8                bn::sprite_ptr::set_palette(bn::sprite_palette_ptr const&)
 .text._ZN2bn15sprites_manager11set_paletteEPvNS_8bpp_modeEONS_18sprite_palette_ptrE
                0x0000000008012614       0xa4 bn_sprites_manager.o
                0x0000000008012614                bn::sprites_manager::set_palette(void*, bn::bpp_mode, bn::sprite_palette_ptr&&)
 .text._ZN2bn10sprite_ptr11set_paletteERKNS_19sprite_palette_itemE
                0x00000000080126b8       0xdc bn_sprites_manager.o
                0x00000000080126b8                bn::sprite_ptr::set_palette(bn::sprite_palette_item const&)
 .text._ZN3_bn6assert9show_argsIJA27_ciA4_ciEEEvPKcS5_S5_iDpRKT_
                0x0000000008012794       0x5c bn_sprites_manager.o
                0x0000000008012794                void _bn::assert::show_args<char [27], int, char [4], int>(char const*, char const*, char const*, int, char const (&) [27], int const&, char const (&) [4], int const&)
 .text._ZN2bn15sprites_manager35fill_hblank_effect_third_attributesENS_17sprite_shape_sizeEPKNS_23sprite_third_attributesEPt
                0x00000000080127f0       0xb4 bn_sprites_manager.o
                0x00000000080127f0                bn::sprites_manager::fill_hblank_effect_third_attributes(bn::sprite_shape_size, bn::sprite_third_attributes const*, unsigned short*)
 .text._ZN2bn14sorted_sprites6sorter6insertERNS_20sprites_manager_itemE
                0x00000000080128a4      0x170 bn_sprites_manager.o
                0x00000000080128a4                bn::sorted_sprites::sorter::insert(bn::sprites_manager_item&)
 .text._ZN2bn15sprites_manager6createEONS_14sprite_builderE
                0x0000000008012a14      0x180 bn_sprites_manager.o
                0x0000000008012a14                bn::sprites_manager::create(bn::sprite_builder&&)
 .text._ZN2bn10sprite_ptr6createEONS_14sprite_builderE
                0x0000000008012b94       0x14 bn_sprites_manager.o
                0x0000000008012b94                bn::sprite_ptr::create(bn::sprite_builder&&)
 .text._ZN2bn15sprites_manager6createERKNS_11fixed_pointERKNS_17sprite_shape_sizeEONS_16sprite_tiles_ptrEONS_18sprite_palette_ptrE
                0x0000000008012ba8      0x1e4 bn_sprites_manager.o
                0x0000000008012ba8                bn::sprites_manager::create(bn::fixed_point const&, bn::sprite_shape_size const&, bn::sprite_tiles_ptr&&, bn::sprite_palette_ptr&&)
 .text._ZNK2bn11sprite_item13create_spriteENS_7fixed_tILi12EEES2_
                0x0000000008012d8c       0x44 bn_sprites_manager.o
                0x0000000008012d8c                bn::sprite_item::create_sprite(bn::fixed_t<12>, bn::fixed_t<12>) const
 .text._ZN2bn15sprites_manager15set_bg_priorityEPvi
                0x0000000008012dd0      0x148 bn_sprites_manager.o
                0x0000000008012dd0                bn::sprites_manager::set_bg_priority(void*, int)
 .text._ZN2bn10sprite_ptr15set_bg_priorityEi
                0x0000000008012f18       0x10 bn_sprites_manager.o
                0x0000000008012f18                bn::sprite_ptr::set_bg_priority(int)
 .text._ZN2bn15sprites_manager15decrease_usagesEPv
                0x0000000008012f28      0x180 bn_sprites_manager.o
                0x0000000008012f28                bn::sprites_manager::decrease_usages(void*)
 .text._ZN2bn10sprite_ptraSERKS0_
                0x00000000080130a8       0x28 bn_sprites_manager.o
                0x00000000080130a8                bn::sprite_ptr::operator=(bn::sprite_ptr const&)
 .text._ZN2bn10sprite_ptrD2Ev
                0x00000000080130d0       0x18 bn_sprites_manager.o
                0x00000000080130d0                bn::sprite_ptr::~sprite_ptr()
                0x00000000080130d0                bn::sprite_ptr::~sprite_ptr()
 .text.startup._GLOBAL__sub_I__ZN2bn7sprites16used_items_countEv
                0x00000000080130e8       0x9c bn_sprites_manager.o
 .text.exit._GLOBAL__sub_D__ZN2bn7sprites16used_items_countEv
                0x0000000008013184       0x4c bn_sprites_manager.o
 .text._ZN3_bn4sram11unsafe_readEPvii
                0x00000000080131d0       0x18 bn_sram.o
                0x00000000080131d0                _bn::sram::unsafe_read(void*, int, int)
 .text._ZN3_bn4sram12unsafe_writeEPKvii
                0x00000000080131e8       0x18 bn_sram.o
                0x00000000080131e8                _bn::sram::unsafe_write(void const*, int, int)
 .text._ZN2bn13ostringstreamC2ERNS_12istring_baseE
                0x0000000008013200        0x8 bn_sstream.o