Archive member included to satisfy reference by file (symbol)

/opt/devkitpro/libgba/lib/libmm.a(mm_mas.o)
                              bn_hw_audio.bn_noflto.o (mmStart)
/opt/devkitpro/libgba/lib/libmm.a(mm_main.o)
                              /opt/devkitpro/libgba/lib/libmm.a(mm_mas.o) (mmCallback)
/opt/devkitpro/libgba/lib/libmm.a(mm_effect.o)
                              bn_hw_audio.bn_noflto.o (mmEffect)
/opt/devkitpro/libgba/lib/libmm.a(mm_mas_arm.o)
                              /opt/devkitpro/libgba/lib/libmm.a(mm_mas.o) (mmAllocChannel)
/opt/devkitpro/libgba/lib/libmm.a(mm_mixer_gba.o)
                              bn_hw_audio.bn_noflto.o (mmVBlank)
/opt/devkitpro/libgba/lib/libmm.a(mm_main_gba.o)
                              /opt/devkitpro/libgba/lib/libmm.a(mm_mixer_gba.o) (mm_vblank_function)
/opt/devkitpro/devkitARM/bin/../lib/gcc/arm-none-eabi/12.2.0/thumb/libgcc.a(_call_via_rX.o)
                              /opt/devkitpro/libgba/lib/libmm.a(mm_main_gba.o) (_call_via_r1)
/opt/devkitpro/devkitARM/bin/../lib/gcc/arm-none-eabi/12.2.0/thumb/libgcc.a(_aeabi_ldivmod.o)
                              bn_hw_text.o (__aeabi_ldivmod)
/opt/devkitpro/devkitARM/bin/../lib/gcc/arm-none-eabi/12.2.0/thumb/libgcc.a(_aeabi_uldivmod.o)
                              bn_hw_text.o (__aeabi_uldivmod)
/opt/devkitpro/devkitARM/bin/../lib/gcc/arm-none-eabi/12.2.0/thumb/libgcc.a(_udivmoddi4.o)
                              /opt/devkitpro/devkitARM/bin/../lib/gcc/arm-none-eabi/12.2.0/thumb/libgcc.a(_aeabi_ldivmod.o) (__udivmoddi4)
/opt/devkitpro/devkitARM/bin/../lib/gcc/arm-none-eabi/12.2.0/../../../../arm-none-eabi/lib/thumb/libg.a(lib_a-init.o)
                              /opt/devkitpro/devkitARM/bin/../lib/gcc/arm-none-eabi/12.2.0/../../../../arm-none-eabi/lib/thumb/gba_crt0.o (__libc_init_array)
/opt/devkitpro/devkitARM/bin/../lib/gcc/arm-none-eabi/12.2.0/../../../../arm-none-eabi/lib/thumb/libsysbase.a(malloc_vars.o)
                              /opt/devkitpro/devkitARM/bin/../lib/gcc/arm-none-eabi/12.2.0/../../../../arm-none-eabi/lib/thumb/gba_crt0.o (fake_heap_end)

Discarded input sections

 .text          0x0000000000000000        0x0 /opt/devkitpro/devkitARM/bin/../lib/gcc/arm-none-eabi/12.2.0/../../../../arm-none-eabi/lib/thumb/gba_crt0.o
 .data          0x0000000000000000        0x0 /opt/devkitpro/devkitARM/bin/../lib/gcc/arm-none-eabi/12.2.0/../../../../arm-none-eabi/lib/thumb/gba_crt0.o
 .bss           0x0000000000000000        0x0 /opt/devkitpro/devkitARM/bin/../lib/gcc/arm-none-eabi/12.2.0/../../../../arm-none-eabi/lib/thumb/gba_crt0.o
 .text          0x0000000000000000        0x0 /opt/devkitpro/devkitARM/bin/../lib/gcc/arm-none-eabi/12.2.0/thumb/crti.o
 .data          0x0000000000000000        0x0 /opt/devkitpro/devkitARM/bin/../lib/gcc/arm-none-eabi/12.2.0/thumb/crti.o
 .bss           0x0000000000000000        0x0 /opt/devkitpro/devkitARM/bin/../lib/gcc/arm-none-eabi/12.2.0/thumb/crti.o
 .text          0x0000000000000000        0x0 /opt/devkitpro/devkitARM/bin/../lib/gcc/arm-none-eabi/12.2.0/thumb/crtbegin.o
 .data          0x0000000000000000        0x0 /opt/devkitpro/devkitARM/bin/../lib/gcc/arm-none-eabi/12.2.0/thumb/crtbegin.o
 .bss           0x0000000000000000        0x0 /opt/devkitpro/devkitARM/bin/../lib/gcc/arm-none-eabi/12.2.0/thumb/crtbegin.o
 .rodata.all_implied_fbits
                0x0000000000000000       0x24 /opt/devkitpro/devkitARM/bin/../lib/gcc/arm-none-eabi/12.2.0/thumb/crtbegin.o
 .data.__dso_handle
                0x0000000000000000        0x4 /opt/devkitpro/devkitARM/bin/../lib/gcc/arm-none-eabi/12.2.0/thumb/crtbegin.o
 .text          0x0000000000000000        0x0 _bn_audio_soundbank.bin.o
 .data          0x0000000000000000        0x0 _bn_audio_soundbank.bin.o
 .bss           0x0000000000000000        0x0 _bn_audio_soundbank.bin.o
 .text          0x0000000000000000        0x0 apple_bn_gfx.o
 .data          0x0000000000000000        0x0 apple_bn_gfx.o
 .bss           0x0000000000000000        0x0 apple_bn_gfx.o
 .text          0x0000000000000000        0x0 background_bn_gfx.o
 .data          0x0000000000000000        0x0 background_bn_gfx.o
 .bss           0x0000000000000000        0x0 background_bn_gfx.o
 .text          0x0000000000000000        0x0 bgdesert_bn_gfx.o
 .data          0x0000000000000000        0x0 bgdesert_bn_gfx.o
 .bss           0x0000000000000000        0x0 bgdesert_bn_gfx.o
 .text          0x0000000000000000        0x0 bggrass_bn_gfx.o
 .data          0x0000000000000000        0x0 bggrass_bn_gfx.o
 .bss           0x0000000000000000        0x0 bggrass_bn_gfx.o
 .text          0x0000000000000000        0x0 bgnight_bn_gfx.o
 .data          0x0000000000000000        0x0 bgnight_bn_gfx.o
 .bss           0x0000000000000000        0x0 bgnight_bn_gfx.o
 .text          0x0000000000000000        0x0 bgocean_bn_gfx.o
 .data          0x0000000000000000        0x0 bgocean_bn_gfx.o
 .bss           0x0000000000000000        0x0 bgocean_bn_gfx.o
[...]
Memory Configuration

Name             Origin             Length             Attributes
rom              0x0000000008000000 0x0000000002000000
iwram            0x0000000003000000 0x0000000000008000
ewram            0x0000000002000000 0x0000000000040000
*default*        0x0000000000000000 0xffffffffffffffff

Linker script and memory map

                0x0000000008000000                __text_start = ORIGIN (rom)
                0x0000000002040000                __eheap_end = (ORIGIN (ewram) + LENGTH (ewram))
                0x0000000003000000                __iwram_start = ORIGIN (iwram)
                0x0000000003008000                __iwram_top = (ORIGIN (iwram) + LENGTH (iwram))
                0x0000000003007fa0                __sp_irq = (__iwram_top - 0x60)
                0x0000000003007f00                __sp_usr = (__sp_irq - 0xa0)
                0x0000000003007ff8                __irq_flags = 0x3007ff8
                0x0000000008000000                . = __text_start

.crt0           0x0000000008000000      0x210
 *(.crt0)
 .crt0          0x0000000008000000      0x210 /opt/devkitpro/devkitARM/bin/../lib/gcc/arm-none-eabi/12.2.0/../../../../arm-none-eabi/lib/thumb/gba_crt0.o
                0x0000000008000000                _start
                0x00000000080000c4                __boot_method
                0x00000000080000c5                __slave_number
                0x00000000080000e0                start_vector
                0x0000000008000210                . = ALIGN (0x4)

.init           0x0000000008000210        0xc
 *(SORT_NONE(.init))
 .init          0x0000000008000210        0x4 /opt/devkitpro/devkitARM/bin/../lib/gcc/arm-none-eabi/12.2.0/thumb/crti.o
                0x0000000008000210                _init
 .init          0x0000000008000214        0x8 /opt/devkitpro/devkitARM/bin/../lib/gcc/arm-none-eabi/12.2.0/thumb/crtn.o

.plt            0x000000000800021c        0x0
 *(.plt)
                0x000000000800021c                . = ALIGN (0x4)

.text           0x0000000008000220    0x18070
 *(EXCLUDE_FILE(*.iwram*) .text*)
 .text.__do_global_dtors_aux
                0x0000000008000220       0x2c /opt/devkitpro/devkitARM/bin/../lib/gcc/arm-none-eabi/12.2.0/thumb/crtbegin.o
 .text.frame_dummy
                0x000000000800024c       0x24 /opt/devkitpro/devkitARM/bin/../lib/gcc/arm-none-eabi/12.2.0/thumb/crtbegin.o
 .text._ZN3_bn6assert9show_argsIA16_ciEEvPKcS4_S4_iRKT_RKT0_
                0x0000000008000270       0x58 common_info.o
                0x0000000008000270                void _bn::assert::show_args<char [16], int>(char const*, char const*, char const*, int, char const (&) [16], int const&)
 .text._ZN3_bn6assert9show_argsIA15_ciEEvPKcS4_S4_iRKT_RKT0_
                0x00000000080002c8       0x58 common_stats.o
                0x00000000080002c8                void _bn::assert::show_args<char [15], int>(char const*, char const*, char const*, int, char const (&) [15], int const&)
 .text._Z13optionsScreenN2bn21sprite_text_generatorE
                0x0000000008000320      0x3b0 main.o
                0x0000000008000320                optionsScreen(bn::sprite_text_generator)
 .text._Z11titleScreenN2bn21sprite_text_generatorE
                0x00000000080006d0      0x2ec main.o
                0x00000000080006d0                titleScreen(bn::sprite_text_generator)
 .text._Z7unpauseN2bn21sprite_text_generatorE
                0x00000000080009bc      0x128 main.o
                0x00000000080009bc                unpause(bn::sprite_text_generator)
 .text._ZN3_bn6assert9show_argsIJA19_ciA4_ciEEEvPKcS5_S5_iDpRKT_
                0x0000000008000ae4       0x6c main.o
                0x0000000008000ae4                void _bn::assert::show_args<char [19], int, char [4], int>(char const*, char const*, char const*, int, char const (&) [19], int const&, char const (&) [4], int const&)
 .text._ZN3_bn6assert9show_argsIJA16_ciA4_ciEEEvPKcS5_S5_iDpRKT_
                0x0000000008000b50       0x6c main.o
                0x0000000008000b50                void _bn::assert::show_args<char [16], int, char [4], int>(char const*, char const*, char const*, int, char const (&) [16], int const&, char const (&) [4], int const&)
 .text._ZN4snek3dieEv
                0x0000000008000bbc      0x2d8 main.o
                0x0000000008000bbc                snek::die()
 .text._ZN3_bn6assert9show_argsIA15_cEEvPKcS4_S4_iRKT_
                0x0000000008000e94       0x50 main.o
                0x0000000008000e94                void _bn::assert::show_args<char [15]>(char const*, char const*, char const*, int, char const (&) [15])
 .text._ZN3_bn6assert9show_argsIA14_cEEvPKcS4_S4_iRKT_
                0x0000000008000ee4       0x50 main.o
                0x0000000008000ee4                void _bn::assert::show_args<char [14]>(char const*, char const*, char const*, int, char const (&) [14])
 .text._ZN2bn5ilistIiE4backEv.part.0
                0x0000000008000f34       0x28 main.o
 .text._ZN3_bn6assert9show_argsIA22_cEEvPKcS4_S4_iRKT_
                0x0000000008000f5c       0x50 main.o
                0x0000000008000f5c                void _bn::assert::show_args<char [22]>(char const*, char const*, char const*, int, char const (&) [22])
 .text._ZN4snek14update_paletteEv
                0x0000000008000fac      0x110 main.o
                0x0000000008000fac                snek::update_palette()
 .text._ZN5apple5placeEv
                0x00000000080010bc       0xf4 main.o
                0x00000000080010bc                apple::place()
 .text._ZN5appleC2Ev
                0x00000000080011b0       0x70 main.o
                0x00000000080011b0                apple::apple()
                0x00000000080011b0                apple::apple()
 .text._ZN8bodyPartC2E4pos2N2bn10sprite_ptrEii
                0x0000000008001220      0x134 main.o
                0x0000000008001220                bodyPart::bodyPart(pos2, bn::sprite_ptr, int, int)
                0x0000000008001220                bodyPart::bodyPart(pos2, bn::sprite_ptr, int, int)
 .text._ZN4snek7addPartEv
                0x0000000008001354      0x154 main.o
                0x0000000008001354                snek::addPart()
 .text._ZN3_bn6assert9show_argsIA13_cEEvPKcS4_S4_iRKT_
                0x00000000080014a8       0x50 main.o
                0x00000000080014a8                void _bn::assert::show_args<char [13]>(char const*, char const*, char const*, int, char const (&) [13])
 .text._ZN4snekC2Ev
                0x00000000080014f8      0x2a0 main.o
                0x00000000080014f8                snek::snek()
                0x00000000080014f8                snek::snek()
 .text._ZN2bn5ilistIiE9push_backEOi
                0x0000000008001798       0x70 main.o
                0x0000000008001798                bn::ilist<int>::push_back(int&&)
 .text._ZN3_bn6assert9show_argsIA33_cEEvPKcS4_S4_iRKT_
                0x0000000008001808       0x50 main.o
                0x0000000008001808                void _bn::assert::show_args<char [33]>(char const*, char const*, char const*, int, char const (&) [33])
 .text._ZN4snek4moveEv
                0x0000000008001858      0x8a8 main.o
                0x0000000008001858                snek::move()
 .text.startup.main
                0x0000000008002100      0x96c main.o
                0x0000000008002100                main
 .text._ZN2bn13audio_manager4initEv
                0x0000000008002a6c        0xc bn_audio_manager.o
                0x0000000008002a6c                bn::audio_manager::init()
 .text._ZN2bn13audio_manager7disableEv
                0x0000000008002a78        0xc bn_audio_manager.o
                0x0000000008002a78                bn::audio_manager::disable()
 .text._ZN2bn13audio_manager22disable_vblank_handlerEv
                0x0000000008002a84        0xc bn_audio_manager.o
                0x0000000008002a84                bn::audio_manager::disable_vblank_handler()
 .text._ZN2bn13audio_manager6updateEv
                0x0000000008002a90       0x18 bn_audio_manager.o
                0x0000000008002a90                bn::audio_manager::update()
 .text._ZN2bn13audio_manager6commitEv
                0x0000000008002aa8        0xc bn_audio_manager.o
                0x0000000008002aa8                bn::audio_manager::commit()
 .text._ZN3_bn6assert9show_argsIA18_ciEEvPKcS4_S4_iRKT_RKT0_
                0x0000000008002ab4       0x58 bn_audio_manager.o
                0x0000000008002ab4                void _bn::assert::show_args<char [18], int>(char const*, char const*, char const*, int, char const (&) [18], int const&)
 .text._ZN3_bn6assert9show_argsIA14_ciEEvPKcS4_S4_iRKT_RKT0_
                0x0000000008002b0c       0x58 bn_audio_manager.o
                0x0000000008002b0c                void _bn::assert::show_args<char [14], int>(char const*, char const*, char const*, int, char const (&) [14], int const&)
 .text._ZN2bn13audio_manager16execute_commandsEv
                0x0000000008002b64      0x178 bn_audio_manager.o
                0x0000000008002b64                bn::audio_manager::execute_commands()
 .text._ZN3_bn6assert9show_argsIA26_ciEEvPKcS4_S4_iRKT_RKT0_
                0x0000000008002cdc       0x58 bn_audio_manager.o
                0x0000000008002cdc                void _bn::assert::show_args<char [26], int>(char const*, char const*, char const*, int, char const (&) [26], int const&)
 .text._ZN3_bn6assert9show_argsIA25_cEEvPKcS4_S4_iRKT_
                0x0000000008002d34       0x50 bn_audio_manager.o
                0x0000000008002d34                void _bn::assert::show_args<char [25]>(char const*, char const*, char const*, int, char const (&) [25])
 .text._ZN2bn13audio_manager10stop_musicEv
                0x0000000008002d84       0x70 bn_audio_manager.o
                0x0000000008002d84                bn::audio_manager::stop_music()
 .text._ZN2bn13audio_manager4stopEv
                0x0000000008002df4       0x5c bn_audio_manager.o
                0x0000000008002df4                bn::audio_manager::stop()
 .text._ZN3_bn6assert9show_argsIA24_cEEvPKcS4_S4_iRKT_
                0x0000000008002e50       0x50 bn_audio_manager.o
                0x0000000008002e50                void _bn::assert::show_args<char [24]>(char const*, char const*, char const*, int, char const (&) [24])
 .text.startup._GLOBAL__sub_I__ZN2bn5audio16update_on_vblankEv
                0x0000000008002ea0       0x30 bn_audio_manager.o
 .text._ZN3_bn6assert9show_argsIA23_cEEvPKcS4_S4_iRKT_
                0x0000000008002ed0       0x50 bn_best_fit_allocator.o
                0x0000000008002ed0                void _bn::assert::show_args<char [23]>(char const*, char const*, char const*, int, char const (&) [23])
 .text._ZN2bn18best_fit_allocatorD2Ev
                0x0000000008002f20       0x34 bn_best_fit_allocator.o
                0x0000000008002f20                bn::best_fit_allocator::~best_fit_allocator()
                0x0000000008002f20                bn::best_fit_allocator::~best_fit_allocator()
 .text._ZN3_bn6assert9show_argsIA20_ciEEvPKcS4_S4_iRKT_RKT0_
                0x0000000008002f54       0x58 bn_best_fit_allocator.o
                0x0000000008002f54                void _bn::assert::show_args<char [20], int>(char const*, char const*, char const*, int, char const (&) [20], int const&)
 .text._ZN3_bn6assert9show_argsIA21_cEEvPKcS4_S4_iRKT_
                0x0000000008002fac       0x50 bn_best_fit_allocator.o
                0x0000000008002fac                void _bn::assert::show_args<char [21]>(char const*, char const*, char const*, int, char const (&) [21])
 .text._ZN2bn18best_fit_allocator5resetEPvi
                0x0000000008002ffc       0xc8 bn_best_fit_allocator.o
                0x0000000008002ffc                bn::best_fit_allocator::reset(void*, int)
 .text._ZN2bn17bg_blocks_manager12_GLOBAL__N_125_regular_map_blocks_countEii
                0x00000000080030c4       0x38 bn_bg_blocks_manager.o
 .text._ZN2bn13ostringstream11append_argsIiJA4_ctEEEvRKT_DpRKT0_.isra.0
                0x00000000080030fc       0x24 bn_bg_blocks_manager.o
 .text._ZN2bn13ostringstream11append_argsIiJA4_ciEEEvRKT_DpRKT0_.isra.0
                0x0000000008003120       0x24 bn_bg_blocks_manager.o
 .text._ZN2bn18regular_bg_map_ptrC2ERKS0_
                0x0000000008003144       0x20 bn_bg_blocks_manager.o
                0x0000000008003144                bn::regular_bg_map_ptr::regular_bg_map_ptr(bn::regular_bg_map_ptr const&)
                0x0000000008003144                bn::regular_bg_map_ptr::regular_bg_map_ptr(bn::regular_bg_map_ptr const&)
 .text._ZNK2bn18regular_bg_map_ptr2idEv
                0x0000000008003164       0x18 bn_bg_blocks_manager.o
                0x0000000008003164                bn::regular_bg_map_ptr::id() const
 .text._ZNK2bn18regular_bg_map_ptr10dimensionsEv
                0x000000000800317c       0x20 bn_bg_blocks_manager.o
                0x000000000800317c                bn::regular_bg_map_ptr::dimensions() const
 .text._ZNK2bn20regular_bg_tiles_ptr3cbbEv
                0x000000000800319c       0x18 bn_bg_blocks_manager.o
                0x000000000800319c                bn::regular_bg_tiles_ptr::cbb() const
 .text._ZNK2bn17affine_bg_map_ptr2idEv
                0x00000000080031b4       0x18 bn_bg_blocks_manager.o
                0x00000000080031b4                bn::affine_bg_map_ptr::id() const
 .text._ZNK2bn17affine_bg_map_ptr10dimensionsEv
                0x00000000080031cc       0x20 bn_bg_blocks_manager.o
                0x00000000080031cc                bn::affine_bg_map_ptr::dimensions() const
 .text._ZNK2bn19affine_bg_tiles_ptr3cbbEv
                0x00000000080031ec       0x18 bn_bg_blocks_manager.o
                0x00000000080031ec                bn::affine_bg_tiles_ptr::cbb() const
 .text._ZN2bn17bg_blocks_manager10log_statusEv
                0x0000000008003204      0x3f8 bn_bg_blocks_manager.o
                0x0000000008003204                bn::bg_blocks_manager::log_status()
 .text._ZN2bn17bg_blocks_manager15decrease_usagesEi
                0x00000000080035fc       0x98 bn_bg_blocks_manager.o
                0x00000000080035fc                bn::bg_blocks_manager::decrease_usages(int)
 .text._ZN2bn18regular_bg_map_ptrD2Ev
                0x0000000008003694       0x18 bn_bg_blocks_manager.o
                0x0000000008003694                bn::regular_bg_map_ptr::~regular_bg_map_ptr()
                0x0000000008003694                bn::regular_bg_map_ptr::~regular_bg_map_ptr()
 .text._ZN2bn17bg_blocks_manager12_GLOBAL__N_110items_list12insert_afterEiRKNS1_9item_typeE.constprop.0
                0x00000000080036ac      0x240 bn_bg_blocks_manager.o
 .text._ZN2bn17bg_blocks_manager4initEv
                0x00000000080038ec       0x7c bn_bg_blocks_manager.o
                0x00000000080038ec                bn::bg_blocks_manager::init()
 .text._ZN2bn17bg_blocks_manager11must_commitEi
                0x0000000008003968       0x18 bn_bg_blocks_manager.o
                0x0000000008003968                bn::bg_blocks_manager::must_commit(int)
 .text._ZN3_bn6assert9show_argsIA27_ciEEvPKcS4_S4_iRKT_RKT0_
                0x0000000008003980       0x58 bn_bg_blocks_manager.o
                0x0000000008003980                void _bn::assert::show_args<char [27], int>(char const*, char const*, char const*, int, char const (&) [27], int const&)
 .text._ZN3_bn6assert9show_argsIJA22_ciA4_ciEEEvPKcS5_S5_iDpRKT_
                0x00000000080039d8       0x5c bn_bg_blocks_manager.o
                0x00000000080039d8                void _bn::assert::show_args<char [22], int, char [4], int>(char const*, char const*, char const*, int, char const (&) [22], int const&, char const (&) [4], int const&)
 .text._ZN3_bn6assert9show_argsIJA58_ciA4_ciEEEvPKcS5_S5_iDpRKT_
                0x0000000008003a34       0x5c bn_bg_blocks_manager.o
                0x0000000008003a34                void _bn::assert::show_args<char [58], int, char [4], int>(char const*, char const*, char const*, int, char const (&) [58], int const&, char const (&) [4], int const&)
 .text._ZN3_bn6assert9show_argsIA22_ciEEvPKcS4_S4_iRKT_RKT0_
                0x0000000008003a90       0x58 bn_bg_blocks_manager.o
                0x0000000008003a90                void _bn::assert::show_args<char [22], int>(char const*, char const*, char const*, int, char const (&) [22], int const&)
 .text._ZN3_bn6assert9show_argsIJA44_cPKtA4_cS4_EEEvPKcS7_S7_iDpRKT_
                0x0000000008003ae8       0x6c bn_bg_blocks_manager.o
                0x0000000008003ae8                void _bn::assert::show_args<char [44], unsigned short const*, char [4], unsigned short const*>(char const*, char const*, char const*, int, char const (&) [44], unsigned short const* const&, char const (&) [4], unsigned short const* const&)
 .text._ZN3_bn6assert9show_argsIJA46_ciA4_ciEEEvPKcS5_S5_iDpRKT_
                0x0000000008003b54       0x5c bn_bg_blocks_manager.o
                0x0000000008003b54                void _bn::assert::show_args<char [46], int, char [4], int>(char const*, char const*, char const*, int, char const (&) [46], int const&, char const (&) [4], int const&)
 .text._ZN3_bn6assert9show_argsIJA37_cbA4_cbEEEvPKcS5_S5_iDpRKT_
                0x0000000008003bb0       0x84 bn_bg_blocks_manager.o
                0x0000000008003bb0                void _bn::assert::show_args<char [37], bool, char [4], bool>(char const*, char const*, char const*, int, char const (&) [37], bool const&, char const (&) [4], bool const&)
 .text._ZN3_bn6assert9show_argsIA19_cEEvPKcS4_S4_iRKT_
                0x0000000008003c34       0x50 bn_bg_blocks_manager.o
                0x0000000008003c34                void _bn::assert::show_args<char [19]>(char const*, char const*, char const*, int, char const (&) [19])
 .text._ZN2bn17bg_blocks_manager12_GLOBAL__N_116_find_tiles_implEPKtNS_16compression_typeEib
                0x0000000008003c84      0x1e8 bn_bg_blocks_manager.o
 .text._ZN3_bn6assert9show_argsIJA34_ciA4_ctEEEvPKcS5_S5_iDpRKT_
                0x0000000008003e6c       0x5c bn_bg_blocks_manager.o
                0x0000000008003e6c                void _bn::assert::show_args<char [34], int, char [4], unsigned short>(char const*, char const*, char const*, int, char const (&) [34], int const&, char const (&) [4], unsigned short const&)
 .text._ZN3_bn6assert9show_argsIJA36_ciA4_ctEEEvPKcS5_S5_iDpRKT_
                0x0000000008003ec8       0x5c bn_bg_blocks_manager.o
                0x0000000008003ec8                void _bn::assert::show_args<char [36], int, char [4], unsigned short>(char const*, char const*, char const*, int, char const (&) [36], int const&, char const (&) [4], unsigned short const&)
 .text._ZN3_bn6assert9show_argsIJA54_ciA4_ciEEEvPKcS5_S5_iDpRKT_
                0x0000000008003f24       0x5c bn_bg_blocks_manager.o
                0x0000000008003f24                void _bn::assert::show_args<char [54], int, char [4], int>(char const*, char const*, char const*, int, char const (&) [54], int const&, char const (&) [4], int const&)
 .text._ZNK2bn18regular_bg_map_ptr5tilesEv
                0x0000000008003f80       0x48 bn_bg_blocks_manager.o
                0x0000000008003f80                bn::regular_bg_map_ptr::tiles() const
 .text._ZNK2bn17affine_bg_map_ptr5tilesEv
                0x0000000008003fc8       0x48 bn_bg_blocks_manager.o
                0x0000000008003fc8                bn::affine_bg_map_ptr::tiles() const
 .text._ZNK2bn18regular_bg_map_ptr3bppEv
                0x0000000008004010       0x4c bn_bg_blocks_manager.o
                0x0000000008004010                bn::regular_bg_map_ptr::bpp() const
 .text._ZN2bn17bg_blocks_manager21update_affine_map_rowEiii
                0x000000000800405c      0x104 bn_bg_blocks_manager.o
                0x000000000800405c                bn::bg_blocks_manager::update_affine_map_row(int, int, int)
 .text._ZN2bn17bg_blocks_manager23set_affine_map_positionEiii
                0x0000000008004160      0x1b0 bn_bg_blocks_manager.o
                0x0000000008004160                bn::bg_blocks_manager::set_affine_map_position(int, int, int)
 .text._ZN2bn17bg_blocks_manager21update_affine_map_colEiii
                0x0000000008004310      0x224 bn_bg_blocks_manager.o
                0x0000000008004310                bn::bg_blocks_manager::update_affine_map_col(int, int, int)
 .text._ZN2bn17bg_blocks_manager22update_regular_map_colEiii
                0x0000000008004534      0x174 bn_bg_blocks_manager.o
                0x0000000008004534                bn::bg_blocks_manager::update_regular_map_col(int, int, int)
 .text._ZN2bn17bg_blocks_manager22update_regular_map_rowEiii
                0x00000000080046a8      0x14c bn_bg_blocks_manager.o
                0x00000000080046a8                bn::bg_blocks_manager::update_regular_map_row(int, int, int)
 .text._ZN2bn17bg_blocks_manager24set_regular_map_positionEiii
                0x00000000080047f4      0x1d8 bn_bg_blocks_manager.o
                0x00000000080047f4                bn::bg_blocks_manager::set_regular_map_position(int, int, int)
 .text._ZN2bn17bg_blocks_manager12_GLOBAL__N_112_commit_itemERKNS1_9item_typeE
                0x00000000080049cc      0x2bc bn_bg_blocks_manager.o
 .text._ZN2bn17bg_blocks_manager6commitEv
                0x0000000008004c88       0x40 bn_bg_blocks_manager.o
                0x0000000008004c88                bn::bg_blocks_manager::commit()
 .text._ZN2bn17bg_blocks_manager21set_regular_map_tilesEiONS_20regular_bg_tiles_ptrE
                0x0000000008004cc8      0x25c bn_bg_blocks_manager.o
                0x0000000008004cc8                bn::bg_blocks_manager::set_regular_map_tiles(int, bn::regular_bg_tiles_ptr&&)
 .text._ZN2bn17bg_blocks_manager23set_regular_map_paletteEiONS_14bg_palette_ptrE
                0x0000000008004f24      0x224 bn_bg_blocks_manager.o
                0x0000000008004f24                bn::bg_blocks_manager::set_regular_map_palette(int, bn::bg_palette_ptr&&)
 .text._ZN2bn18regular_bg_map_ptr11set_paletteERKNS_14bg_palette_ptrE
                0x0000000008005148       0x24 bn_bg_blocks_manager.o
                0x0000000008005148                bn::regular_bg_map_ptr::set_palette(bn::bg_palette_ptr const&)
 .text._ZN3_bn6assert9show_argsIJA34_ciA4_ciEEEvPKcS5_S5_iDpRKT_
                0x000000000800516c       0x5c bn_bg_blocks_manager.o
                0x000000000800516c                void _bn::assert::show_args<char [34], int, char [4], int>(char const*, char const*, char const*, int, char const (&) [34], int const&, char const (&) [4], int const&)
 .text._ZN3_bn6assert9show_argsIJA38_ciA4_ciEEEvPKcS5_S5_iDpRKT_
                0x00000000080051c8       0x5c bn_bg_blocks_manager.o
                0x00000000080051c8                void _bn::assert::show_args<char [38], int, char [4], int>(char const*, char const*, char const*, int, char const (&) [38], int const&, char const (&) [4], int const&)
 .text._ZN3_bn6assert9show_argsIJA32_cA15_cPKtA16_ciA17_ciA34_cN2bn11string_viewEEEEvPKcSC_SC_iDpRKT_
                0x0000000008005224       0x94 bn_bg_blocks_manager.o
                0x0000000008005224                void _bn::assert::show_args<char [32], char [15], unsigned short const*, char [16], int, char [17], int, char [34], bn::string_view>(char const*, char const*, char const*, int, char const (&) [32], char const (&) [15], unsigned short const* const&, char const (&) [16], int const&, char const (&) [17], int const&, char const (&) [34], bn::string_view const&)
 .text._ZN3_bn6assert9show_argsIA26_cEEvPKcS4_S4_iRKT_
                0x00000000080052b8       0x50 bn_bg_blocks_manager.o
                0x00000000080052b8                void _bn::assert::show_args<char [26]>(char const*, char const*, char const*, int, char const (&) [26])
 .text._ZN3_bn6assert9show_argsIA46_cEEvPKcS4_S4_iRKT_
                0x0000000008005308       0x50 bn_bg_blocks_manager.o
                0x0000000008005308                void _bn::assert::show_args<char [46]>(char const*, char const*, char const*, int, char const (&) [46])
 .text._ZN3_bn6assert9show_argsIJA30_cA13_cPKtA14_ciA15_ciA17_ciA34_cN2bn11string_viewEEEEvPKcSD_SD_iDpRKT_
                0x0000000008005358       0xa8 bn_bg_blocks_manager.o
                0x0000000008005358                void _bn::assert::show_args<char [30], char [13], unsigned short const*, char [14], int, char [15], int, char [17], int, char [34], bn::string_view>(char const*, char const*, char const*, int, char const (&) [30], char const (&) [13], unsigned short const* const&, char const (&) [14], int const&, char const (&) [15], int const&, char const (&) [17], int const&, char const (&) [34], bn::string_view const&)
 .text._ZN3_bn6assert9show_argsIA17_cEEvPKcS4_S4_iRKT_
                0x0000000008005400       0x50 bn_bg_blocks_manager.o
                0x0000000008005400                void _bn::assert::show_args<char [17]>(char const*, char const*, char const*, int, char const (&) [17])
 .text._ZN3_bn6assert9show_argsIJA37_ciA4_ciEEEvPKcS5_S5_iDpRKT_
                0x0000000008005450       0x5c bn_bg_blocks_manager.o
                0x0000000008005450                void _bn::assert::show_args<char [37], int, char [4], int>(char const*, char const*, char const*, int, char const (&) [37], int const&, char const (&) [4], int const&)
 .text._ZN2bn17bg_blocks_manager33set_regular_map_tiles_and_paletteEiONS_20regular_bg_tiles_ptrEONS_14bg_palette_ptrE
                0x00000000080054ac      0x2e8 bn_bg_blocks_manager.o
                0x00000000080054ac                bn::bg_blocks_manager::set_regular_map_tiles_and_palette(int, bn::regular_bg_tiles_ptr&&, bn::bg_palette_ptr&&)
 .text._ZN2bn17bg_blocks_manager12_GLOBAL__N_122_find_regular_map_implERKNS_19regular_bg_map_itemERKNS_20regular_bg_tiles_ptrERKNS_14bg_palette_ptrE
                0x0000000008005794      0x394 bn_bg_blocks_manager.o
 .text._ZN2bn13ostringstream11append_argsIA4_cJiEEEvRKT_DpRKT0_
                0x0000000008005b28       0x18 bn_bg_blocks_manager.o
                0x0000000008005b28                void bn::ostringstream::append_args<char [4], int>(char const (&) [4], int const&)
 .text._ZN3_bn6assert9show_argsIJA39_cPKN2bn4tileEA4_ciEEEvPKcS9_S9_iDpRKT_
                0x0000000008005b40       0x64 bn_bg_blocks_manager.o
                0x0000000008005b40                void _bn::assert::show_args<char [39], bn::tile const*, char [4], int>(char const*, char const*, char const*, int, char const (&) [39], bn::tile const* const&, char const (&) [4], int const&)
 .text._ZN3_bn6assert9show_argsIA25_ciEEvPKcS4_S4_iRKT_RKT0_
                0x0000000008005ba4       0x58 bn_bg_blocks_manager.o
                0x0000000008005ba4                void _bn::assert::show_args<char [25], int>(char const*, char const*, char const*, int, char const (&) [25], int const&)
 .text._ZN2bn14iunordered_mapIPKviNS_17bg_blocks_manager12_GLOBAL__N_115identity_hasherENS_8equal_toIS2_EEE5eraseERKNS8_14const_iteratorE.constprop.0.isra.0
                0x0000000008005bfc      0x1a8 bn_bg_blocks_manager.o
 .text._ZN2bn17bg_blocks_manager12_GLOBAL__N_121_remove_adjacent_itemEiRNS1_9item_typeE
                0x0000000008005da4       0xcc bn_bg_blocks_manager.o
 .text._ZN2bn17bg_blocks_manager6updateEv
                0x0000000008005e70      0x200 bn_bg_blocks_manager.o
                0x0000000008005e70                bn::bg_blocks_manager::update()
 .text._ZN2bn17bg_blocks_manager12_GLOBAL__N_112_create_itemEiibONS1_11create_dataE
                0x0000000008006070      0x538 bn_bg_blocks_manager.o
 .text._ZN2bn17bg_blocks_manager12_GLOBAL__N_112_create_implEONS1_11create_dataE
                0x00000000080065a8      0x1d0 bn_bg_blocks_manager.o
 .text._ZN2bn17bg_blocks_manager20create_regular_tilesERKNS_21regular_bg_tiles_itemEb
                0x0000000008006778      0x148 bn_bg_blocks_manager.o
                0x0000000008006778                bn::bg_blocks_manager::create_regular_tiles(bn::regular_bg_tiles_item const&, bool)
 .text._ZN2bn17bg_blocks_manager18create_regular_mapERKNS_19regular_bg_map_itemEONS_20regular_bg_tiles_ptrEONS_14bg_palette_ptrEb
                0x00000000080068c0      0x280 bn_bg_blocks_manager.o
                0x00000000080068c0                bn::bg_blocks_manager::create_regular_map(bn::regular_bg_map_item const&, bn::regular_bg_tiles_ptr&&, bn::bg_palette_ptr&&, bool)
 .text._ZN2bn18regular_bg_map_ptr6createERKNS_15regular_bg_itemE
                0x0000000008006b40       0x50 bn_bg_blocks_manager.o
                0x0000000008006b40                bn::regular_bg_map_ptr::create(bn::regular_bg_item const&)
 .text.startup._GLOBAL__sub_I__ZN2bn7bg_maps16used_cells_countEv
                0x0000000008006b90       0x98 bn_bg_blocks_manager.o
 .text.exit._GLOBAL__sub_D__ZN2bn7bg_maps16used_cells_countEv
                0x0000000008006c28       0x50 bn_bg_blocks_manager.o
 .text._ZN2bn11bgs_manager12_GLOBAL__N_129_check_unique_regular_big_mapERNS1_9item_typeE
                0x0000000008006c78       0x68 bn_bgs_manager.o
 .text._ZN2bn11bgs_manager12_GLOBAL__N_133_update_item_hw_affine_attributesERKNS1_9item_typeE
                0x0000000008006ce0       0x48 bn_bgs_manager.o
 .text._ZN2bn13ostringstream11append_argsIiJA4_ciEEEvRKT_DpRKT0_.isra.0
                0x0000000008006d28       0x24 bn_bgs_manager.o
 .text._ZN2bn11bgs_manager5hw_idEPv
                0x0000000008006d4c        0x8 bn_bgs_manager.o
                0x0000000008006d4c                bn::bgs_manager::hw_id(void*)
 .text._ZN2bn11bgs_manager11hw_positionEPv
                0x0000000008006d54        0x4 bn_bgs_manager.o
                0x0000000008006d54                bn::bgs_manager::hw_position(void*)
 .text._ZN2bn11bgs_manager14mat_attributesEPv
                0x0000000008006d58        0x4 bn_bgs_manager.o
                0x0000000008006d58                bn::bgs_manager::mat_attributes(void*)
 .text._ZN2bn11bgs_manager20update_windows_flagsEPj
                0x0000000008006d5c       0x7c bn_bgs_manager.o
                0x0000000008006d5c                bn::bgs_manager::update_windows_flags(unsigned int*)
 .text._ZN2bn11bgs_manager28update_regular_map_tiles_cbbEii
                0x0000000008006dd8       0xa8 bn_bgs_manager.o
                0x0000000008006dd8                bn::bgs_manager::update_regular_map_tiles_cbb(int, int)
 .text._ZN2bn11bgs_manager30update_regular_map_palette_bppEiNS_8bpp_modeE
                0x0000000008006e80       0xac bn_bgs_manager.o
                0x0000000008006e80                bn::bgs_manager::update_regular_map_palette_bpp(int, bn::bpp_mode)
 .text._ZN2bn11bgs_manager36fill_hblank_effect_regular_positionsEiPKNS_7fixed_tILi12EEEPt
                0x0000000008006f2c       0x38 bn_bgs_manager.o
                0x0000000008006f2c                bn::bgs_manager::fill_hblank_effect_regular_positions(int, bn::fixed_t<12> const*, unsigned short*)
 .text._ZN2bn11bgs_manager45fill_hblank_effect_pivot_horizontal_positionsEPvPKNS_7fixed_tILi12EEEPj
                0x0000000008006f64       0x24 bn_bgs_manager.o
                0x0000000008006f64                bn::bgs_manager::fill_hblank_effect_pivot_horizontal_positions(void*, bn::fixed_t<12> const*, unsigned int*)
 .text._ZN2bn11bgs_manager43fill_hblank_effect_pivot_vertical_positionsEPvPKNS_7fixed_tILi12EEEPj
                0x0000000008006f88       0x24 bn_bgs_manager.o
                0x0000000008006f88                bn::bgs_manager::fill_hblank_effect_pivot_vertical_positions(void*, bn::fixed_t<12> const*, unsigned int*)
 .text._ZN2bn11bgs_manager6commitEb
                0x0000000008006fac       0x58 bn_bgs_manager.o
                0x0000000008006fac                bn::bgs_manager::commit(bool)
 .text._ZN2bn11bgs_manager4stopEv
                0x0000000008007004       0x28 bn_bgs_manager.o
                0x0000000008007004                bn::bgs_manager::stop()
 .text._ZN3_bn6assert9show_argsIA17_ciEEvPKcS4_S4_iRKT_RKT0_
                0x000000000800702c       0x58 bn_bgs_manager.o
                0x000000000800702c                void _bn::assert::show_args<char [17], int>(char const*, char const*, char const*, int, char const (&) [17], int const&)
 .text._ZN3_bn6assert9show_argsIA30_cEEvPKcS4_S4_iRKT_
                0x0000000008007084       0x50 bn_bgs_manager.o
                0x0000000008007084                void _bn::assert::show_args<char [30]>(char const*, char const*, char const*, int, char const (&) [30])
 .text._ZN3_bn6assert9show_argsIJA60_ciA4_ciEEEvPKcS5_S5_iDpRKT_
                0x00000000080070d4       0x5c bn_bgs_manager.o
                0x00000000080070d4                void _bn::assert::show_args<char [60], int, char [4], int>(char const*, char const*, char const*, int, char const (&) [60], int const&, char const (&) [4], int const&)
 .text._ZN3_bn6assert9show_argsIJA59_ciA4_ciEEEvPKcS5_S5_iDpRKT_
                0x0000000008007130       0x5c bn_bgs_manager.o
                0x0000000008007130                void _bn::assert::show_args<char [59], int, char [4], int>(char const*, char const*, char const*, int, char const (&) [59], int const&, char const (&) [4], int const&)
 .text._ZN3_bn6assert9show_argsIJA57_ciA4_ciEEEvPKcS5_S5_iDpRKT_
                0x000000000800718c       0x5c bn_bgs_manager.o
                0x000000000800718c                void _bn::assert::show_args<char [57], int, char [4], int>(char const*, char const*, char const*, int, char const (&) [57], int const&, char const (&) [4], int const&)
 .text._ZN2bn11bgs_manager14update_camerasEv
                0x00000000080071e8      0x2b4 bn_bgs_manager.o
                0x00000000080071e8                bn::bgs_manager::update_cameras()
 .text._ZN3_bn6assert9show_argsIA27_cEEvPKcS4_S4_iRKT_
                0x000000000800749c       0x50 bn_bgs_manager.o
                0x000000000800749c                void _bn::assert::show_args<char [27]>(char const*, char const*, char const*, int, char const (&) [27])
 .text._ZN3_bn6assert9show_argsIA31_cEEvPKcS4_S4_iRKT_
                0x00000000080074ec       0x50 bn_bgs_manager.o
                0x00000000080074ec                void _bn::assert::show_args<char [31]>(char const*, char const*, char const*, int, char const (&) [31])
 .text._ZN2bn11bgs_manager15rebuild_handlesEv.part.0
                0x000000000800753c      0x19c bn_bgs_manager.o
 .text._ZN2bn11bgs_manager37fill_hblank_effect_regular_attributesEPvPKNS_21regular_bg_attributesEPt
                0x00000000080076d8      0x104 bn_bgs_manager.o
                0x00000000080076d8                bn::bgs_manager::fill_hblank_effect_regular_attributes(void*, bn::regular_bg_attributes const*, unsigned short*)
 .text._ZN2bn11bgs_manager6updateEv
                0x00000000080077dc      0x1d0 bn_bgs_manager.o
                0x00000000080077dc                bn::bgs_manager::update()
 .text._ZN2bn11bgs_manager15commit_big_mapsEv
                0x00000000080079ac      0x1d4 bn_bgs_manager.o
                0x00000000080079ac                bn::bgs_manager::commit_big_maps()
 .text._ZN2bn11bgs_manager36fill_hblank_effect_affine_attributesEPvPKNS_20affine_bg_attributesEPt
                0x0000000008007b80      0x108 bn_bgs_manager.o
                0x0000000008007b80                bn::bgs_manager::fill_hblank_effect_affine_attributes(void*, bn::affine_bg_attributes const*, unsigned short*)
 .text._ZN2bn11bgs_manager12_GLOBAL__N_19item_type18update_regular_mapEv
                0x0000000008007c88      0x238 bn_bgs_manager.o
 .text._ZN2bn18regular_bg_builder11release_mapEv
                0x0000000008007ec0       0x78 bn_bgs_manager.o
                0x0000000008007ec0                bn::regular_bg_builder::release_map()
 .text._ZN2bn11bgs_manager11regular_mapEPv
                0x0000000008007f38       0x34 bn_bgs_manager.o
                0x0000000008007f38                bn::bgs_manager::regular_map(void*)
 .text._ZN2bn11bgs_manager10affine_mapEPv
                0x0000000008007f6c       0x34 bn_bgs_manager.o
                0x0000000008007f6c                bn::bgs_manager::affine_map(void*)
 .text._ZN2bn14regular_bg_ptr11set_paletteERKNS_14bg_palette_ptrE
                0x0000000008007fa0       0x50 bn_bgs_manager.o
                0x0000000008007fa0                bn::regular_bg_ptr::set_palette(bn::bg_palette_ptr const&)
 .text._ZN2bn11bgs_manager12_GLOBAL__N_112_insert_itemERNS1_9item_typeE
                0x0000000008007ff0      0x100 bn_bgs_manager.o
 .text._ZN2bn11bgs_manager6createEONS_18regular_bg_builderE
                0x00000000080080f0      0x1f4 bn_bgs_manager.o
                0x00000000080080f0                bn::bgs_manager::create(bn::regular_bg_builder&&)
 .text._ZNK2bn15regular_bg_item9create_bgENS_7fixed_tILi12EEES2_
                0x00000000080082e4       0x74 bn_bgs_manager.o
                0x00000000080082e4                bn::regular_bg_item::create_bg(bn::fixed_t<12>, bn::fixed_t<12>) const
 .text.startup._GLOBAL__sub_I__ZN2bn3bgs16used_items_countEv
                0x0000000008008358       0x80 bn_bgs_manager.o
 .text.exit._GLOBAL__sub_D__ZN2bn3bgs16used_items_countEv
                0x00000000080083d8       0x14 bn_bgs_manager.o
 .text._ZN2bn10camera_ptrD2Ev
                0x00000000080083ec       0x38 bn_cameras_manager.o
                0x00000000080083ec                bn::camera_ptr::~camera_ptr()
                0x00000000080083ec                bn::camera_ptr::~camera_ptr()
 .text._ZNK2bn10camera_ptr8positionEv
                0x0000000008008424       0x14 bn_cameras_manager.o
                0x0000000008008424                bn::camera_ptr::position() const
 .text._ZN2bn15cameras_manager4initEv
                0x0000000008008438       0x10 bn_cameras_manager.o
                0x0000000008008438                bn::cameras_manager::init()
 .text._ZN2bn15cameras_manager6updateEv
                0x0000000008008448       0x28 bn_cameras_manager.o
                0x0000000008008448                bn::cameras_manager::update()
 .text._ZN2bn4core12_GLOBAL__N_14stopEb.constprop.0
                0x0000000008008470       0x54 bn_core.o
 .text._ZN2bn4core12_GLOBAL__N_111update_implEv
                0x00000000080084c4       0xcc bn_core.o
 .text._ZN2bn11string_viewC2EPKc
                0x0000000008008590       0x1c bn_core.o
                0x0000000008008590                bn::string_view::string_view(char const*)
                0x0000000008008590                bn::string_view::string_view(char const*)
 .text._ZN2bn4core6updateEv
                0x00000000080085ac       0x68 bn_core.o
                0x00000000080085ac                bn::core::update()
 .text._ZN2bn4core4initERKNS_11string_viewE
                0x0000000008008614       0x94 bn_core.o
                0x0000000008008614                bn::core::init(bn::string_view const&)
 .text._ZN2bn4core4initEv
                0x00000000080086a8       0x18 bn_core.o
                0x00000000080086a8                bn::core::init()
 .text._ZN2bn4core9on_vblankEv
                0x00000000080086c0       0x34 bn_core.o
                0x00000000080086c0                bn::core::on_vblank()
 .text._ZN3_bn6assert4showEPKcS2_S2_iRKN2bn12istring_baseE
                0x00000000080086f4       0x80 bn_core.o
                0x00000000080086f4                _bn::assert::show(char const*, char const*, char const*, int, bn::istring_base const&)
 .text.startup._GLOBAL__sub_I__ZN2bn4core4initEv
                0x0000000008008774       0x44 bn_core.o
 .text._ZN2bn15display_manager12_GLOBAL__N_134_update_rect_windows_hw_boundariesEi
                0x00000000080087b8       0x8c bn_display_manager.o
 .text._ZN2bn15display_manager4initEv
                0x0000000008008844       0x40 bn_display_manager.o
                0x0000000008008844                bn::display_manager::init()
 .text._ZN2bn15display_manager8set_modeEi
                0x0000000008008884       0x1c bn_display_manager.o
                0x0000000008008884                bn::display_manager::set_mode(int)
 .text._ZN2bn15display_manager14set_bg_enabledEib
                0x00000000080088a0       0x1c bn_display_manager.o
                0x00000000080088a0                bn::display_manager::set_bg_enabled(int, bool)
 .text._ZN2bn15display_manager15disable_all_bgsEv
                0x00000000080088bc       0x18 bn_display_manager.o
                0x00000000080088bc                bn::display_manager::disable_all_bgs()
 .text._ZN2bn15display_manager36fill_mosaic_hblank_effect_attributesEPKNS_17mosaic_attributesEPt
                0x00000000080088d4       0xb4 bn_display_manager.o
                0x00000000080088d4                bn::display_manager::fill_mosaic_hblank_effect_attributes(bn::mosaic_attributes const*, unsigned short*)
 .text._ZN2bn15display_manager23set_blending_bg_enabledEib
                0x0000000008008988       0x14 bn_display_manager.o
                0x0000000008008988                bn::display_manager::set_blending_bg_enabled(int, bool)
 .text._ZN2bn15display_manager32blending_transparency_top_weightEv
                0x000000000800899c       0x18 bn_display_manager.o
                0x000000000800899c                bn::display_manager::blending_transparency_top_weight()
 .text._ZN2bn15display_manager35blending_transparency_bottom_weightEv
                0x00000000080089b4       0x28 bn_display_manager.o
                0x00000000080089b4                bn::display_manager::blending_transparency_bottom_weight()
 .text._ZN2bn15display_manager51fill_blending_transparency_hblank_effect_attributesEPKNS_32blending_transparency_attributesEPt
                0x00000000080089dc       0x30 bn_display_manager.o
                0x00000000080089dc                bn::display_manager::fill_blending_transparency_hblank_effect_attributes(bn::blending_transparency_attributes const*, unsigned short*)
 .text._ZN2bn15display_manager21blending_fade_enabledEv
                0x0000000008008a0c       0x10 bn_display_manager.o
                0x0000000008008a0c                bn::display_manager::blending_fade_enabled()
 .text._ZN2bn15display_manager39fill_blending_fade_hblank_effect_alphasEPKNS_19blending_fade_alphaEPt
                0x0000000008008a1c       0x24 bn_display_manager.o
                0x0000000008008a1c                bn::display_manager::fill_blending_fade_hblank_effect_alphas(bn::blending_fade_alpha const*, unsigned short*)
 .text._ZN2bn15display_manager26update_windows_visible_bgsEv
                0x0000000008008a40       0x10 bn_display_manager.o
                0x0000000008008a40                bn::display_manager::update_windows_visible_bgs()
 .text._ZN2bn15display_manager36rect_window_hw_horizontal_boundariesEi
                0x0000000008008a50       0x14 bn_display_manager.o
                0x0000000008008a50                bn::display_manager::rect_window_hw_horizontal_boundaries(int)
 .text._ZN2bn15display_manager34rect_window_hw_vertical_boundariesEi
                0x0000000008008a64       0x14 bn_display_manager.o
                0x0000000008008a64                bn::display_manager::rect_window_hw_vertical_boundaries(int)
 .text._ZN2bn15display_manager52fill_rect_window_hblank_effect_horizontal_boundariesERKNS_4pairIiiEEPKNS1_INS_7fixed_tILi12EEES6_EEPt
                0x0000000008008a78      0x13c bn_display_manager.o
                0x0000000008008a78                bn::display_manager::fill_rect_window_hblank_effect_horizontal_boundaries(bn::pair<int, int> const&, bn::pair<bn::fixed_t<12>, bn::fixed_t<12> > const*, unsigned short*)
 .text._ZN2bn15display_manager50fill_rect_window_hblank_effect_vertical_boundariesERKNS_4pairIiiEEPKNS1_INS_7fixed_tILi12EEES6_EEPt
                0x0000000008008bb4      0x13c bn_display_manager.o
                0x0000000008008bb4                bn::display_manager::fill_rect_window_hblank_effect_vertical_boundaries(bn::pair<int, int> const&, bn::pair<bn::fixed_t<12>, bn::fixed_t<12> > const*, unsigned short*)
 .text._ZN2bn15display_manager36fill_green_swap_hblank_effect_statesEPKbPt
                0x0000000008008cf0       0x38 bn_display_manager.o
                0x0000000008008cf0                bn::display_manager::fill_green_swap_hblank_effect_states(bool const*, unsigned short*)
 .text._ZN2bn15display_manager14update_camerasEv
                0x0000000008008d28       0x40 bn_display_manager.o
                0x0000000008008d28                bn::display_manager::update_cameras()
 .text._ZN2bn15display_manager6updateEv
                0x0000000008008d68      0x214 bn_display_manager.o
                0x0000000008008d68                bn::display_manager::update()
 .text._ZN2bn15display_manager6commitEv
                0x0000000008008f7c      0x164 bn_display_manager.o
                0x0000000008008f7c                bn::display_manager::commit()
 .text._ZN2bn15display_manager4stopEv
                0x00000000080090e0       0x28 bn_display_manager.o
                0x00000000080090e0                bn::display_manager::stop()
 .text._ZN3_bn6assert9show_argsIA66_cEEvPKcS4_S4_iRKT_
                0x0000000008009108       0x50 bn_display_manager.o
                0x0000000008009108                void _bn::assert::show_args<char [66]>(char const*, char const*, char const*, int, char const (&) [66])
 .text.startup._GLOBAL__sub_I__ZNK2bn6window7show_bgERKNS_14regular_bg_ptrE
                0x0000000008009158       0x7c bn_display_manager.o
 .text.exit._GLOBAL__sub_D__ZNK2bn6window7show_bgERKNS_14regular_bg_ptrE
                0x00000000080091d4       0x38 bn_display_manager.o
 .text._ZN2bn18igeneric_pool_baseC2EPci
                0x000000000800920c       0x10 bn_generic_pool.o
                0x000000000800920c                bn::igeneric_pool_base::igeneric_pool_base(char*, int)
                0x000000000800920c                bn::igeneric_pool_base::igeneric_pool_base(char*, int)
 .text._ZN2bn18igeneric_pool_base5_freeEPc
                0x000000000800921c       0x10 bn_generic_pool.o
                0x000000000800921c                bn::igeneric_pool_base::_free(char*)
 .text._ZN3_bn6assert9show_argsIA18_cEEvPKcS4_S4_iRKT_
                0x000000000800922c       0x50 bn_generic_pool.o
                0x000000000800922c                void _bn::assert::show_args<char [18]>(char const*, char const*, char const*, int, char const (&) [18])
 .text._ZN2bn18igeneric_pool_baseD2Ev
                0x000000000800927c       0x30 bn_generic_pool.o
                0x000000000800927c                bn::igeneric_pool_base::~igeneric_pool_base()
                0x000000000800927c                bn::igeneric_pool_base::~igeneric_pool_base()
 .text._ZN2bn18igeneric_pool_base9_allocateEv
                0x00000000080092ac       0x48 bn_generic_pool.o
                0x00000000080092ac                bn::igeneric_pool_base::_allocate()
 .text._ZN2bn12gpio_manager6commitEv
                0x00000000080092f4       0x48 bn_gpio_manager.o
                0x00000000080092f4                bn::gpio_manager::commit()
 .text._ZN2bn12gpio_manager4stopEv
                0x000000000800933c       0x3c bn_gpio_manager.o
                0x000000000800933c                bn::gpio_manager::stop()
 .text._ZN2bn22hblank_effects_manager12_GLOBAL__N_19item_type18_output_values_ptrEv
                0x0000000008009378       0x40 bn_hblank_effects_manager.o
 .text._ZN2bn7type_idINS_4pairIiiEEEENS_9type_id_tEv
                0x00000000080093b8        0x8 bn_hblank_effects_manager.o
                0x00000000080093b8                bn::type_id_t bn::type_id<bn::pair<int, int> >()
 .text._ZN2bn7type_idINS_33regular_bg_attributes_hbe_handler15last_value_typeEEENS_9type_id_tEv
                0x00000000080093c0        0x8 bn_hblank_effects_manager.o
                0x00000000080093c0                bn::type_id_t bn::type_id<bn::regular_bg_attributes_hbe_handler::last_value_type>()
 .text._ZN2bn7type_idINS_32affine_bg_attributes_hbe_handler15last_value_typeEEENS_9type_id_tEv
                0x00000000080093c8        0x8 bn_hblank_effects_manager.o
                0x00000000080093c8                bn::type_id_t bn::type_id<bn::affine_bg_attributes_hbe_handler::last_value_type>()
 .text._ZN2bn7type_idIiEENS_9type_id_tEv
                0x00000000080093d0        0x8 bn_hblank_effects_manager.o
                0x00000000080093d0                bn::type_id_t bn::type_id<int>()
 .text._ZN2bn7type_idINS_47affine_bg_pivot_horizontal_position_hbe_handler15last_value_typeEEENS_9type_id_tEv
                0x00000000080093d8        0x8 bn_hblank_effects_manager.o
                0x00000000080093d8                bn::type_id_t bn::type_id<bn::affine_bg_pivot_horizontal_position_hbe_handler::last_value_type>()
 .text._ZN2bn7type_idINS_45affine_bg_pivot_vertical_position_hbe_handler15last_value_typeEEENS_9type_id_tEv
                0x00000000080093e0        0x8 bn_hblank_effects_manager.o
                0x00000000080093e0                bn::type_id_t bn::type_id<bn::affine_bg_pivot_vertical_position_hbe_handler::last_value_type>()
 .text._ZN2bn7type_idINS_35sprite_first_attributes_hbe_handler15last_value_typeEEENS_9type_id_tEv
                0x00000000080093e8        0x8 bn_hblank_effects_manager.o
                0x00000000080093e8                bn::type_id_t bn::type_id<bn::sprite_first_attributes_hbe_handler::last_value_type>()
 .text._ZN2bn7type_idINS_35sprite_second_attributes_last_valueEEENS_9type_id_tEv
                0x00000000080093f0        0x8 bn_hblank_effects_manager.o
                0x00000000080093f0                bn::type_id_t bn::type_id<bn::sprite_second_attributes_last_value>()
 .text._ZN2bn7type_idINS_17sprite_shape_sizeEEENS_9type_id_tEv
                0x00000000080093f8        0x8 bn_hblank_effects_manager.o
                0x00000000080093f8                bn::type_id_t bn::type_id<bn::sprite_shape_size>()
 .text._ZN2bn22hblank_effects_manager7disableEv
                0x0000000008009400       0x24 bn_hblank_effects_manager.o
                0x0000000008009400                bn::hblank_effects_manager::disable()
 .text._ZN2bn22hblank_effects_manager6commitEv
                0x0000000008009424       0x74 bn_hblank_effects_manager.o
                0x0000000008009424                bn::hblank_effects_manager::commit()
 .text._ZN2bn22hblank_effects_manager12_GLOBAL__N_110_is_uint32ENS0_12handler_typeE
                0x0000000008009498       0x64 bn_hblank_effects_manager.o
 .text._ZN2bn22hblank_effects_manager12_GLOBAL__N_19item_type12check_updateEv
                0x00000000080094fc     0x1b54 bn_hblank_effects_manager.o
 .text._ZN2bn22hblank_effects_manager6updateEv
                0x000000000800b050      0x1ec bn_hblank_effects_manager.o
                0x000000000800b050                bn::hblank_effects_manager::update()
 .text._ZN2bn22hblank_effects_manager4initEv
                0x000000000800b23c       0xd4 bn_hblank_effects_manager.o
                0x000000000800b23c                bn::hblank_effects_manager::init()
 .text._ZN3_bn6assert9show_argsIJA39_cPKN2bn5colorEA4_ciEEEvPKcS9_S9_iDpRKT_
                0x000000000800b310       0x64 bn_hblank_effects_manager.o
                0x000000000800b310                void _bn::assert::show_args<char [39], bn::color const*, char [4], int>(char const*, char const*, char const*, int, char const (&) [39], bn::color const* const&, char const (&) [4], int const&)
 .text.startup._GLOBAL__sub_I__ZN2bn4hbes10used_countEv
                0x000000000800b374       0xfc bn_hblank_effects_manager.o
 .text.exit._GLOBAL__sub_D__ZN2bn4hbes10used_countEv
                0x000000000800b470       0x40 bn_hblank_effects_manager.o
 .text._ZN2bn12hdma_manager7disableEv
                0x000000000800b4b0       0x30 bn_hdma_manager.o
                0x000000000800b4b0                bn::hdma_manager::disable()
 .text._ZN2bn12hdma_manager10force_stopEv
                0x000000000800b4e0       0x3c bn_hdma_manager.o
                0x000000000800b4e0                bn::hdma_manager::force_stop()
 .text._ZN2bn12hdma_manager6updateEv
                0x000000000800b51c       0x6c bn_hdma_manager.o
                0x000000000800b51c                bn::hdma_manager::update()
 .text._ZN2bn12hdma_manager6commitEb
                0x000000000800b588      0x118 bn_hdma_manager.o
                0x000000000800b588                bn::hdma_manager::commit(bool)
 .text.startup._GLOBAL__sub_I__ZN2bn4hdma7runningEv
                0x000000000800b6a0       0x34 bn_hdma_manager.o
 .text._ZN2bn6keypad9a_pressedEv
                0x000000000800b6d4       0x10 bn_keypad_manager.o
                0x000000000800b6d4                bn::keypad::a_pressed()
 .text._ZN2bn6keypad9b_pressedEv
                0x000000000800b6e4       0x10 bn_keypad_manager.o
                0x000000000800b6e4                bn::keypad::b_pressed()
 .text._ZN2bn6keypad14select_pressedEv
                0x000000000800b6f4       0x10 bn_keypad_manager.o
                0x000000000800b6f4                bn::keypad::select_pressed()
 .text._ZN2bn6keypad13start_pressedEv
                0x000000000800b704       0x10 bn_keypad_manager.o
                0x000000000800b704                bn::keypad::start_pressed()
 .text._ZN2bn6keypad13right_pressedEv
                0x000000000800b714       0x10 bn_keypad_manager.o
                0x000000000800b714                bn::keypad::right_pressed()
 .text._ZN2bn6keypad12left_pressedEv
                0x000000000800b724       0x10 bn_keypad_manager.o
                0x000000000800b724                bn::keypad::left_pressed()
 .text._ZN2bn6keypad7up_heldEv
                0x000000000800b734       0x10 bn_keypad_manager.o
                0x000000000800b734                bn::keypad::up_held()
 .text._ZN2bn6keypad10up_pressedEv
                0x000000000800b744       0x10 bn_keypad_manager.o
                0x000000000800b744                bn::keypad::up_pressed()
 .text._ZN2bn6keypad9down_heldEv
                0x000000000800b754       0x10 bn_keypad_manager.o
                0x000000000800b754                bn::keypad::down_held()
 .text._ZN2bn6keypad12down_pressedEv
                0x000000000800b764       0x10 bn_keypad_manager.o
                0x000000000800b764                bn::keypad::down_pressed()
 .text._ZN2bn14keypad_manager4stopEv
                0x000000000800b774        0x4 bn_keypad_manager.o
                0x000000000800b774                bn::keypad_manager::stop()
 .text._ZN2bn14keypad_manager6updateEv
                0x000000000800b778       0xa8 bn_keypad_manager.o
                0x000000000800b778                bn::keypad_manager::update()
 .text._ZN3_bn6assert9show_argsIA24_ciEEvPKcS4_S4_iRKT_RKT0_
                0x000000000800b820       0x58 bn_keypad_manager.o
                0x000000000800b820                void _bn::assert::show_args<char [24], int>(char const*, char const*, char const*, int, char const (&) [24], int const&)
 .text._ZN2bn14keypad_manager4initERKNS_11string_viewE
                0x000000000800b878       0x58 bn_keypad_manager.o
                0x000000000800b878                bn::keypad_manager::init(bn::string_view const&)
 .text._ZN3_bn6assert9show_argsIA16_cEEvPKcS4_S4_iRKT_
                0x000000000800b8d0       0x50 bn_keypad_manager.o
                0x000000000800b8d0                void _bn::assert::show_args<char [16]>(char const*, char const*, char const*, int, char const (&) [16])
 .text._ZN2bn12link_manager4initEv
                0x000000000800b920        0xc bn_link_manager.o
                0x000000000800b920                bn::link_manager::init()
 .text._ZN2bn12link_manager6activeEv
                0x000000000800b92c        0xc bn_link_manager.o
                0x000000000800b92c                bn::link_manager::active()
 .text._ZN2bn12link_manager7disableEv
                0x000000000800b938       0x18 bn_link_manager.o
                0x000000000800b938                bn::link_manager::disable()
 .text._ZN3_bn6assert9show_argsIA28_ciEEvPKcS4_S4_iRKT_RKT0_
                0x000000000800b950       0x58 bn_link_manager.o
                0x000000000800b950                void _bn::assert::show_args<char [28], int>(char const*, char const*, char const*, int, char const (&) [28], int const&)
 .text._ZN2bn3logERKNS_12istring_baseE
                0x000000000800b9a8        0xc bn_log.o
                0x000000000800b9a8                bn::log(bn::istring_base const&)
 .text._ZN2bn14memory_manager4initEv
                0x000000000800b9b4       0x20 bn_memory_manager.o
                0x000000000800b9b4                bn::memory_manager::init()
 .text.exit._GLOBAL__sub_D__Znwj
                0x000000000800b9d4       0x14 bn_memory_manager.o
 .text._ZN2bn2hw8palettes9grayscaleEPKNS_5colorEiiPS2_.part.0
                0x000000000800b9e8       0x40 bn_palettes_manager.o
 .text._ZN2bn14bg_palette_ptrC2ERKS0_
                0x000000000800ba28       0x2c bn_palettes_manager.o
                0x000000000800ba28                bn::bg_palette_ptr::bg_palette_ptr(bn::bg_palette_ptr const&)
                0x000000000800ba28                bn::bg_palette_ptr::bg_palette_ptr(bn::bg_palette_ptr const&)
 .text._ZNK2bn14bg_palette_ptr3bppEv
                0x000000000800ba54       0x20 bn_palettes_manager.o
                0x000000000800ba54                bn::bg_palette_ptr::bpp() const
 .text._ZN2bn18sprite_palette_ptrC2ERKS0_
                0x000000000800ba74       0x1c bn_palettes_manager.o
                0x000000000800ba74                bn::sprite_palette_ptr::sprite_palette_ptr(bn::sprite_palette_ptr const&)
                0x000000000800ba74                bn::sprite_palette_ptr::sprite_palette_ptr(bn::sprite_palette_ptr const&)
 .text._ZNK2bn18sprite_palette_ptr3bppEv
                0x000000000800ba90       0x1c bn_palettes_manager.o
                0x000000000800ba90                bn::sprite_palette_ptr::bpp() const
 .text._ZNK2bn13palettes_bank10log_statusEv
                0x000000000800baac      0x188 bn_palettes_manager.o
                0x000000000800baac                bn::palettes_bank::log_status() const
 .text._ZNK2bn13palettes_bank20retrieve_commit_dataEv
                0x000000000800bc34       0x4c bn_palettes_manager.o
                0x000000000800bc34                bn::palettes_bank::retrieve_commit_data() const
 .text._ZNK2bn13palettes_bank12_same_colorsERKNS_4spanIKNS_5colorEEEi
                0x000000000800bc80       0x50 bn_palettes_manager.o
                0x000000000800bc80                bn::palettes_bank::_same_colors(bn::span<bn::color const> const&, int) const
 .text._ZN2bn13palettes_bank10find_bpp_4ERKNS_4spanIKNS_5colorEEEt
                0x000000000800bcd0       0xdc bn_palettes_manager.o
                0x000000000800bcd0                bn::palettes_bank::find_bpp_4(bn::span<bn::color const> const&, unsigned short)
 .text._ZNK2bn13palettes_bank21_apply_global_effectsEiPNS_5colorE
                0x000000000800bdac      0x13c bn_palettes_manager.o
                0x000000000800bdac                bn::palettes_bank::_apply_global_effects(int, bn::color*) const
 .text._ZNK2bn13palettes_bank25fill_hblank_effect_colorsEPKNS_5colorEPt
                0x000000000800bee8       0x30 bn_palettes_manager.o
                0x000000000800bee8                bn::palettes_bank::fill_hblank_effect_colors(bn::color const*, unsigned short*) const
 .text._ZNK2bn13palettes_bank7palette13apply_effectsEiPNS_5colorE
                0x000000000800bf18       0xbc bn_palettes_manager.o
                0x000000000800bf18                bn::palettes_bank::palette::apply_effects(int, bn::color*) const
 .text._ZNK2bn13palettes_bank25fill_hblank_effect_colorsEiPKNS_5colorEPt
                0x000000000800bfd4       0x44 bn_palettes_manager.o
                0x000000000800bfd4                bn::palettes_bank::fill_hblank_effect_colors(int, bn::color const*, unsigned short*) const
 .text._ZN2bn13palettes_bank15_update_paletteEi
                0x000000000800c018       0x6c bn_palettes_manager.o
                0x000000000800c018                bn::palettes_bank::_update_palette(int)
 .text._ZN2bn13palettes_bank6updateEv
                0x000000000800c084      0x124 bn_palettes_manager.o
                0x000000000800c084                bn::palettes_bank::update()
 .text._ZN2bn13palettes_bankC2Ev
                0x000000000800c1a8       0xcc bn_palettes_manager.o
                0x000000000800c1a8                bn::palettes_bank::palettes_bank()
                0x000000000800c1a8                bn::palettes_bank::palettes_bank()
 .text._ZN2bn16palettes_manager20sprite_palettes_bankEv
                0x000000000800c274        0x8 bn_palettes_manager.o
                0x000000000800c274                bn::palettes_manager::sprite_palettes_bank()
 .text._ZN2bn16palettes_manager16bg_palettes_bankEv
                0x000000000800c27c        0x8 bn_palettes_manager.o
                0x000000000800c27c                bn::palettes_manager::bg_palettes_bank()
 .text._ZN2bn16palettes_manager6updateEv
                0x000000000800c284       0x20 bn_palettes_manager.o
                0x000000000800c284                bn::palettes_manager::update()
 .text._ZN2bn16palettes_manager6commitEb
                0x000000000800c2a4       0xf4 bn_palettes_manager.o
                0x000000000800c2a4                bn::palettes_manager::commit(bool)
 .text._ZN2bn16palettes_manager4stopEv
                0x000000000800c398       0x20 bn_palettes_manager.o
                0x000000000800c398                bn::palettes_manager::stop()
 .text._ZN3_bn6assert9show_argsIA35_cEEvPKcS4_S4_iRKT_
                0x000000000800c3b8       0x50 bn_palettes_manager.o
                0x000000000800c3b8                void _bn::assert::show_args<char [35]>(char const*, char const*, char const*, int, char const (&) [35])
 .text._ZN2bn13palettes_bank11colors_hashERKNS_4spanIKNS_5colorEEE
                0x000000000800c408       0x50 bn_palettes_manager.o
                0x000000000800c408                bn::palettes_bank::colors_hash(bn::span<bn::color const> const&)
 .text._ZN3_bn6assert9show_argsIJA43_ciA36_cA42_cEEEvPKcS6_S6_iDpRKT_
                0x000000000800c458       0x68 bn_palettes_manager.o
                0x000000000800c458                void _bn::assert::show_args<char [43], int, char [36], char [42]>(char const*, char const*, char const*, int, char const (&) [43], int const&, char const (&) [36], char const (&) [42])
 .text._ZN2bn13palettes_bank12create_bpp_8ERKNS_4spanIKNS_5colorEEENS_16compression_typeEb
                0x000000000800c4c0      0x22c bn_palettes_manager.o
                0x000000000800c4c0                bn::palettes_bank::create_bpp_8(bn::span<bn::color const> const&, bn::compression_type, bool)
 .text._ZNK2bn15bg_palette_item10decompressENS_4spanINS_5colorEEE
                0x000000000800c6ec      0x170 bn_palettes_manager.o
                0x000000000800c6ec                bn::bg_palette_item::decompress(bn::span<bn::color>) const
 .text._ZNK2bn19sprite_palette_item10decompressENS_4spanINS_5colorEEE
                0x000000000800c85c      0x170 bn_palettes_manager.o
                0x000000000800c85c                bn::sprite_palette_item::decompress(bn::span<bn::color>) const
 .text._ZN2bn13palettes_bank12create_bpp_4ERKNS_4spanIKNS_5colorEEEtb
                0x000000000800c9cc      0x2a0 bn_palettes_manager.o
                0x000000000800c9cc                bn::palettes_bank::create_bpp_4(bn::span<bn::color const> const&, unsigned short, bool)
 .text._ZN2bn12_GLOBAL__N_112_create_implERKNS_15bg_palette_itemEb
                0x000000000800cc6c       0x94 bn_palettes_manager.o
 .text._ZN2bn14bg_palette_ptr6createERKNS_15bg_palette_itemE
                0x000000000800cd00       0x54 bn_palettes_manager.o
                0x000000000800cd00                bn::bg_palette_ptr::create(bn::bg_palette_item const&)
 .text._ZNK2bn15bg_palette_item14create_paletteEv
                0x000000000800cd54       0x10 bn_palettes_manager.o
                0x000000000800cd54                bn::bg_palette_item::create_palette() const
 .text._ZN2bn12_GLOBAL__N_112_create_implERKNS_19sprite_palette_itemEb
                0x000000000800cd64       0x7c bn_palettes_manager.o
 .text._ZNK2bn19sprite_palette_item14create_paletteEv
                0x000000000800cde0       0x48 bn_palettes_manager.o
                0x000000000800cde0                bn::sprite_palette_item::create_palette() const
 .text._ZNK2bn19sprite_palette_item18create_new_paletteEv
                0x000000000800ce28       0x8c bn_palettes_manager.o
                0x000000000800ce28                bn::sprite_palette_item::create_new_palette() const
 .text._ZN2bn14iunordered_mapItsNS_13palettes_bank15identity_hasherENS_8equal_toItEEE5eraseERKNS5_14const_iteratorE.isra.0
                0x000000000800ceb4      0x174 bn_palettes_manager.o
 .text._ZN2bn13palettes_bank15decrease_usagesEi.part.0
                0x000000000800d028       0xdc bn_palettes_manager.o
 .text._ZN2bn14bg_palette_ptrD2Ev
                0x000000000800d104       0x3c bn_palettes_manager.o
                0x000000000800d104                bn::bg_palette_ptr::~bg_palette_ptr()
                0x000000000800d104                bn::bg_palette_ptr::~bg_palette_ptr()
 .text._ZN2bn18sprite_palette_ptrD2Ev
                0x000000000800d140       0x30 bn_palettes_manager.o
                0x000000000800d140                bn::sprite_palette_ptr::~sprite_palette_ptr()
                0x000000000800d140                bn::sprite_palette_ptr::~sprite_palette_ptr()
 .text._ZN2bn14bg_palette_ptraSERKS0_
                0x000000000800d170       0x5c bn_palettes_manager.o
                0x000000000800d170                bn::bg_palette_ptr::operator=(bn::bg_palette_ptr const&)
 .text._ZN2bn18sprite_palette_ptr4findERKNS_19sprite_palette_itemE
                0x000000000800d1cc      0x110 bn_palettes_manager.o
                0x000000000800d1cc                bn::sprite_palette_ptr::find(bn::sprite_palette_item const&)
 .text._ZNK2bn19sprite_palette_item12find_paletteEv
                0x000000000800d2dc       0x10 bn_palettes_manager.o
                0x000000000800d2dc                bn::sprite_palette_item::find_palette() const
 .text.startup._GLOBAL__sub_I__ZN2bn11bg_palettes17used_colors_countEv
                0x000000000800d2ec       0x20 bn_palettes_manager.o
 .text._ZN2bn26sprite_affine_mats_manager12_GLOBAL__N_119_sprite_double_sizeILi32ELi16EEEbiiiii
                0x000000000800d30c       0x84 bn_sprite_affine_mats_manager.o
 .text._ZN2bn26sprite_affine_mats_manager12_GLOBAL__N_119_sprite_double_sizeILi16ELi32EEEbiiiii
                0x000000000800d390       0x84 bn_sprite_affine_mats_manager.o
 .text._ZNK2bn21sprite_affine_mat_ptr15horizontal_flipEv
                0x000000000800d414       0x18 bn_sprite_affine_mats_manager.o
                0x000000000800d414                bn::sprite_affine_mat_ptr::horizontal_flip() const
 .text._ZNK2bn21sprite_affine_mat_ptr13vertical_flipEv
                0x000000000800d42c       0x18 bn_sprite_affine_mats_manager.o
                0x000000000800d42c                bn::sprite_affine_mat_ptr::vertical_flip() const
 .text._ZNK2bn21sprite_affine_mat_ptr16flipped_identityEv
                0x000000000800d444       0x14 bn_sprite_affine_mats_manager.o
                0x000000000800d444                bn::sprite_affine_mat_ptr::flipped_identity() const
 .text._ZN2bn26sprite_affine_mats_manager13attach_spriteEiRNS_24intrusive_list_node_typeE
                0x000000000800d458       0x2c bn_sprite_affine_mats_manager.o
                0x000000000800d458                bn::sprite_affine_mats_manager::attach_sprite(int, bn::intrusive_list_node_type&)
 .text._ZN2bn26sprite_affine_mats_manager18sprite_double_sizeEiRKNS_17sprite_shape_sizeE
                0x000000000800d484      0x1e4 bn_sprite_affine_mats_manager.o
                0x000000000800d484                bn::sprite_affine_mats_manager::sprite_double_size(int, bn::sprite_shape_size const&)
 .text._ZN2bn26sprite_affine_mats_manager20retrieve_commit_dataEv
                0x000000000800d668       0x38 bn_sprite_affine_mats_manager.o
                0x000000000800d668                bn::sprite_affine_mats_manager::retrieve_commit_data()
 .text._ZN3_bn6assert9show_argsIA37_cEEvPKcS4_S4_iRKT_
                0x000000000800d6a0       0x50 bn_sprite_affine_mats_manager.o
                0x000000000800d6a0                void _bn::assert::show_args<char [37]>(char const*, char const*, char const*, int, char const (&) [37])
 .text._ZN2bn26sprite_affine_mats_manager15decrease_usagesEi.part.0
                0x000000000800d6f0       0x68 bn_sprite_affine_mats_manager.o
 .text._ZN2bn21sprite_affine_mat_ptrD2Ev
                0x000000000800d758       0x34 bn_sprite_affine_mats_manager.o
                0x000000000800d758                bn::sprite_affine_mat_ptr::~sprite_affine_mat_ptr()
                0x000000000800d758                bn::sprite_affine_mat_ptr::~sprite_affine_mat_ptr()
 .text._ZN2bn26sprite_affine_mats_manager6updateEv
                0x000000000800d78c       0xa0 bn_sprite_affine_mats_manager.o
                0x000000000800d78c                bn::sprite_affine_mats_manager::update()
 .text._ZN2bn26sprite_affine_mats_manager4initEPv
                0x000000000800d82c       0x6c bn_sprite_affine_mats_manager.o
                0x000000000800d82c                bn::sprite_affine_mats_manager::init(void*)
 .text._ZN2bn26sprite_affine_mats_manager14dettach_spriteEiRNS_24intrusive_list_node_typeE
                0x000000000800d898       0x4c bn_sprite_affine_mats_manager.o
                0x000000000800d898                bn::sprite_affine_mats_manager::dettach_sprite(int, bn::intrusive_list_node_type&)
 .text.startup._GLOBAL__sub_I__ZN2bn18sprite_affine_mats10used_countEv
                0x000000000800d8e4       0x98 bn_sprite_affine_mats_manager.o
 .text.exit._GLOBAL__sub_D__ZN2bn18sprite_affine_mats10used_countEv
                0x000000000800d97c       0x3c bn_sprite_affine_mats_manager.o
 .text._ZN2bn13ostringstream11append_argsIiJA4_ciEEEvRKT_DpRKT0_.isra.0
                0x000000000800d9b8       0x24 bn_sprite_animate_actions.o
 .text._ZN3_bn6assert9show_argsIJA28_ciA4_ciEEEvPKcS5_S5_iDpRKT_
                0x000000000800d9dc       0x5c bn_sprite_animate_actions.o
                0x000000000800d9dc                void _bn::assert::show_args<char [28], int, char [4], int>(char const*, char const*, char const*, int, char const (&) [28], int const&, char const (&) [4], int const&)
 .text._ZN2bn21sprite_text_generator5_initEv
                0x000000000800da38      0x1a8 bn_sprite_text_generator.o
                0x000000000800da38                bn::sprite_text_generator::_init()
 .text._ZN2bn21sprite_text_generatorC2ERKNS_11sprite_fontE
                0x000000000800dbe0       0x2c bn_sprite_text_generator.o
                0x000000000800dbe0                bn::sprite_text_generator::sprite_text_generator(bn::sprite_font const&)
                0x000000000800dbe0                bn::sprite_text_generator::sprite_text_generator(bn::sprite_font const&)
 .text._ZN3_bn6assert9show_argsIA54_cEEvPKcS4_S4_iRKT_
                0x000000000800dc0c       0x50 bn_sprite_text_generator.o
                0x000000000800dc0c                void _bn::assert::show_args<char [54]>(char const*, char const*, char const*, int, char const (&) [54])
 .text._ZN3_bn6assert9show_argsIJA25_ciA4_ctEEEvPKcS5_S5_iDpRKT_
                0x000000000800dc5c       0x6c bn_sprite_text_generator.o
                0x000000000800dc5c                void _bn::assert::show_args<char [25], int, char [4], unsigned short>(char const*, char const*, char const*, int, char const (&) [25], int const&, char const (&) [4], unsigned short const&)
 .text._ZN2bn14utf8_characterC2ERKc
                0x000000000800dcc8      0x144 bn_sprite_text_generator.o
                0x000000000800dcc8                bn::utf8_character::utf8_character(char const&)
                0x000000000800dcc8                bn::utf8_character::utf8_character(char const&)
 .text._ZN2bn12_GLOBAL__N_115_graphics_indexEcRKNS_23utf8_characters_map_refEPKcRi.part.0
                0x000000000800de0c       0x8c bn_sprite_text_generator.o
 .text._ZN3_bn6assert9show_argsIJA20_ccA9_cN2bn11string_viewEA2_cEEEvPKcS8_S8_iDpRKT_
                0x000000000800de98       0x70 bn_sprite_text_generator.o
                0x000000000800de98                void _bn::assert::show_args<char [20], char, char [9], bn::string_view, char [2]>(char const*, char const*, char const*, int, char const (&) [20], char const&, char const (&) [9], bn::string_view const&, char const (&) [2])
 .text._ZNK2bn21sprite_text_generator5widthERKNS_11string_viewE
                0x000000000800df08      0x244 bn_sprite_text_generator.o
                0x000000000800df08                bn::sprite_text_generator::width(bn::string_view const&) const
 .text._ZN3_bn6assert9show_argsIA55_cEEvPKcS4_S4_iRKT_
                0x000000000800e14c       0x50 bn_sprite_text_generator.o
                0x000000000800e14c                void _bn::assert::show_args<char [55]>(char const*, char const*, char const*, int, char const (&) [55])
 .text._ZN2bn12_GLOBAL__N_120_build_sprite_assertILNS_11sprite_sizeE1EEEPNS_4tileERKNS_21sprite_text_generatorERKNS_18sprite_palette_ptrERKNS_11fixed_pointERNS_7ivectorINS_10sprite_ptrEEE
                0x000000000800e19c      0x1bc bn_sprite_text_generator.o
 .text._ZN2bn12_GLOBAL__N_120_build_sprite_assertILNS_11sprite_sizeE2EEEPNS_4tileERKNS_21sprite_text_generatorERKNS_18sprite_palette_ptrERKNS_11fixed_pointERNS_7ivectorINS_10sprite_ptrEEE
                0x000000000800e358      0x1bc bn_sprite_text_generator.o
 .text._ZN2bn12_GLOBAL__N_19_generateILb0EEEbRKNS_21sprite_text_generatorERKNS_11fixed_pointERKNS_11string_viewERKNS_23utf8_characters_map_refEiibRNS_7ivectorINS_10sprite_ptrEEE.isra.0
                0x000000000800e514     0x1144 bn_sprite_text_generator.o
 .text._ZNK2bn21sprite_text_generator8generateERKNS_11fixed_pointERKNS_11string_viewERNS_7ivectorINS_10sprite_ptrEEE
                0x000000000800f658       0x34 bn_sprite_text_generator.o
                0x000000000800f658                bn::sprite_text_generator::generate(bn::fixed_point const&, bn::string_view const&, bn::ivector<bn::sprite_ptr>&) const
 .text._ZNK2bn16sprite_tiles_ptr2idEv
                0x000000000800f68c       0x18 bn_sprite_tiles_manager.o
                0x000000000800f68c                bn::sprite_tiles_ptr::id() const
 .text._ZNK2bn16sprite_tiles_ptr11tiles_countEv
                0x000000000800f6a4       0x18 bn_sprite_tiles_manager.o
                0x000000000800f6a4                bn::sprite_tiles_ptr::tiles_count() const
 .text._ZN2bn20sprite_tiles_manager10log_statusEv
                0x000000000800f6bc      0x1ec bn_sprite_tiles_manager.o
                0x000000000800f6bc                bn::sprite_tiles_manager::log_status()
 .text._ZN2bn20sprite_tiles_manager19commit_uncompressedEb
                0x000000000800f8a8       0xdc bn_sprite_tiles_manager.o
                0x000000000800f8a8                bn::sprite_tiles_manager::commit_uncompressed(bool)
 .text._ZN2bn20sprite_tiles_manager17commit_compressedEv
                0x000000000800f984       0xe4 bn_sprite_tiles_manager.o
                0x000000000800f984                bn::sprite_tiles_manager::commit_compressed()
 .text._ZN3_bn6assert9show_argsIJA44_cPKN2bn4tileEA4_cS6_EEEvPKcS9_S9_iDpRKT_
                0x000000000800fa68       0x6c bn_sprite_tiles_manager.o
                0x000000000800fa68                void _bn::assert::show_args<char [44], bn::tile const*, char [4], bn::tile const*>(char const*, char const*, char const*, int, char const (&) [44], bn::tile const* const&, char const (&) [4], bn::tile const* const&)
 .text._ZN3_bn6assert9show_argsIJA46_ciA4_cjEEEvPKcS5_S5_iDpRKT_
                0x000000000800fad4       0x6c bn_sprite_tiles_manager.o
                0x000000000800fad4                void _bn::assert::show_args<char [46], int, char [4], unsigned int>(char const*, char const*, char const*, int, char const (&) [46], int const&, char const (&) [4], unsigned int const&)
 .text._ZN3_bn6assert9show_argsIJA28_cA15_cPKN2bn4tileEA16_ciA34_cNS4_11string_viewEEEEvPKcSC_SC_iDpRKT_
                0x000000000800fb40       0x84 bn_sprite_tiles_manager.o
                0x000000000800fb40                void _bn::assert::show_args<char [28], char [15], bn::tile const*, char [16], int, char [34], bn::string_view>(char const*, char const*, char const*, int, char const (&) [28], char const (&) [15], bn::tile const* const&, char const (&) [16], int const&, char const (&) [34], bn::string_view const&)
 .text._ZN3_bn6assert9show_argsIJA44_ciA34_cN2bn11string_viewEEEEvPKcS7_S7_iDpRKT_
                0x000000000800fbc4       0x68 bn_sprite_tiles_manager.o
                0x000000000800fbc4                void _bn::assert::show_args<char [44], int, char [34], bn::string_view>(char const*, char const*, char const*, int, char const (&) [44], int const&, char const (&) [34], bn::string_view const&)
 .text._ZN2bn20sprite_tiles_manager4initEv
                0x000000000800fc2c       0xf4 bn_sprite_tiles_manager.o
                0x000000000800fc2c                bn::sprite_tiles_manager::init()
 .text._ZN2bn20sprite_tiles_manager12_GLOBAL__N_122_insert_to_commit_itemEiRNS1_9item_typeE.part.0
                0x000000000800fd20       0x6c bn_sprite_tiles_manager.o
 .text._ZN2bn20sprite_tiles_manager12_GLOBAL__N_117_insert_free_itemEiPt
                0x000000000800fd8c       0xcc bn_sprite_tiles_manager.o
 .text._ZN2bn20sprite_tiles_manager12_GLOBAL__N_116_erase_free_itemEi
                0x000000000800fe58       0xe4 bn_sprite_tiles_manager.o
 .text._ZN2bn20sprite_tiles_manager12_GLOBAL__N_121_erase_to_commit_itemEiRNS1_9item_typeE
                0x000000000800ff3c      0x100 bn_sprite_tiles_manager.o
 .text._ZN2bn20sprite_tiles_manager15decrease_usagesEi
                0x000000000801003c      0x13c bn_sprite_tiles_manager.o
                0x000000000801003c                bn::sprite_tiles_manager::decrease_usages(int)
 .text._ZN2bn16sprite_tiles_ptrD2Ev
                0x0000000008010178       0x18 bn_sprite_tiles_manager.o
                0x0000000008010178                bn::sprite_tiles_ptr::~sprite_tiles_ptr()
                0x0000000008010178                bn::sprite_tiles_ptr::~sprite_tiles_ptr()
 .text._ZN2bn14iunordered_mapIPKNS_4tileEiNS_4hashIS3_EENS_8equal_toIS3_EEE5eraseERKNS8_14const_iteratorE.isra.0
                0x0000000008010190      0x17c bn_sprite_tiles_manager.o
 .text._ZN2bn20sprite_tiles_manager12_GLOBAL__N_112_create_itemEiPKNS_4tileENS_16compression_typeEib
                0x000000000801030c      0x2f0 bn_sprite_tiles_manager.o
 .text._ZN2bn20sprite_tiles_manager12_GLOBAL__N_114_allocate_implEi
                0x00000000080105fc       0xf8 bn_sprite_tiles_manager.o
 .text._ZN2bn20sprite_tiles_manager6updateEv
                0x00000000080106f4      0x238 bn_sprite_tiles_manager.o
                0x00000000080106f4                bn::sprite_tiles_manager::update()
 .text._ZN2bn20sprite_tiles_manager12_GLOBAL__N_112_create_implEPKNS_4tileENS_16compression_typeEi
                0x000000000801092c      0x1f8 bn_sprite_tiles_manager.o
 .text._ZN2bn20sprite_tiles_manager12_GLOBAL__N_110_find_implEPKNS_4tileENS_16compression_typeEi
                0x0000000008010b24      0x294 bn_sprite_tiles_manager.o
 .text._ZN2bn20sprite_tiles_manager6createERKNS_4spanIKNS_4tileEEENS_16compression_typeE
                0x0000000008010db8      0x144 bn_sprite_tiles_manager.o
                0x0000000008010db8                bn::sprite_tiles_manager::create(bn::span<bn::tile const> const&, bn::compression_type)
 .text._ZN2bn16sprite_tiles_ptr6createERKNS_17sprite_tiles_itemEi
                0x0000000008010efc       0xe4 bn_sprite_tiles_manager.o
                0x0000000008010efc                bn::sprite_tiles_ptr::create(bn::sprite_tiles_item const&, int)
 .text._ZNK2bn17sprite_tiles_item12create_tilesEv
                0x0000000008010fe0       0x94 bn_sprite_tiles_manager.o
                0x0000000008010fe0                bn::sprite_tiles_item::create_tiles() const
 .text._ZNK2bn17sprite_tiles_item12create_tilesEi
                0x0000000008011074       0xe4 bn_sprite_tiles_manager.o
                0x0000000008011074                bn::sprite_tiles_item::create_tiles(int) const
 .text._ZN2bn20sprite_tiles_manager8allocateEiNS_8bpp_modeE
                0x0000000008011158       0xc4 bn_sprite_tiles_manager.o
                0x0000000008011158                bn::sprite_tiles_manager::allocate(int, bn::bpp_mode)
 .text._ZN2bn16sprite_tiles_ptr8allocateEiNS_8bpp_modeE
                0x000000000801121c       0x18 bn_sprite_tiles_manager.o
                0x000000000801121c                bn::sprite_tiles_ptr::allocate(int, bn::bpp_mode)
 .text._ZN2bn20sprite_tiles_manager4vramEi
                0x0000000008011234       0x4c bn_sprite_tiles_manager.o
                0x0000000008011234                bn::sprite_tiles_manager::vram(int)
 .text._ZN2bn16sprite_tiles_ptr4vramEv
                0x0000000008011280       0x14 bn_sprite_tiles_manager.o
                0x0000000008011280                bn::sprite_tiles_ptr::vram()
 .text.startup._GLOBAL__sub_I__ZN2bn12sprite_tiles16used_tiles_countEv
                0x0000000008011294      0x11c bn_sprite_tiles_manager.o
 .text._ZN2bn15sprites_manager12_GLOBAL__N_125_update_indexes_to_commitERKNS_20sprites_manager_itemE
                0x00000000080113b0       0x48 bn_sprites_manager.o
 .text._ZN2bn13ostringstream11append_argsIiJA4_ciEEEvRKT_DpRKT0_.isra.0
                0x00000000080113f8       0x24 bn_sprites_manager.o
 .text._ZN2bn15sprites_manager12_GLOBAL__N_123_update_item_dimensionsERNS_20sprites_manager_itemE
                0x000000000801141c       0xcc bn_sprites_manager.o
 .text._ZN2bn10sprite_ptrC2ERKS0_
                0x00000000080114e8        0xc bn_sprites_manager.o
                0x00000000080114e8                bn::sprite_ptr::sprite_ptr(bn::sprite_ptr const&)
                0x00000000080114e8                bn::sprite_ptr::sprite_ptr(bn::sprite_ptr const&)
 .text._ZN2bn10sprite_ptr5set_xENS_7fixed_tILi12EEE
                0x00000000080114f4       0x48 bn_sprites_manager.o
                0x00000000080114f4                bn::sprite_ptr::set_x(bn::fixed_t<12>)
 .text._ZN2bn10sprite_ptr5set_yENS_7fixed_tILi12EEE
                0x000000000801153c       0x44 bn_sprites_manager.o
                0x000000000801153c                bn::sprite_ptr::set_y(bn::fixed_t<12>)
 .text._ZN2bn10sprite_ptr12set_positionENS_7fixed_tILi12EEES2_
                0x0000000008011580       0x6c bn_sprites_manager.o
                0x0000000008011580                bn::sprite_ptr::set_position(bn::fixed_t<12>, bn::fixed_t<12>)
 .text._ZN2bn15sprites_manager4initEv
                0x00000000080115ec       0x34 bn_sprites_manager.o
                0x00000000080115ec                bn::sprites_manager::init()
 .text._ZN2bn15sprites_manager5hw_idEPv
                0x0000000008011620        0x8 bn_sprites_manager.o
                0x0000000008011620                bn::sprites_manager::hw_id(void*)
 .text._ZN2bn15sprites_manager5shapeEPv
                0x0000000008011628        0x8 bn_sprites_manager.o
                0x0000000008011628                bn::sprites_manager::shape(void*)
 .text._ZN2bn15sprites_manager4sizeEPv
                0x0000000008011630        0x8 bn_sprites_manager.o
                0x0000000008011630                bn::sprites_manager::size(void*)
 .text._ZN2bn15sprites_manager10shape_sizeEPv
                0x0000000008011638       0x14 bn_sprites_manager.o
                0x0000000008011638                bn::sprites_manager::shape_size(void*)
 .text._ZN2bn15sprites_manager11hw_positionEPv
                0x000000000801164c        0x4 bn_sprites_manager.o
                0x000000000801164c                bn::sprites_manager::hw_position(void*)
 .text._ZN2bn15sprites_manager9view_modeEPv
                0x0000000008011650        0xc bn_sprites_manager.o
                0x0000000008011650                bn::sprites_manager::view_mode(void*)
 .text._ZN2bn15sprites_manager10affine_matEPv
                0x000000000801165c        0x4 bn_sprites_manager.o
                0x000000000801165c                bn::sprites_manager::affine_mat(void*)
 .text._ZN2bn15sprites_manager39fill_hblank_effect_horizontal_positionsEPviPKNS_7fixed_tILi12EEEPt
                0x0000000008011660       0x44 bn_sprites_manager.o
                0x0000000008011660                bn::sprites_manager::fill_hblank_effect_horizontal_positions(void*, int, bn::fixed_t<12> const*, unsigned short*)
 .text._ZN2bn15sprites_manager37fill_hblank_effect_vertical_positionsEPviPKNS_7fixed_tILi12EEEPt
                0x00000000080116a4       0x44 bn_sprites_manager.o
                0x00000000080116a4                bn::sprites_manager::fill_hblank_effect_vertical_positions(void*, int, bn::fixed_t<12> const*, unsigned short*)
 .text._ZN2bn15sprites_manager35fill_hblank_effect_first_attributesEiNS_12sprite_shapeENS_8bpp_modeEiPKNS_23sprite_first_attributesEPt
                0x00000000080116e8      0x108 bn_sprites_manager.o
                0x00000000080116e8                bn::sprites_manager::fill_hblank_effect_first_attributes(int, bn::sprite_shape, bn::bpp_mode, int, bn::sprite_first_attributes const*, unsigned short*)
 .text._ZN2bn15sprites_manager44fill_hblank_effect_regular_second_attributesEPviNS_11sprite_sizeEPKNS_32sprite_regular_second_attributesEPt
                0x00000000080117f0       0x60 bn_sprites_manager.o
                0x00000000080117f0                bn::sprites_manager::fill_hblank_effect_regular_second_attributes(void*, int, bn::sprite_size, bn::sprite_regular_second_attributes const*, unsigned short*)
 .text._ZN2bn15sprites_manager43fill_hblank_effect_affine_second_attributesEPviNS_11sprite_sizeEPKNS_31sprite_affine_second_attributesEPt
                0x0000000008011850       0x58 bn_sprites_manager.o
                0x0000000008011850                bn::sprites_manager::fill_hblank_effect_affine_second_attributes(void*, int, bn::sprite_size, bn::sprite_affine_second_attributes const*, unsigned short*)
 .text._ZN2bn15sprites_manager14update_camerasEv
                0x00000000080118a8       0x2c bn_sprites_manager.o
                0x00000000080118a8                bn::sprites_manager::update_cameras()
 .text._ZN2bn15sprites_manager6commitEb
                0x00000000080118d4       0xa4 bn_sprites_manager.o
                0x00000000080118d4                bn::sprites_manager::commit(bool)
 .text._ZNK2bn17sprite_shape_size11tiles_countENS_8bpp_modeE
                0x0000000008011978      0x150 bn_sprites_manager.o
                0x0000000008011978                bn::sprite_shape_size::tiles_count(bn::bpp_mode) const
 .text._ZN2bn15sprites_manager12_GLOBAL__N_118_remove_affine_matERNS_20sprites_manager_itemE
                0x0000000008011ac8       0xd4 bn_sprites_manager.o
 .text._ZN2bn15sprites_manager40remove_identity_affine_mat_if_not_neededEPv
                0x0000000008011b9c       0x18 bn_sprites_manager.o
                0x0000000008011b9c                bn::sprites_manager::remove_identity_affine_mat_if_not_needed(void*)
 .text._ZN2bn14sprite_builder15release_paletteEv
                0x0000000008011bb4       0x78 bn_sprites_manager.o
                0x0000000008011bb4                bn::sprite_builder::release_palette()
 .text._ZN2bn14sprite_builder13release_tilesEv
                0x0000000008011c2c       0x78 bn_sprites_manager.o
                0x0000000008011c2c                bn::sprite_builder::release_tiles()
 .text._ZN2bn15sprites_manager7paletteEPv
                0x0000000008011ca4       0x34 bn_sprites_manager.o
                0x0000000008011ca4                bn::sprites_manager::palette(void*)
 .text._ZN2bn20sprites_manager_item13_builder_initERKNS_14sprite_builderE
                0x0000000008011cd8      0x36c bn_sprites_manager.o
                0x0000000008011cd8                bn::sprites_manager_item::_builder_init(bn::sprite_builder const&)
 .text._ZN2bn14sprite_builder11set_z_orderEi
                0x0000000008012044       0x48 bn_sprites_manager.o
                0x0000000008012044                bn::sprite_builder::set_z_order(int)
 .text._ZN2bn14sprite_builderC2ERKNS_17sprite_shape_sizeENS_16sprite_tiles_ptrENS_18sprite_palette_ptrE
                0x000000000801208c      0x118 bn_sprites_manager.o
                0x000000000801208c                bn::sprite_builder::sprite_builder(bn::sprite_shape_size const&, bn::sprite_tiles_ptr, bn::sprite_palette_ptr)
                0x000000000801208c                bn::sprite_builder::sprite_builder(bn::sprite_shape_size const&, bn::sprite_tiles_ptr, bn::sprite_palette_ptr)
 .text._ZN2bn15sprites_manager9set_tilesEPvONS_16sprite_tiles_ptrE
                0x00000000080121a4      0x120 bn_sprites_manager.o
                0x00000000080121a4                bn::sprites_manager::set_tiles(void*, bn::sprite_tiles_ptr&&)
 .text._ZN2bn10sprite_ptr9set_tilesEONS_16sprite_tiles_ptrE
                0x00000000080122c4       0x10 bn_sprites_manager.o
                0x00000000080122c4                bn::sprite_ptr::set_tiles(bn::sprite_tiles_ptr&&)
 .text._ZN2bn14sprite_builder15set_bg_priorityEi
                0x00000000080122d4       0x38 bn_sprites_manager.o
                0x00000000080122d4                bn::sprite_builder::set_bg_priority(int)
 .text._ZN2bn15sprites_manager6updateEv
                0x000000000801230c      0x17c bn_sprites_manager.o
                0x000000000801230c                bn::sprites_manager::update()
 .text._ZN2bn15sprites_manager11set_paletteEPvNS_8bpp_modeEONS_18sprite_palette_ptrE
                0x0000000008012488       0xa4 bn_sprites_manager.o
                0x0000000008012488                bn::sprites_manager::set_palette(void*, bn::bpp_mode, bn::sprite_palette_ptr&&)
 .text._ZN2bn10sprite_ptr11set_paletteEONS_18sprite_palette_ptrE
                0x000000000801252c       0x4c bn_sprites_manager.o
                0x000000000801252c                bn::sprite_ptr::set_palette(bn::sprite_palette_ptr&&)
 .text._ZN2bn10sprite_ptr11set_paletteERKNS_19sprite_palette_itemE
                0x0000000008012578       0xdc bn_sprites_manager.o
                0x0000000008012578                bn::sprite_ptr::set_palette(bn::sprite_palette_item const&)
 .text._ZN3_bn6assert9show_argsIJA27_ciA4_ciEEEvPKcS5_S5_iDpRKT_
                0x0000000008012654       0x5c bn_sprites_manager.o
                0x0000000008012654                void _bn::assert::show_args<char [27], int, char [4], int>(char const*, char const*, char const*, int, char const (&) [27], int const&, char const (&) [4], int const&)
 .text._ZN2bn15sprites_manager35fill_hblank_effect_third_attributesENS_17sprite_shape_sizeEPKNS_23sprite_third_attributesEPt
                0x00000000080126b0       0xb4 bn_sprites_manager.o
                0x00000000080126b0                bn::sprites_manager::fill_hblank_effect_third_attributes(bn::sprite_shape_size, bn::sprite_third_attributes const*, unsigned short*)
 .text._ZN2bn14sorted_sprites6sorter6insertERNS_20sprites_manager_itemE
                0x0000000008012764      0x170 bn_sprites_manager.o
                0x0000000008012764                bn::sorted_sprites::sorter::insert(bn::sprites_manager_item&)
 .text._ZN2bn15sprites_manager6createEONS_14sprite_builderE
                0x00000000080128d4      0x180 bn_sprites_manager.o
                0x00000000080128d4                bn::sprites_manager::create(bn::sprite_builder&&)
 .text._ZN2bn10sprite_ptr6createEONS_14sprite_builderE
                0x0000000008012a54       0x14 bn_sprites_manager.o
                0x0000000008012a54                bn::sprite_ptr::create(bn::sprite_builder&&)
 .text._ZN2bn15sprites_manager6createERKNS_11fixed_pointERKNS_17sprite_shape_sizeEONS_16sprite_tiles_ptrEONS_18sprite_palette_ptrE
                0x0000000008012a68      0x1e4 bn_sprites_manager.o
                0x0000000008012a68                bn::sprites_manager::create(bn::fixed_point const&, bn::sprite_shape_size const&, bn::sprite_tiles_ptr&&, bn::sprite_palette_ptr&&)
 .text._ZNK2bn11sprite_item13create_spriteENS_7fixed_tILi12EEES2_
                0x0000000008012c4c       0x44 bn_sprites_manager.o
                0x0000000008012c4c                bn::sprite_item::create_sprite(bn::fixed_t<12>, bn::fixed_t<12>) const
 .text._ZN2bn15sprites_manager15set_bg_priorityEPvi
                0x0000000008012c90      0x148 bn_sprites_manager.o
                0x0000000008012c90                bn::sprites_manager::set_bg_priority(void*, int)
 .text._ZN2bn10sprite_ptr15set_bg_priorityEi
                0x0000000008012dd8       0x10 bn_sprites_manager.o
                0x0000000008012dd8                bn::sprite_ptr::set_bg_priority(int)
 .text._ZN2bn15sprites_manager15decrease_usagesEPv
                0x0000000008012de8      0x180 bn_sprites_manager.o
                0x0000000008012de8                bn::sprites_manager::decrease_usages(void*)
 .text._ZN2bn10sprite_ptraSERKS0_
                0x0000000008012f68       0x28 bn_sprites_manager.o
                0x0000000008012f68                bn::sprite_ptr::operator=(bn::sprite_ptr const&)
 .text._ZN2bn10sprite_ptrD2Ev
                0x0000000008012f90       0x18 bn_sprites_manager.o
                0x0000000008012f90                bn::sprite_ptr::~sprite_ptr()
                0x0000000008012f90                bn::sprite_ptr::~sprite_ptr()
 .text.startup._GLOBAL__sub_I__ZN2bn7sprites16used_items_countEv
                0x0000000008012fa8       0x9c bn_sprites_manager.o
 .text.exit._GLOBAL__sub_D__ZN2bn7sprites16used_items_countEv
                0x0000000008013044       0x4c bn_sprites_manager.o
 .text._ZN3_bn4sram11unsafe_readEPvii
                0x0000000008013090       0x18 bn_sram.o
                0x0000000008013090                _bn::sram::unsafe_read(void*, int, int)
 .text._ZN3_bn4sram12unsafe_writeEPKvii
                0x00000000080130a8       0x18 bn_sram.o
                0x00000000080130a8                _bn::sram::unsafe_write(void const*, int, int)
 .text._ZN2bn13ostringstreamC2ERNS_12istring_baseE
                0x00000000080130c0        0x8 bn_sstream.o
                0x00000000080130c0                bn::ostringstream::ostringstream(bn::istring_base&)
                0x00000000080130c0                bn::ostringstream::ostringstream(bn::istring_base&)
 .text._ZN2bn13ostringstream6appendEPKc
                0x00000000080130c8       0x88 bn_sstream.o
                0x00000000080130c8                bn::ostringstream::append(char const*)